<html>
<body>
<pre>
<h1>µVision Build Log</h1>
<h2>Project:</h2>
D:\1-Study\2-UAB\2-Doctorate\Infineon Contest\Program\STM32\HallSensor\Project\HallSensor.uvproj
Project File Date:  12/25/2022

<h2>Output:</h2>
Build target 'Target 1'
assembling startup_stm32f10x_md.s...
compiling misc.c...
compiling stm32f10x_adc.c...
compiling stm32f10x_bkp.c...
compiling stm32f10x_can.c...
compiling stm32f10x_cec.c...
compiling stm32f10x_crc.c...
compiling stm32f10x_dac.c...
compiling stm32f10x_dbgmcu.c...
compiling stm32f10x_dma.c...
compiling stm32f10x_exti.c...
compiling stm32f10x_flash.c...
compiling stm32f10x_fsmc.c...
compiling stm32f10x_gpio.c...
compiling stm32f10x_i2c.c...
compiling stm32f10x_iwdg.c...
compiling stm32f10x_pwr.c...
compiling stm32f10x_rcc.c...
compiling stm32f10x_rtc.c...
compiling stm32f10x_sdio.c...
".\HallSensor.axf" - 0 Errors, 0 Warning(s).
Project build/rebuild aborted.
Rebuild target 'Target 1'
assembling startup_stm32f10x_md.s...
compiling misc.c...
compiling stm32f10x_adc.c...
compiling stm32f10x_bkp.c...
compiling stm32f10x_can.c...
compiling stm32f10x_cec.c...
compiling stm32f10x_crc.c...
compiling stm32f10x_dac.c...
compiling stm32f10x_dbgmcu.c...
compiling stm32f10x_dma.c...
compiling stm32f10x_exti.c...
compiling stm32f10x_flash.c...
compiling stm32f10x_fsmc.c...
compiling stm32f10x_gpio.c...
compiling stm32f10x_i2c.c...
compiling stm32f10x_iwdg.c...
compiling stm32f10x_pwr.c...
compiling stm32f10x_rcc.c...
compiling stm32f10x_rtc.c...
compiling stm32f10x_sdio.c...
compiling stm32f10x_spi.c...
compiling stm32f10x_tim.c...
compiling stm32f10x_usart.c...
compiling stm32f10x_wwdg.c...
compiling core_cm3.c...
compiling system_stm32f10x.c...
compiling main.c...
compiling delay.c...
compiling stm32f10x_it.c...
compiling USART.C...
compiling timer.c...
..\User\timer.c(11): warning:  #550-D: variable "TIM_TimeBaseInitStructure" was set but never used
..\User\timer.c(12): warning:  #177-D: variable "TIM_OCInitStructure" was declared but never referenced
compiling FOC.c...
compiling BLDC.c...
compiling UTILS.c...
compiling HALL.c...
linking...
.\HallSensor.axf: Error: L6218E: Undefined symbol main (referred from rtentry2.o).
".\HallSensor.axf" - 1 Errors, 2 Warning(s).
Target not created
Rebuild target 'Target 1'
assembling startup_stm32f10x_md.s...
compiling misc.c...
compiling stm32f10x_adc.c...
compiling stm32f10x_bkp.c...
compiling stm32f10x_can.c...
compiling stm32f10x_cec.c...
compiling stm32f10x_crc.c...
compiling stm32f10x_dac.c...
compiling stm32f10x_dbgmcu.c...
compiling stm32f10x_dma.c...
compiling stm32f10x_exti.c...
compiling stm32f10x_flash.c...
compiling stm32f10x_fsmc.c...
compiling stm32f10x_gpio.c...
compiling stm32f10x_i2c.c...
compiling stm32f10x_iwdg.c...
compiling stm32f10x_pwr.c...
compiling stm32f10x_rcc.c...
compiling stm32f10x_rtc.c...
compiling stm32f10x_sdio.c...
compiling stm32f10x_spi.c...
compiling stm32f10x_tim.c...
compiling stm32f10x_usart.c...
compiling stm32f10x_wwdg.c...
compiling core_cm3.c...
compiling system_stm32f10x.c...
compiling main.c...
compiling delay.c...
compiling stm32f10x_it.c...
compiling USART.C...
compiling timer.c...
..\User\timer.c(11): warning:  #550-D: variable "TIM_TimeBaseInitStructure" was set but never used
..\User\timer.c(12): warning:  #177-D: variable "TIM_OCInitStructure" was declared but never referenced
compiling FOC.c...
compiling BLDC.c...
compiling UTILS.c...
compiling HALL.c...
linking...
.\HallSensor.axf: Error: L6218E: Undefined symbol main (referred from rtentry2.o).
".\HallSensor.axf" - 1 Errors, 2 Warning(s).
Target not created
Rebuild target 'Target 1'
assembling startup_stm32f10x_md.s...
compiling misc.c...
compiling stm32f10x_adc.c...
compiling stm32f10x_bkp.c...
compiling stm32f10x_can.c...
compiling stm32f10x_cec.c...
compiling stm32f10x_crc.c...
compiling stm32f10x_dac.c...
compiling stm32f10x_dbgmcu.c...
compiling stm32f10x_dma.c...
compiling stm32f10x_exti.c...
compiling stm32f10x_flash.c...
compiling stm32f10x_fsmc.c...
compiling stm32f10x_gpio.c...
compiling stm32f10x_i2c.c...
compiling stm32f10x_iwdg.c...
compiling stm32f10x_pwr.c...
compiling stm32f10x_rcc.c...
compiling stm32f10x_rtc.c...
compiling stm32f10x_sdio.c...
compiling stm32f10x_spi.c...
compiling stm32f10x_tim.c...
compiling stm32f10x_usart.c...
compiling stm32f10x_wwdg.c...
compiling core_cm3.c...
compiling system_stm32f10x.c...
compiling main.c...
compiling delay.c...
compiling stm32f10x_it.c...
compiling USART.C...
compiling timer.c...
..\User\timer.c(11): warning:  #550-D: variable "TIM_TimeBaseInitStructure" was set but never used
..\User\timer.c(12): warning:  #177-D: variable "TIM_OCInitStructure" was declared but never referenced
compiling FOC.c...
compiling BLDC.c...
compiling UTILS.c...
compiling HALL.c...
linking...
.\HallSensor.axf: Error: L6218E: Undefined symbol main (referred from rtentry2.o).
".\HallSensor.axf" - 1 Errors, 2 Warning(s).
Target not created
Rebuild target 'Target 1'
assembling startup_stm32f10x_md.s...
compiling misc.c...
compiling stm32f10x_adc.c...
compiling stm32f10x_bkp.c...
compiling stm32f10x_can.c...
compiling stm32f10x_cec.c...
compiling stm32f10x_crc.c...
compiling stm32f10x_dac.c...
compiling stm32f10x_dbgmcu.c...
compiling stm32f10x_dma.c...
compiling stm32f10x_exti.c...
compiling stm32f10x_flash.c...
compiling stm32f10x_fsmc.c...
compiling stm32f10x_gpio.c...
compiling stm32f10x_i2c.c...
compiling stm32f10x_iwdg.c...
compiling stm32f10x_pwr.c...
compiling stm32f10x_rcc.c...
compiling stm32f10x_rtc.c...
compiling stm32f10x_sdio.c...
compiling stm32f10x_spi.c...
compiling stm32f10x_tim.c...
compiling stm32f10x_usart.c...
compiling stm32f10x_wwdg.c...
compiling core_cm3.c...
compiling system_stm32f10x.c...
compiling main.c...
compiling delay.c...
compiling stm32f10x_it.c...
compiling USART.C...
compiling timer.c...
..\User\timer.c(11): warning:  #550-D: variable "TIM_TimeBaseInitStructure" was set but never used
..\User\timer.c(12): warning:  #177-D: variable "TIM_OCInitStructure" was declared but never referenced
compiling FOC.c...
compiling BLDC.c...
compiling UTILS.c...
compiling HALL.c...
linking...
.\HallSensor.axf: Error: L6218E: Undefined symbol main (referred from rtentry2.o).
".\HallSensor.axf" - 1 Errors, 2 Warning(s).
Target not created
Rebuild target 'Target 1'
assembling startup_stm32f10x_md.s...
compiling misc.c...
compiling stm32f10x_adc.c...
compiling stm32f10x_bkp.c...
compiling stm32f10x_can.c...
compiling stm32f10x_cec.c...
compiling stm32f10x_crc.c...
compiling stm32f10x_dac.c...
compiling stm32f10x_dbgmcu.c...
compiling stm32f10x_dma.c...
compiling stm32f10x_exti.c...
compiling stm32f10x_flash.c...
compiling stm32f10x_fsmc.c...
compiling stm32f10x_gpio.c...
compiling stm32f10x_i2c.c...
compiling stm32f10x_iwdg.c...
compiling stm32f10x_pwr.c...
compiling stm32f10x_rcc.c...
compiling stm32f10x_rtc.c...
compiling stm32f10x_sdio.c...
compiling stm32f10x_spi.c...
compiling stm32f10x_tim.c...
compiling stm32f10x_usart.c...
compiling stm32f10x_wwdg.c...
compiling core_cm3.c...
compiling system_stm32f10x.c...
compiling main.c...
..\User\main.c(1): warning:  #1-D: last line of file ends without a newline
compiling delay.c...
compiling stm32f10x_it.c...
compiling USART.C...
compiling timer.c...
..\User\timer.c(11): warning:  #550-D: variable "TIM_TimeBaseInitStructure" was set but never used
..\User\timer.c(12): warning:  #177-D: variable "TIM_OCInitStructure" was declared but never referenced
compiling FOC.c...
compiling BLDC.c...
compiling UTILS.c...
compiling HALL.c...
linking...
.\HallSensor.axf: Error: L6218E: Undefined symbol main (referred from rtentry2.o).
".\HallSensor.axf" - 1 Errors, 3 Warning(s).
Target not created
Rebuild target 'Target 1'
assembling startup_stm32f10x_md.s...
compiling misc.c...
compiling stm32f10x_adc.c...
compiling stm32f10x_bkp.c...
compiling stm32f10x_can.c...
compiling stm32f10x_cec.c...
compiling stm32f10x_crc.c...
compiling stm32f10x_dac.c...
compiling stm32f10x_dbgmcu.c...
compiling stm32f10x_dma.c...
compiling stm32f10x_exti.c...
compiling stm32f10x_flash.c...
compiling stm32f10x_fsmc.c...
compiling stm32f10x_gpio.c...
compiling stm32f10x_i2c.c...
compiling stm32f10x_iwdg.c...
compiling stm32f10x_pwr.c...
compiling stm32f10x_rcc.c...
compiling stm32f10x_rtc.c...
compiling stm32f10x_sdio.c...
compiling stm32f10x_spi.c...
compiling stm32f10x_tim.c...
compiling stm32f10x_usart.c...
compiling stm32f10x_wwdg.c...
compiling core_cm3.c...
compiling system_stm32f10x.c...
compiling main.c...
..\User\main.c(7): warning:  #1-D: last line of file ends without a newline
compiling delay.c...
compiling stm32f10x_it.c...
compiling USART.C...
compiling timer.c...
..\User\timer.c(11): warning:  #550-D: variable "TIM_TimeBaseInitStructure" was set but never used
..\User\timer.c(12): warning:  #177-D: variable "TIM_OCInitStructure" was declared but never referenced
compiling FOC.c...
compiling BLDC.c...
compiling UTILS.c...
compiling HALL.c...
linking...
Program Size: Code=844 RO-data=268 RW-data=20 ZI-data=1636  
".\HallSensor.axf" - 0 Errors, 3 Warning(s).
Rebuild target 'Target 1'
assembling startup_stm32f10x_md.s...
compiling misc.c...
compiling stm32f10x_adc.c...
compiling stm32f10x_bkp.c...
compiling stm32f10x_can.c...
compiling stm32f10x_cec.c...
compiling stm32f10x_crc.c...
compiling stm32f10x_dac.c...
compiling stm32f10x_dbgmcu.c...
compiling stm32f10x_dma.c...
compiling stm32f10x_exti.c...
compiling stm32f10x_flash.c...
compiling stm32f10x_fsmc.c...
compiling stm32f10x_gpio.c...
compiling stm32f10x_i2c.c...
compiling stm32f10x_iwdg.c...
compiling stm32f10x_pwr.c...
compiling stm32f10x_rcc.c...
compiling stm32f10x_rtc.c...
compiling stm32f10x_sdio.c...
compiling stm32f10x_spi.c...
compiling stm32f10x_tim.c...
compiling stm32f10x_usart.c...
compiling stm32f10x_wwdg.c...
compiling core_cm3.c...
compiling system_stm32f10x.c...
compiling main.c...
..\Simple_FOC\foc.h(135): warning:  #1-D: last line of file ends without a newline
..\Simple_FOC\bldc.h(18): warning:  #1-D: last line of file ends without a newline
..\User\main.c(37): warning:  #1-D: last line of file ends without a newline
compiling delay.c...
compiling stm32f10x_it.c...
compiling timer.c...
compiling usart.c...
compiling bldc.c...
..\Simple_FOC\foc.h(135): warning:  #1-D: last line of file ends without a newline
..\Simple_FOC\bldc.h(18): warning:  #1-D: last line of file ends without a newline
compiling foc.c...
..\Simple_FOC\foc.h(135): warning:  #1-D: last line of file ends without a newline
compiling utils.c...
linking...
.\HallSensor.axf: Error: L6200E: Symbol target multiply defined (by foc.o and usart.o).
".\HallSensor.axf" - 1 Errors, 6 Warning(s).
Target not created
Rebuild target 'Target 1'
assembling startup_stm32f10x_md.s...
compiling misc.c...
compiling stm32f10x_adc.c...
compiling stm32f10x_bkp.c...
compiling stm32f10x_can.c...
compiling stm32f10x_cec.c...
compiling stm32f10x_crc.c...
compiling stm32f10x_dac.c...
compiling stm32f10x_dbgmcu.c...
compiling stm32f10x_dma.c...
compiling stm32f10x_exti.c...
compiling stm32f10x_flash.c...
compiling stm32f10x_fsmc.c...
compiling stm32f10x_gpio.c...
compiling stm32f10x_i2c.c...
compiling stm32f10x_iwdg.c...
compiling stm32f10x_pwr.c...
compiling stm32f10x_rcc.c...
compiling stm32f10x_rtc.c...
compiling stm32f10x_sdio.c...
compiling stm32f10x_spi.c...
compiling stm32f10x_tim.c...
compiling stm32f10x_usart.c...
compiling stm32f10x_wwdg.c...
compiling core_cm3.c...
compiling system_stm32f10x.c...
compiling main.c...
compiling delay.c...
compiling stm32f10x_it.c...
compiling timer.c...
compiling usart.c...
compiling bldc.c...
compiling foc.c...
compiling utils.c...
linking...
.\HallSensor.axf: Error: L6200E: Symbol target multiply defined (by foc.o and usart.o).
".\HallSensor.axf" - 1 Errors, 0 Warning(s).
Target not created
Rebuild target 'Target 1'
assembling startup_stm32f10x_md.s...
compiling misc.c...
compiling stm32f10x_adc.c...
compiling stm32f10x_bkp.c...
compiling stm32f10x_can.c...
compiling stm32f10x_cec.c...
compiling stm32f10x_crc.c...
compiling stm32f10x_dac.c...
compiling stm32f10x_dbgmcu.c...
compiling stm32f10x_dma.c...
compiling stm32f10x_exti.c...
compiling stm32f10x_flash.c...
compiling stm32f10x_fsmc.c...
compiling stm32f10x_gpio.c...
compiling stm32f10x_i2c.c...
compiling stm32f10x_iwdg.c...
compiling stm32f10x_pwr.c...
compiling stm32f10x_rcc.c...
compiling stm32f10x_rtc.c...
compiling stm32f10x_sdio.c...
compiling stm32f10x_spi.c...
compiling stm32f10x_tim.c...
compiling stm32f10x_usart.c...
compiling stm32f10x_wwdg.c...
compiling core_cm3.c...
compiling system_stm32f10x.c...
compiling main.c...
compiling delay.c...
compiling stm32f10x_it.c...
compiling timer.c...
compiling usart.c...
compiling bldc.c...
compiling foc.c...
compiling utils.c...
linking...
.\HallSensor.axf: Error: L6200E: Symbol target multiply defined (by foc.o and usart.o).
".\HallSensor.axf" - 1 Errors, 0 Warning(s).
Target not created
Rebuild target 'Target 1'
assembling startup_stm32f10x_md.s...
compiling misc.c...
compiling stm32f10x_adc.c...
compiling stm32f10x_bkp.c...
compiling stm32f10x_can.c...
compiling stm32f10x_cec.c...
compiling stm32f10x_crc.c...
compiling stm32f10x_dac.c...
compiling stm32f10x_dbgmcu.c...
compiling stm32f10x_dma.c...
compiling stm32f10x_exti.c...
compiling stm32f10x_flash.c...
compiling stm32f10x_fsmc.c...
compiling stm32f10x_gpio.c...
compiling stm32f10x_i2c.c...
compiling stm32f10x_iwdg.c...
compiling stm32f10x_pwr.c...
compiling stm32f10x_rcc.c...
compiling stm32f10x_rtc.c...
compiling stm32f10x_sdio.c...
compiling stm32f10x_spi.c...
compiling stm32f10x_tim.c...
compiling stm32f10x_usart.c...
compiling stm32f10x_wwdg.c...
compiling core_cm3.c...
compiling system_stm32f10x.c...
compiling main.c...
compiling delay.c...
compiling stm32f10x_it.c...
compiling timer.c...
compiling usart.c...
..\User\usart.c(141): error:  #20: identifier "target" is undefined
compiling bldc.c...
compiling foc.c...
compiling utils.c...
".\HallSensor.axf" - 1 Errors, 0 Warning(s).
Target not created
Rebuild target 'Target 1'
assembling startup_stm32f10x_md.s...
compiling misc.c...
compiling stm32f10x_adc.c...
compiling stm32f10x_bkp.c...
compiling stm32f10x_can.c...
compiling stm32f10x_cec.c...
compiling stm32f10x_crc.c...
compiling stm32f10x_dac.c...
compiling stm32f10x_dbgmcu.c...
compiling stm32f10x_dma.c...
compiling stm32f10x_exti.c...
compiling stm32f10x_flash.c...
compiling stm32f10x_fsmc.c...
compiling stm32f10x_gpio.c...
compiling stm32f10x_i2c.c...
compiling stm32f10x_iwdg.c...
compiling stm32f10x_pwr.c...
compiling stm32f10x_rcc.c...
compiling stm32f10x_rtc.c...
compiling stm32f10x_sdio.c...
compiling stm32f10x_spi.c...
compiling stm32f10x_tim.c...
compiling stm32f10x_usart.c...
compiling stm32f10x_wwdg.c...
compiling core_cm3.c...
compiling system_stm32f10x.c...
compiling main.c...
compiling delay.c...
compiling stm32f10x_it.c...
compiling timer.c...
compiling usart.c...
compiling bldc.c...
compiling foc.c...
compiling utils.c...
linking...
Program Size: Code=24976 RO-data=1688 RW-data=140 ZI-data=1892  
".\HallSensor.axf" - 0 Errors, 0 Warning(s).
Load "D:\\1-Study\\2-UAB\\2-Doctorate\\Infineon Contest\\Program\\STM32\\HallSensor\\Project\\HallSensor.axf" 
Erase Done.
Programming Done.
Verify OK.
Load "D:\\1-Study\\2-UAB\\2-Doctorate\\Infineon Contest\\Program\\STM32\\HallSensor\\Project\\HallSensor.axf" 
Erase Done.
Programming Done.
Verify OK.
Rebuild target 'Target 1'
assembling startup_stm32f10x_md.s...
compiling misc.c...
compiling stm32f10x_adc.c...
compiling stm32f10x_bkp.c...
compiling stm32f10x_can.c...
compiling stm32f10x_cec.c...
compiling stm32f10x_crc.c...
compiling stm32f10x_dac.c...
compiling stm32f10x_dbgmcu.c...
compiling stm32f10x_dma.c...
compiling stm32f10x_exti.c...
compiling stm32f10x_flash.c...
compiling stm32f10x_fsmc.c...
compiling stm32f10x_gpio.c...
compiling stm32f10x_i2c.c...
compiling stm32f10x_iwdg.c...
compiling stm32f10x_pwr.c...
compiling stm32f10x_rcc.c...
compiling stm32f10x_rtc.c...
compiling stm32f10x_sdio.c...
compiling stm32f10x_spi.c...
compiling stm32f10x_tim.c...
compiling stm32f10x_usart.c...
compiling stm32f10x_wwdg.c...
compiling core_cm3.c...
compiling system_stm32f10x.c...
compiling main.c...
compiling delay.c...
compiling stm32f10x_it.c...
compiling timer.c...
compiling usart.c...
compiling bldc.c...
compiling foc.c...
compiling utils.c...
linking...
Program Size: Code=24956 RO-data=1684 RW-data=140 ZI-data=1892  
".\HallSensor.axf" - 0 Errors, 0 Warning(s).
Load "D:\\1-Study\\2-UAB\\2-Doctorate\\Infineon Contest\\Program\\STM32\\HallSensor\\Project\\HallSensor.axf" 
Erase Done.
Programming Done.
Verify OK.
Rebuild target 'Target 1'
assembling startup_stm32f10x_md.s...
compiling misc.c...
compiling stm32f10x_adc.c...
compiling stm32f10x_bkp.c...
compiling stm32f10x_can.c...
compiling stm32f10x_cec.c...
compiling stm32f10x_crc.c...
compiling stm32f10x_dac.c...
compiling stm32f10x_dbgmcu.c...
compiling stm32f10x_dma.c...
compiling stm32f10x_exti.c...
compiling stm32f10x_flash.c...
compiling stm32f10x_fsmc.c...
compiling stm32f10x_gpio.c...
compiling stm32f10x_i2c.c...
compiling stm32f10x_iwdg.c...
compiling stm32f10x_pwr.c...
compiling stm32f10x_rcc.c...
compiling stm32f10x_rtc.c...
compiling stm32f10x_sdio.c...
compiling stm32f10x_spi.c...
compiling stm32f10x_tim.c...
compiling stm32f10x_usart.c...
compiling stm32f10x_wwdg.c...
compiling core_cm3.c...
compiling system_stm32f10x.c...
compiling main.c...
compiling delay.c...
compiling stm32f10x_it.c...
compiling timer.c...
compiling usart.c...
compiling bldc.c...
compiling foc.c...
compiling utils.c...
linking...
Program Size: Code=24968 RO-data=1688 RW-data=140 ZI-data=1892  
".\HallSensor.axf" - 0 Errors, 0 Warning(s).
Load "D:\\1-Study\\2-UAB\\2-Doctorate\\Infineon Contest\\Program\\STM32\\HallSensor\\Project\\HallSensor.axf" 
Erase Done.
Programming Done.
Verify OK.
Rebuild target 'Target 1'
assembling startup_stm32f10x_md.s...
compiling misc.c...
compiling stm32f10x_adc.c...
compiling stm32f10x_bkp.c...
compiling stm32f10x_can.c...
compiling stm32f10x_cec.c...
compiling stm32f10x_crc.c...
compiling stm32f10x_dac.c...
compiling stm32f10x_dbgmcu.c...
compiling stm32f10x_dma.c...
compiling stm32f10x_exti.c...
compiling stm32f10x_flash.c...
compiling stm32f10x_fsmc.c...
compiling stm32f10x_gpio.c...
compiling stm32f10x_i2c.c...
compiling stm32f10x_iwdg.c...
compiling stm32f10x_pwr.c...
compiling stm32f10x_rcc.c...
compiling stm32f10x_rtc.c...
compiling stm32f10x_sdio.c...
compiling stm32f10x_spi.c...
compiling stm32f10x_tim.c...
compiling stm32f10x_usart.c...
compiling stm32f10x_wwdg.c...
compiling core_cm3.c...
compiling system_stm32f10x.c...
compiling main.c...
compiling delay.c...
compiling stm32f10x_it.c...
compiling timer.c...
compiling usart.c...
compiling bldc.c...
compiling foc.c...
compiling utils.c...
linking...
Program Size: Code=24964 RO-data=1684 RW-data=140 ZI-data=1892  
".\HallSensor.axf" - 0 Errors, 0 Warning(s).
Load "D:\\1-Study\\2-UAB\\2-Doctorate\\Infineon Contest\\Program\\STM32\\HallSensor\\Project\\HallSensor.axf" 
Erase Done.
Programming Done.
Verify OK.
Rebuild target 'Target 1'
assembling startup_stm32f10x_md.s...
compiling misc.c...
compiling stm32f10x_adc.c...
compiling stm32f10x_bkp.c...
compiling stm32f10x_can.c...
compiling stm32f10x_cec.c...
compiling stm32f10x_crc.c...
compiling stm32f10x_dac.c...
compiling stm32f10x_dbgmcu.c...
compiling stm32f10x_dma.c...
compiling stm32f10x_exti.c...
compiling stm32f10x_flash.c...
compiling stm32f10x_fsmc.c...
compiling stm32f10x_gpio.c...
compiling stm32f10x_i2c.c...
compiling stm32f10x_iwdg.c...
compiling stm32f10x_pwr.c...
compiling stm32f10x_rcc.c...
compiling stm32f10x_rtc.c...
compiling stm32f10x_sdio.c...
compiling stm32f10x_spi.c...
compiling stm32f10x_tim.c...
compiling stm32f10x_usart.c...
compiling stm32f10x_wwdg.c...
compiling core_cm3.c...
compiling system_stm32f10x.c...
compiling main.c...
..\User\main.c(11): warning:  #223-D: function "usart3_init" declared implicitly
compiling delay.c...
compiling stm32f10x_it.c...
compiling timer.c...
compiling usart.c...
compiling bldc.c...
compiling foc.c...
compiling utils.c...
linking...
.\HallSensor.axf: Error: L6218E: Undefined symbol usart3_init (referred from main.o).
".\HallSensor.axf" - 1 Errors, 1 Warning(s).
Target not created
Rebuild target 'Target 1'
assembling startup_stm32f10x_md.s...
compiling misc.c...
compiling stm32f10x_adc.c...
compiling stm32f10x_bkp.c...
compiling stm32f10x_can.c...
compiling stm32f10x_cec.c...
compiling stm32f10x_crc.c...
compiling stm32f10x_dac.c...
compiling stm32f10x_dbgmcu.c...
compiling stm32f10x_dma.c...
compiling stm32f10x_exti.c...
compiling stm32f10x_flash.c...
compiling stm32f10x_fsmc.c...
compiling stm32f10x_gpio.c...
compiling stm32f10x_i2c.c...
compiling stm32f10x_iwdg.c...
compiling stm32f10x_pwr.c...
compiling stm32f10x_rcc.c...
compiling stm32f10x_rtc.c...
compiling stm32f10x_sdio.c...
compiling stm32f10x_spi.c...
compiling stm32f10x_tim.c...
compiling stm32f10x_usart.c...
compiling stm32f10x_wwdg.c...
compiling core_cm3.c...
compiling system_stm32f10x.c...
compiling main.c...
compiling delay.c...
compiling stm32f10x_it.c...
compiling timer.c...
compiling usart.c...
compiling bldc.c...
compiling foc.c...
compiling utils.c...
linking...
Program Size: Code=24964 RO-data=1684 RW-data=140 ZI-data=1892  
".\HallSensor.axf" - 0 Errors, 0 Warning(s).
Load "D:\\1-Study\\2-UAB\\2-Doctorate\\Infineon Contest\\Program\\STM32\\HallSensor\\Project\\HallSensor.axf" 
Erase Done.
Programming Done.
Verify OK.
Rebuild target 'Target 1'
assembling startup_stm32f10x_md.s...
compiling misc.c...
compiling stm32f10x_adc.c...
compiling stm32f10x_bkp.c...
compiling stm32f10x_can.c...
compiling stm32f10x_cec.c...
compiling stm32f10x_crc.c...
compiling stm32f10x_dac.c...
compiling stm32f10x_dbgmcu.c...
compiling stm32f10x_dma.c...
compiling stm32f10x_exti.c...
compiling stm32f10x_flash.c...
compiling stm32f10x_fsmc.c...
compiling stm32f10x_gpio.c...
compiling stm32f10x_i2c.c...
compiling stm32f10x_iwdg.c...
compiling stm32f10x_pwr.c...
compiling stm32f10x_rcc.c...
compiling stm32f10x_rtc.c...
compiling stm32f10x_sdio.c...
compiling stm32f10x_spi.c...
compiling stm32f10x_tim.c...
compiling stm32f10x_usart.c...
compiling stm32f10x_wwdg.c...
compiling core_cm3.c...
compiling system_stm32f10x.c...
compiling main.c...
compiling delay.c...
compiling stm32f10x_it.c...
compiling timer.c...
compiling usart.c...
compiling bldc.c...
compiling foc.c...
compiling utils.c...
linking...
Program Size: Code=24964 RO-data=1684 RW-data=140 ZI-data=1892  
".\HallSensor.axf" - 0 Errors, 0 Warning(s).
Rebuild target 'Target 1'
assembling startup_stm32f10x_md.s...
compiling misc.c...
compiling stm32f10x_adc.c...
compiling stm32f10x_bkp.c...
compiling stm32f10x_can.c...
compiling stm32f10x_cec.c...
compiling stm32f10x_crc.c...
compiling stm32f10x_dac.c...
compiling stm32f10x_dbgmcu.c...
compiling stm32f10x_dma.c...
compiling stm32f10x_exti.c...
compiling stm32f10x_flash.c...
compiling stm32f10x_fsmc.c...
compiling stm32f10x_gpio.c...
compiling stm32f10x_i2c.c...
compiling stm32f10x_iwdg.c...
compiling stm32f10x_pwr.c...
compiling stm32f10x_rcc.c...
compiling stm32f10x_rtc.c...
compiling stm32f10x_sdio.c...
compiling stm32f10x_spi.c...
compiling stm32f10x_tim.c...
compiling stm32f10x_usart.c...
compiling stm32f10x_wwdg.c...
compiling core_cm3.c...
compiling system_stm32f10x.c...
compiling main.c...
compiling delay.c...
compiling stm32f10x_it.c...
compiling timer.c...
compiling usart.c...
compiling bldc.c...
compiling foc.c...
compiling utils.c...
linking...
Program Size: Code=24964 RO-data=1684 RW-data=140 ZI-data=1892  
".\HallSensor.axf" - 0 Errors, 0 Warning(s).
Load "D:\\1-Study\\2-UAB\\2-Doctorate\\Infineon Contest\\Program\\STM32\\HallSensor\\Project\\HallSensor.axf" 
Erase Done.
Programming Done.
Verify OK.
Rebuild target 'Target 1'
assembling startup_stm32f10x_md.s...
compiling misc.c...
compiling stm32f10x_adc.c...
compiling stm32f10x_bkp.c...
compiling stm32f10x_can.c...
compiling stm32f10x_cec.c...
compiling stm32f10x_crc.c...
compiling stm32f10x_dac.c...
compiling stm32f10x_dbgmcu.c...
compiling stm32f10x_dma.c...
compiling stm32f10x_exti.c...
compiling stm32f10x_flash.c...
compiling stm32f10x_fsmc.c...
compiling stm32f10x_gpio.c...
compiling stm32f10x_i2c.c...
compiling stm32f10x_iwdg.c...
compiling stm32f10x_pwr.c...
compiling stm32f10x_rcc.c...
compiling stm32f10x_rtc.c...
compiling stm32f10x_sdio.c...
compiling stm32f10x_spi.c...
compiling stm32f10x_tim.c...
compiling stm32f10x_usart.c...
compiling stm32f10x_wwdg.c...
compiling core_cm3.c...
compiling system_stm32f10x.c...
compiling main.c...
compiling delay.c...
compiling stm32f10x_it.c...
compiling timer.c...
compiling usart.c...
compiling bldc.c...
compiling foc.c...
compiling utils.c...
linking...
Program Size: Code=24964 RO-data=1684 RW-data=140 ZI-data=1892  
".\HallSensor.axf" - 0 Errors, 0 Warning(s).
Load "D:\\1-Study\\2-UAB\\2-Doctorate\\Infineon Contest\\Program\\STM32\\HallSensor\\Project\\HallSensor.axf" 
Erase Done.
Programming Done.
Verify OK.
Rebuild target 'Target 1'
assembling startup_stm32f10x_md.s...
compiling misc.c...
compiling stm32f10x_adc.c...
compiling stm32f10x_bkp.c...
compiling stm32f10x_can.c...
compiling stm32f10x_cec.c...
compiling stm32f10x_crc.c...
compiling stm32f10x_dac.c...
compiling stm32f10x_dbgmcu.c...
compiling stm32f10x_dma.c...
compiling stm32f10x_exti.c...
compiling stm32f10x_flash.c...
compiling stm32f10x_fsmc.c...
compiling stm32f10x_gpio.c...
compiling stm32f10x_i2c.c...
compiling stm32f10x_iwdg.c...
compiling stm32f10x_pwr.c...
compiling stm32f10x_rcc.c...
compiling stm32f10x_rtc.c...
compiling stm32f10x_sdio.c...
compiling stm32f10x_spi.c...
compiling stm32f10x_tim.c...
compiling stm32f10x_usart.c...
compiling stm32f10x_wwdg.c...
compiling core_cm3.c...
compiling system_stm32f10x.c...
compiling main.c...
compiling delay.c...
compiling stm32f10x_it.c...
compiling timer.c...
compiling usart.c...
compiling bldc.c...
compiling foc.c...
compiling utils.c...
linking...
Program Size: Code=24964 RO-data=1684 RW-data=140 ZI-data=1892  
".\HallSensor.axf" - 0 Errors, 0 Warning(s).
Load "D:\\1-Study\\2-UAB\\2-Doctorate\\Infineon Contest\\Program\\STM32\\HallSensor\\Project\\HallSensor.axf" 
Erase Done.
Programming Done.
Verify OK.
Build target 'Target 1'
compiling misc.c...
compiling stm32f10x_adc.c...
compiling stm32f10x_bkp.c...
compiling stm32f10x_can.c...
compiling stm32f10x_cec.c...
compiling stm32f10x_crc.c...
compiling stm32f10x_dac.c...
compiling stm32f10x_dbgmcu.c...
compiling stm32f10x_dma.c...
compiling stm32f10x_exti.c...
compiling stm32f10x_flash.c...
compiling stm32f10x_fsmc.c...
compiling stm32f10x_gpio.c...
compiling stm32f10x_i2c.c...
compiling stm32f10x_iwdg.c...
compiling stm32f10x_pwr.c...
compiling stm32f10x_rcc.c...
compiling stm32f10x_rtc.c...
compiling stm32f10x_sdio.c...
compiling stm32f10x_spi.c...
compiling stm32f10x_tim.c...
compiling stm32f10x_usart.c...
compiling stm32f10x_wwdg.c...
compiling core_cm3.c...
compiling system_stm32f10x.c...
compiling main.c...
compiling delay.c...
compiling stm32f10x_it.c...
compiling timer.c...
compiling usart.c...
compiling bldc.c...
compiling foc.c...
compiling utils.c...
linking...
Program Size: Code=24944 RO-data=1688 RW-data=140 ZI-data=1892  
".\HallSensor.axf" - 0 Errors, 0 Warning(s).
Load "D:\\1-Study\\2-UAB\\2-Doctorate\\Infineon Contest\\Program\\STM32\\HallSensor\\Project\\HallSensor.axf" 
Erase Done.
Programming Done.
Verify OK.
Build target 'Target 1'
compiling main.c...
compiling timer.c...
compiling bldc.c...
linking...
Program Size: Code=24944 RO-data=1688 RW-data=140 ZI-data=1892  
".\HallSensor.axf" - 0 Errors, 0 Warning(s).
Rebuild target 'Target 1'
assembling startup_stm32f10x_md.s...
compiling misc.c...
compiling stm32f10x_adc.c...
compiling stm32f10x_bkp.c...
compiling stm32f10x_can.c...
compiling stm32f10x_cec.c...
compiling stm32f10x_crc.c...
compiling stm32f10x_dac.c...
compiling stm32f10x_dbgmcu.c...
compiling stm32f10x_dma.c...
compiling stm32f10x_exti.c...
compiling stm32f10x_flash.c...
compiling stm32f10x_fsmc.c...
compiling stm32f10x_gpio.c...
compiling stm32f10x_i2c.c...
compiling stm32f10x_iwdg.c...
compiling stm32f10x_pwr.c...
compiling stm32f10x_rcc.c...
compiling stm32f10x_rtc.c...
compiling stm32f10x_sdio.c...
compiling stm32f10x_spi.c...
compiling stm32f10x_tim.c...
compiling stm32f10x_usart.c...
compiling stm32f10x_wwdg.c...
compiling core_cm3.c...
compiling system_stm32f10x.c...
compiling main.c...
compiling delay.c...
compiling stm32f10x_it.c...
compiling timer.c...
compiling usart.c...
compiling bldc.c...
compiling foc.c...
compiling utils.c...
linking...
Program Size: Code=24944 RO-data=1688 RW-data=140 ZI-data=1892  
".\HallSensor.axf" - 0 Errors, 0 Warning(s).
Load "D:\\1-Study\\2-UAB\\2-Doctorate\\Infineon Contest\\Program\\STM32\\HallSensor\\Project\\HallSensor.axf" 
Erase Done.
Programming Done.
Verify OK.
Build target 'Target 1'
compiling main.c...
compiling timer.c...
compiling bldc.c...
linking...
Program Size: Code=24944 RO-data=1688 RW-data=140 ZI-data=1892  
".\HallSensor.axf" - 0 Errors, 0 Warning(s).
Load "D:\\1-Study\\2-UAB\\2-Doctorate\\Infineon Contest\\Program\\STM32\\HallSensor\\Project\\HallSensor.axf" 
Erase Done.
Programming Done.
Verify OK.
Build target 'Target 1'
compiling timer.c...
linking...
Program Size: Code=24944 RO-data=1688 RW-data=140 ZI-data=1892  
".\HallSensor.axf" - 0 Errors, 0 Warning(s).
Load "D:\\1-Study\\2-UAB\\2-Doctorate\\Infineon Contest\\Program\\STM32\\HallSensor\\Project\\HallSensor.axf" 
Erase Done.
Programming Done.
Verify OK.
Build target 'Target 1'
compiling main.c...
compiling delay.c...
linking...
Program Size: Code=24944 RO-data=1688 RW-data=140 ZI-data=1892  
".\HallSensor.axf" - 0 Errors, 0 Warning(s).
Load "D:\\1-Study\\2-UAB\\2-Doctorate\\Infineon Contest\\Program\\STM32\\HallSensor\\Project\\HallSensor.axf" 
Erase Done.
Programming Done.
Verify OK.
Build target 'Target 1'
compiling usart.c...
linking...
Program Size: Code=24944 RO-data=1688 RW-data=140 ZI-data=1892  
".\HallSensor.axf" - 0 Errors, 0 Warning(s).
Load "D:\\1-Study\\2-UAB\\2-Doctorate\\Infineon Contest\\Program\\STM32\\HallSensor\\Project\\HallSensor.axf" 
Erase Done.
Programming Done.
Verify OK.
Build target 'Target 1'
compiling main.c...
compiling usart.c...
compiling foc.c...
linking...
Program Size: Code=24944 RO-data=1688 RW-data=140 ZI-data=1892  
".\HallSensor.axf" - 0 Errors, 0 Warning(s).
Load "D:\\1-Study\\2-UAB\\2-Doctorate\\Infineon Contest\\Program\\STM32\\HallSensor\\Project\\HallSensor.axf" 
Erase Done.
Programming Done.
Verify OK.
Build target 'Target 1'
compiling utils.c...
linking...
Program Size: Code=24944 RO-data=1688 RW-data=140 ZI-data=1892  
".\HallSensor.axf" - 0 Errors, 0 Warning(s).
Load "D:\\1-Study\\2-UAB\\2-Doctorate\\Infineon Contest\\Program\\STM32\\HallSensor\\Project\\HallSensor.axf" 
Erase Done.
Programming Done.
Verify OK.
Build target 'Target 1'
compiling main.c...
compiling bldc.c...
compiling foc.c...
compiling utils.c...
linking...
Program Size: Code=24944 RO-data=1688 RW-data=140 ZI-data=1892  
".\HallSensor.axf" - 0 Errors, 0 Warning(s).
Load "D:\\1-Study\\2-UAB\\2-Doctorate\\Infineon Contest\\Program\\STM32\\HallSensor\\Project\\HallSensor.axf" 
Erase Done.
Programming Done.
Verify OK.
Build target 'Target 1'
compiling main.c...
compiling bldc.c...
compiling foc.c...
linking...
Program Size: Code=24944 RO-data=1688 RW-data=140 ZI-data=1892  
".\HallSensor.axf" - 0 Errors, 0 Warning(s).
Load "D:\\1-Study\\2-UAB\\2-Doctorate\\Infineon Contest\\Program\\STM32\\HallSensor\\Project\\HallSensor.axf" 
Erase Done.
Programming Done.
Verify OK.
Build target 'Target 1'
compiling foc.c...
linking...
Program Size: Code=24944 RO-data=1688 RW-data=140 ZI-data=1892  
".\HallSensor.axf" - 0 Errors, 0 Warning(s).
Load "D:\\1-Study\\2-UAB\\2-Doctorate\\Infineon Contest\\Program\\STM32\\HallSensor\\Project\\HallSensor.axf" 
Erase Done.
Programming Done.
Verify OK.
Build target 'Target 1'
compiling main.c...
compiling bldc.c...
linking...
Program Size: Code=24944 RO-data=1688 RW-data=140 ZI-data=1892  
".\HallSensor.axf" - 0 Errors, 0 Warning(s).
Load "D:\\1-Study\\2-UAB\\2-Doctorate\\Infineon Contest\\Program\\STM32\\HallSensor\\Project\\HallSensor.axf" 
Erase Done.
Programming Done.
Verify OK.
Build target 'Target 1'
compiling bldc.c...
linking...
Program Size: Code=25036 RO-data=1684 RW-data=140 ZI-data=1892  
".\HallSensor.axf" - 0 Errors, 0 Warning(s).
Load "D:\\1-Study\\2-UAB\\2-Doctorate\\Infineon Contest\\Program\\STM32\\HallSensor\\Project\\HallSensor.axf" 
Erase Done.
Programming Done.
Verify OK.
Rebuild target 'Target 1'
assembling startup_stm32f10x_md.s...
compiling misc.c...
compiling stm32f10x_adc.c...
compiling stm32f10x_bkp.c...
compiling stm32f10x_can.c...
compiling stm32f10x_cec.c...
compiling stm32f10x_crc.c...
compiling stm32f10x_dac.c...
compiling stm32f10x_dbgmcu.c...
compiling stm32f10x_dma.c...
compiling stm32f10x_exti.c...
compiling stm32f10x_flash.c...
compiling stm32f10x_fsmc.c...
compiling stm32f10x_gpio.c...
compiling stm32f10x_i2c.c...
compiling stm32f10x_iwdg.c...
compiling stm32f10x_pwr.c...
compiling stm32f10x_rcc.c...
compiling stm32f10x_rtc.c...
compiling stm32f10x_sdio.c...
compiling stm32f10x_spi.c...
compiling stm32f10x_tim.c...
compiling stm32f10x_usart.c...
compiling stm32f10x_wwdg.c...
compiling core_cm3.c...
compiling system_stm32f10x.c...
compiling main.c...
compiling delay.c...
compiling stm32f10x_it.c...
compiling timer.c...
compiling usart.c...
compiling bldc.c...
compiling foc.c...
compiling utils.c...
linking...
Program Size: Code=25036 RO-data=1684 RW-data=140 ZI-data=1892  
".\HallSensor.axf" - 0 Errors, 0 Warning(s).
Load "D:\\1-Study\\2-UAB\\2-Doctorate\\Infineon Contest\\Program\\STM32\\HallSensor\\Project\\HallSensor.axf" 
Erase Done.
Programming Done.
Verify OK.
Rebuild target 'Target 1'
assembling startup_stm32f10x_md.s...
compiling misc.c...
compiling stm32f10x_adc.c...
compiling stm32f10x_bkp.c...
compiling stm32f10x_can.c...
compiling stm32f10x_cec.c...
compiling stm32f10x_crc.c...
compiling stm32f10x_dac.c...
compiling stm32f10x_dbgmcu.c...
compiling stm32f10x_dma.c...
compiling stm32f10x_exti.c...
compiling stm32f10x_flash.c...
compiling stm32f10x_fsmc.c...
compiling stm32f10x_gpio.c...
compiling stm32f10x_i2c.c...
compiling stm32f10x_iwdg.c...
compiling stm32f10x_pwr.c...
compiling stm32f10x_rcc.c...
compiling stm32f10x_rtc.c...
compiling stm32f10x_sdio.c...
compiling stm32f10x_spi.c...
compiling stm32f10x_tim.c...
compiling stm32f10x_usart.c...
compiling stm32f10x_wwdg.c...
compiling core_cm3.c...
compiling system_stm32f10x.c...
compiling main.c...
compiling delay.c...
compiling stm32f10x_it.c...
compiling timer.c...
compiling usart.c...
compiling bldc.c...
compiling foc.c...
compiling utils.c...
linking...
Program Size: Code=25036 RO-data=1684 RW-data=140 ZI-data=1892  
".\HallSensor.axf" - 0 Errors, 0 Warning(s).
Load "D:\\1-Study\\2-UAB\\2-Doctorate\\Infineon Contest\\Program\\STM32\\HallSensor\\Project\\HallSensor.axf" 
Erase Done.
Programming Done.
Verify OK.
Rebuild target 'Target 1'
assembling startup_stm32f10x_md.s...
compiling misc.c...
compiling stm32f10x_adc.c...
compiling stm32f10x_bkp.c...
compiling stm32f10x_can.c...
compiling stm32f10x_cec.c...
compiling stm32f10x_crc.c...
compiling stm32f10x_dac.c...
compiling stm32f10x_dbgmcu.c...
compiling stm32f10x_dma.c...
compiling stm32f10x_exti.c...
compiling stm32f10x_flash.c...
compiling stm32f10x_fsmc.c...
compiling stm32f10x_gpio.c...
compiling stm32f10x_i2c.c...
compiling stm32f10x_iwdg.c...
compiling stm32f10x_pwr.c...
compiling stm32f10x_rcc.c...
compiling stm32f10x_rtc.c...
compiling stm32f10x_sdio.c...
compiling stm32f10x_spi.c...
compiling stm32f10x_tim.c...
compiling stm32f10x_usart.c...
compiling stm32f10x_wwdg.c...
compiling core_cm3.c...
compiling system_stm32f10x.c...
compiling main.c...
compiling delay.c...
compiling stm32f10x_it.c...
compiling timer.c...
compiling usart.c...
compiling bldc.c...
compiling foc.c...
compiling utils.c...
linking...
Program Size: Code=25036 RO-data=1684 RW-data=140 ZI-data=1892  
"..\Output\HallSensor.axf" - 0 Errors, 0 Warning(s).
Rebuild target 'Target 1'
assembling startup_stm32f10x_md.s...
compiling misc.c...
compiling stm32f10x_adc.c...
compiling stm32f10x_bkp.c...
compiling stm32f10x_can.c...
compiling stm32f10x_cec.c...
compiling stm32f10x_crc.c...
compiling stm32f10x_dac.c...
compiling stm32f10x_dbgmcu.c...
compiling stm32f10x_dma.c...
compiling stm32f10x_exti.c...
compiling stm32f10x_flash.c...
compiling stm32f10x_fsmc.c...
compiling stm32f10x_gpio.c...
compiling stm32f10x_i2c.c...
compiling stm32f10x_iwdg.c...
compiling stm32f10x_pwr.c...
compiling stm32f10x_rcc.c...
compiling stm32f10x_rtc.c...
compiling stm32f10x_sdio.c...
compiling stm32f10x_spi.c...
compiling stm32f10x_tim.c...
compiling stm32f10x_usart.c...
compiling stm32f10x_wwdg.c...
compiling core_cm3.c...
compiling system_stm32f10x.c...
compiling main.c...
compiling delay.c...
compiling stm32f10x_it.c...
compiling timer.c...
compiling usart.c...
compiling bldc.c...
compiling foc.c...
compiling utils.c...
linking...
Program Size: Code=25036 RO-data=1684 RW-data=140 ZI-data=1892  
FromELF: creating hex file...
"..\Output\HallSensor.axf" - 0 Errors, 0 Warning(s).
