ARM Linker, 5.03 [Build 76] [MDK-ARM Standard]

==============================================================================

Section Cross References

    startup_stm32f10x_md.o(STACK) refers (Special) to heapauxi.o(.text) for __use_two_region_memory
    startup_stm32f10x_md.o(HEAP) refers (Special) to heapauxi.o(.text) for __use_two_region_memory
    startup_stm32f10x_md.o(RESET) refers (Special) to heapauxi.o(.text) for __use_two_region_memory
    startup_stm32f10x_md.o(RESET) refers to startup_stm32f10x_md.o(STACK) for __initial_sp
    startup_stm32f10x_md.o(RESET) refers to startup_stm32f10x_md.o(.text) for Reset_Handler
    startup_stm32f10x_md.o(RESET) refers to stm32f10x_it.o(.text) for NMI_Handler
    startup_stm32f10x_md.o(RESET) refers to usart.o(.text) for USART1_IRQHandler
    startup_stm32f10x_md.o(.text) refers (Special) to heapauxi.o(.text) for __use_two_region_memory
    startup_stm32f10x_md.o(.text) refers to system_stm32f10x.o(.text) for SystemInit
    startup_stm32f10x_md.o(.text) refers to __main.o(!!!main) for __main
    startup_stm32f10x_md.o(.text) refers to startup_stm32f10x_md.o(HEAP) for Heap_Mem
    startup_stm32f10x_md.o(.text) refers to startup_stm32f10x_md.o(STACK) for Stack_Mem
    stm32f10x_adc.o(.text) refers to stm32f10x_rcc.o(.text) for RCC_APB2PeriphResetCmd
    stm32f10x_bkp.o(.text) refers to stm32f10x_rcc.o(.text) for RCC_BackupResetCmd
    stm32f10x_can.o(.text) refers to stm32f10x_rcc.o(.text) for RCC_APB1PeriphResetCmd
    stm32f10x_cec.o(.text) refers to stm32f10x_rcc.o(.text) for RCC_APB1PeriphResetCmd
    stm32f10x_dac.o(.text) refers to stm32f10x_rcc.o(.text) for RCC_APB1PeriphResetCmd
    stm32f10x_gpio.o(.text) refers to stm32f10x_rcc.o(.text) for RCC_APB2PeriphResetCmd
    stm32f10x_i2c.o(.text) refers to stm32f10x_rcc.o(.text) for RCC_APB1PeriphResetCmd
    stm32f10x_pwr.o(.text) refers to stm32f10x_rcc.o(.text) for RCC_APB1PeriphResetCmd
    stm32f10x_rcc.o(.text) refers to stm32f10x_rcc.o(.data) for APBAHBPrescTable
    stm32f10x_spi.o(.text) refers to stm32f10x_rcc.o(.text) for RCC_APB2PeriphResetCmd
    stm32f10x_tim.o(.text) refers to stm32f10x_rcc.o(.text) for RCC_APB2PeriphResetCmd
    stm32f10x_usart.o(.text) refers to stm32f10x_rcc.o(.text) for RCC_APB2PeriphResetCmd
    stm32f10x_wwdg.o(.text) refers to stm32f10x_rcc.o(.text) for RCC_APB1PeriphResetCmd
    system_stm32f10x.o(.text) refers to system_stm32f10x.o(.data) for SystemCoreClock
    timer.o(.text) refers to stm32f10x_rcc.o(.text) for RCC_APB2PeriphClockCmd
    timer.o(.text) refers to stm32f10x_gpio.o(.text) for GPIO_Init
    timer.o(.text) refers to stm32f10x_tim.o(.text) for TIM_DeInit
    timer.o(.text) refers to misc.o(.text) for NVIC_Init
    usart.o(.rev16_text) refers (Special) to use_no_semi_2.o(.text) for __use_no_semihosting
    usart.o(.revsh_text) refers (Special) to use_no_semi_2.o(.text) for __use_no_semihosting
    usart.o(.text) refers (Special) to use_no_semi_2.o(.text) for __use_no_semihosting
    usart.o(.text) refers to _printf_percent.o(.ARM.Collect$$_printf_percent$$00000000) for _printf_percent
    usart.o(.text) refers to _printf_f.o(.ARM.Collect$$_printf_percent$$00000003) for _printf_f
    usart.o(.text) refers to printf1.o(x$fpl$printf1) for _printf_fp_dec
    usart.o(.text) refers to stm32f10x_rcc.o(.text) for RCC_APB2PeriphClockCmd
    usart.o(.text) refers to stm32f10x_gpio.o(.text) for GPIO_Init
    usart.o(.text) refers to stm32f10x_usart.o(.text) for USART_Init
    usart.o(.text) refers to misc.o(.text) for NVIC_Init
    usart.o(.text) refers to noretval__2printf.o(.text) for __2printf
    usart.o(.text) refers to atof.o(i.atof) for atof
    usart.o(.text) refers to d2f.o(x$fpl$d2f) for __aeabi_d2f
    usart.o(.text) refers to f2d.o(x$fpl$f2d) for __aeabi_f2d
    usart.o(.text) refers to usart.o(.data) for USART_RX_STA
    usart.o(.text) refers to usart.o(.bss) for USART_RX_BUFFER
    usart.o(.bss) refers (Special) to use_no_semi_2.o(.text) for __use_no_semihosting
    usart.o(.data) refers (Special) to use_no_semi_2.o(.text) for __use_no_semihosting
    bldc.o(.text) refers to _printf_percent.o(.ARM.Collect$$_printf_percent$$00000000) for _printf_percent
    bldc.o(.text) refers to _printf_f.o(.ARM.Collect$$_printf_percent$$00000003) for _printf_f
    bldc.o(.text) refers to printf1.o(x$fpl$printf1) for _printf_fp_dec
    bldc.o(.text) refers to _printf_d.o(.ARM.Collect$$_printf_percent$$00000009) for _printf_d
    bldc.o(.text) refers to _printf_dec.o(.text) for _printf_int_dec
    bldc.o(.text) refers to feqf.o(x$fpl$feqf) for __aeabi_cfcmpeq
    bldc.o(.text) refers to fmul.o(x$fpl$fmul) for __aeabi_fmul
    bldc.o(.text) refers to faddsub_clz.o(x$fpl$fadd) for __aeabi_fadd
    bldc.o(.text) refers to utils.o(.text) for _sqrtApprox
    bldc.o(.text) refers to fdiv.o(x$fpl$fdiv) for __aeabi_fdiv
    bldc.o(.text) refers to f2d.o(x$fpl$f2d) for __aeabi_f2d
    bldc.o(.text) refers to atan2.o(i.atan2) for atan2
[...]
    i.__support_ldexp                        0x080057e0   Section        0  ldexp.o(i.__support_ldexp)
    i._is_digit                              0x080057f6   Section        0  __printf_wp.o(i._is_digit)
    i.atan                                   0x08005804   Section        0  atan.o(i.atan)
    i.atan2                                  0x08005a28   Section        0  atan2.o(i.atan2)
    i.atof                                   0x08005ba8   Section        0  atof.o(i.atof)
    i.fmod                                   0x08005bd4   Section        0  fmod.o(i.fmod)
    i.frexp                                  0x08005c70   Section        0  frexp.o(i.frexp)
    i.ldexp                                  0x08005cc8   Section        0  ldexp.o(i.ldexp)
    locale$$code                             0x08005d48   Section       44  lc_numeric_c.o(locale$$code)
    locale$$code                             0x08005d74   Section       44  lc_ctype_c.o(locale$$code)
    x$fpl$d2f                                0x08005da0   Section       98  d2f.o(x$fpl$d2f)
    x$fpl$dadd                               0x08005e04   Section      336  daddsub_clz.o(x$fpl$dadd)
    _dadd1                                   0x08005e15   Thumb Code     0  daddsub_clz.o(x$fpl$dadd)
    x$fpl$dcheck1                            0x08005f54   Section       16  dcheck1.o(x$fpl$dcheck1)
    x$fpl$dcmpinf                            0x08005f64   Section       24  dcmpi.o(x$fpl$dcmpinf)
    x$fpl$ddiv                               0x08005f7c   Section      688  ddiv.o(x$fpl$ddiv)
    ddiv_entry                               0x08005f83   Thumb Code     0  ddiv.o(x$fpl$ddiv)
    x$fpl$deqf                               0x0800622c   Section      120  deqf.o(x$fpl$deqf)
    x$fpl$dfix                               0x080062a4   Section       94  dfix.o(x$fpl$dfix)
    x$fpl$dfixu                              0x08006304   Section       90  dfixu.o(x$fpl$dfixu)
    x$fpl$dflt                               0x0800635e   Section       46  dflt_clz.o(x$fpl$dflt)
    x$fpl$dfltu                              0x0800638c   Section       38  dflt_clz.o(x$fpl$dfltu)
    x$fpl$dleqf                              0x080063b4   Section      120  dleqf.o(x$fpl$dleqf)
    x$fpl$dmul                               0x0800642c   Section      340  dmul.o(x$fpl$dmul)
    x$fpl$dnaninf                            0x08006580   Section      156  dnaninf.o(x$fpl$dnaninf)
    x$fpl$drem                               0x0800661c   Section      336  drem_clz.o(x$fpl$drem)
    x$fpl$dretinf                            0x0800676c   Section       12  dretinf.o(x$fpl$dretinf)
    x$fpl$drleqf                             0x08006778   Section      108  drleqf.o(x$fpl$drleqf)
    x$fpl$drsb                               0x080067e4   Section       22  daddsub_clz.o(x$fpl$drsb)
    x$fpl$dsub                               0x080067fc   Section      468  daddsub_clz.o(x$fpl$dsub)
    _dsub1                                   0x0800680d   Thumb Code     0  daddsub_clz.o(x$fpl$dsub)
    x$fpl$f2d                                0x080069d0   Section       86  f2d.o(x$fpl$f2d)
    x$fpl$fadd                               0x08006a28   Section      196  faddsub_clz.o(x$fpl$fadd)
    _fadd1                                   0x08006a37   Thumb Code     0  faddsub_clz.o(x$fpl$fadd)
    x$fpl$fcmpinf                            0x08006aec   Section       24  fcmpi.o(x$fpl$fcmpinf)
    x$fpl$fdiv                               0x08006b04   Section      388  fdiv.o(x$fpl$fdiv)
    _fdiv1                                   0x08006b05   Thumb Code     0  fdiv.o(x$fpl$fdiv)
    x$fpl$feqf                               0x08006c88   Section      104  feqf.o(x$fpl$feqf)
    x$fpl$ffix                               0x08006cf0   Section       54  ffix.o(x$fpl$ffix)
    x$fpl$ffixu                              0x08006d28   Section       62  ffixu.o(x$fpl$ffixu)
    x$fpl$fflt                               0x08006d68   Section       48  fflt_clz.o(x$fpl$fflt)
    x$fpl$ffltu                              0x08006d98   Section       38  fflt_clz.o(x$fpl$ffltu)
    x$fpl$fleqf                              0x08006dc0   Section      104  fleqf.o(x$fpl$fleqf)
    x$fpl$fmul                               0x08006e28   Section      258  fmul.o(x$fpl$fmul)
    x$fpl$fnaninf                            0x08006f2a   Section      140  fnaninf.o(x$fpl$fnaninf)
    x$fpl$fretinf                            0x08006fb6   Section       10  fretinf.o(x$fpl$fretinf)
    x$fpl$frleqf                             0x08006fc0   Section       98  frleqf.o(x$fpl$frleqf)
    x$fpl$frsb                               0x08007022   Section       20  faddsub_clz.o(x$fpl$frsb)
    x$fpl$fsub                               0x08007038   Section      234  faddsub_clz.o(x$fpl$fsub)
    _fsub1                                   0x08007047   Thumb Code     0  faddsub_clz.o(x$fpl$fsub)
    x$fpl$printf1                            0x08007122   Section        4  printf1.o(x$fpl$printf1)
    x$fpl$retnan                             0x08007126   Section      100  retnan.o(x$fpl$retnan)
    x$fpl$scalbn                             0x0800718a   Section       92  scalbn.o(x$fpl$scalbn)
    x$fpl$scanf1                             0x080071e6   Section        4  scanf1.o(x$fpl$scanf1)
    x$fpl$scanf2                             0x080071ea   Section        8  scanf2.o(x$fpl$scanf2)
    x$fpl$trapveneer                         0x080071f2   Section       48  trapv.o(x$fpl$trapveneer)
    x$fpl$usenofp                            0x08007222   Section        0  usenofp.o(x$fpl$usenofp)
    .constdata                               0x08007224   Section      800  utils.o(.constdata)
    .constdata                               0x08007548   Section      152  atan.o(.constdata)
    atanhi                                   0x08007548   Data          32  atan.o(.constdata)
    atanlo                                   0x08007568   Data          32  atan.o(.constdata)
    aTodd                                    0x08007588   Data          40  atan.o(.constdata)
    aTeven                                   0x080075b0   Data          48  atan.o(.constdata)
    .constdata                               0x080075e0   Section        8  qnan.o(.constdata)
    .constdata                               0x080075e8   Section      148  bigflt0.o(.constdata)
    tenpwrs_x                                0x080075e8   Data          60  bigflt0.o(.constdata)
    tenpwrs_i                                0x08007624   Data          64  bigflt0.o(.constdata)
    c$$dinf                                  0x0800769c   Section        8  fpconst.o(c$$dinf)
    locale$$data                             0x080076a4   Section       28  lc_numeric_c.o(locale$$data)
    __lcnum_c_name                           0x080076a8   Data           2  lc_numeric_c.o(locale$$data)
    __lcnum_c_start                          0x080076b0   Data           0  lc_numeric_c.o(locale$$data)
    __lcnum_c_point                          0x080076bc   Data           0  lc_numeric_c.o(locale$$data)
    __lcnum_c_thousands                      0x080076be   Data           0  lc_numeric_c.o(locale$$data)
    __lcnum_c_grouping                       0x080076bf   Data           0  lc_numeric_c.o(locale$$data)
    locale$$data                             0x080076c0   Section      272  lc_ctype_c.o(locale$$data)
    __lcnum_c_end                            0x080076c0   Data           0  lc_numeric_c.o(locale$$data)
    __lcctype_c_name                         0x080076c4   Data           2  lc_ctype_c.o(locale$$data)
    __lcctype_c_start                        0x080076cc   Data           0  lc_ctype_c.o(locale$$data)
    __lcctype_c_end                          0x080077d0   Data           0  lc_ctype_c.o(locale$$data)
    .data                                    0x20000000   Section       20  stm32f10x_rcc.o(.data)
    APBAHBPrescTable                         0x20000000   Data          16  stm32f10x_rcc.o(.data)
    ADCPrescTable                            0x20000010   Data           4  stm32f10x_rcc.o(.data)
    .data                                    0x20000014   Section       20  system_stm32f10x.o(.data)
    .data                                    0x20000028   Section       12  usart.o(.data)
    .data                                    0x20000034   Section       88  foc.o(.data)
    .data                                    0x2000008c   Section        8  lowpassfilter.o(.data)
    .data                                    0x20000094   Section       44  pid.o(.data)
    .data                                    0x200000c0   Section       20  hall.o(.data)
    .data                                    0x200000d4   Section        4  stm32f10x_it.o(.data)
    .bss                                     0x200000d8   Section      256  usart.o(.bss)
    .bss                                     0x200001d8   Section       96  libspace.o(.bss)
    HEAP                                     0x20000238   Section      512  startup_stm32f10x_md.o(HEAP)
    Heap_Mem                                 0x20000238   Data         512  startup_stm32f10x_md.o(HEAP)
    STACK                                    0x20000438   Section     1024  startup_stm32f10x_md.o(STACK)
    Stack_Mem                                0x20000438   Data        1024  startup_stm32f10x_md.o(STACK)
    __initial_sp                             0x20000838   Data           0  startup_stm32f10x_md.o(STACK)

    Global Symbols

    Symbol Name                              Value     Ov Type        Size  Object(Section)

    BuildAttributes$$THM_ISAv4$P$D$K$B$S$PE$A:L22UL41UL21$X:L11$S22US41US21$IEEE1$IW$USESV6$~STKCKD$USESV7$~SHL$OTIME$ROPI$IEEEX$EBA8$UX$STANDARDLIB$REQ8$PRES8$EABIv2 0x00000000   Number         0  anon$$obj.o ABSOLUTE
    __ARM_use_no_argv                        0x00000000   Number         0  main.o ABSOLUTE
    _printf_flags                            0x00000000   Number         0  printf_stubs.o ABSOLUTE
    _printf_return_value                     0x00000000   Number         0  printf_stubs.o ABSOLUTE
    _printf_sizespec                         0x00000000   Number         0  printf_stubs.o ABSOLUTE
    _printf_widthprec                        0x00000000   Number         0  printf_stubs.o ABSOLUTE
    __ARM_exceptions_init                     - Undefined Weak Reference
    __alloca_initialize                       - Undefined Weak Reference
    __cpp_initialize__aeabi_                  - Undefined Weak Reference
    __cxa_finalize                            - Undefined Weak Reference
    __sigvec_lookup                           - Undefined Weak Reference
    _atexit_init                              - Undefined Weak Reference
    _call_atexit_fns                          - Undefined Weak Reference
    _clock_init                               - Undefined Weak Reference
    _fp_trap_init                             - Undefined Weak Reference
    _fp_trap_shutdown                         - Undefined Weak Reference
    _get_lc_collate                           - Undefined Weak Reference
    _get_lc_monetary                          - Undefined Weak Reference
    _get_lc_time                              - Undefined Weak Reference
    _getenv_init                              - Undefined Weak Reference
    _handle_redirection                       - Undefined Weak Reference
    _init_alloc                               - Undefined Weak Reference
    _init_user_alloc                          - Undefined Weak Reference
    _initio                                   - Undefined Weak Reference
    _mutex_acquire                            - Undefined Weak Reference
    _mutex_release                            - Undefined Weak Reference
    _printf_post_padding                      - Undefined Weak Reference
    _printf_pre_padding                       - Undefined Weak Reference
    _printf_truncate_signed                   - Undefined Weak Reference
    _printf_truncate_unsigned                 - Undefined Weak Reference
    _rand_init                                - Undefined Weak Reference
    _signal_finish                            - Undefined Weak Reference
    _signal_init                              - Undefined Weak Reference
    _terminate_alloc                          - Undefined Weak Reference
    _terminate_user_alloc                     - Undefined Weak Reference
    _terminateio                              - Undefined Weak Reference
    __Vectors_Size                           0x000000ec   Number         0  startup_stm32f10x_md.o ABSOLUTE
    __Vectors                                0x08000000   Data           4  startup_stm32f10x_md.o(RESET)
    __Vectors_End                            0x080000ec   Data           0  startup_stm32f10x_md.o(RESET)
    __main                                   0x080000ed   Thumb Code     8  __main.o(!!!main)
    __scatterload                            0x080000f5   Thumb Code     0  __scatter.o(!!!scatter)
    __scatterload_rt2                        0x080000f5   Thumb Code    44  __scatter.o(!!!scatter)
    __scatterload_rt2_thumb_only             0x080000f5   Thumb Code     0  __scatter.o(!!!scatter)
    __scatterload_null                       0x08000103   Thumb Code     0  __scatter.o(!!!scatter)
    __scatterload_copy                       0x08000129   Thumb Code    26  __scatter_copy.o(!!handler_copy)
    __scatterload_zeroinit                   0x08000145   Thumb Code    28  __scatter_zi.o(!!handler_zi)
    _printf_f                                0x08000161   Thumb Code     0  _printf_f.o(.ARM.Collect$$_printf_percent$$00000003)
    _printf_percent                          0x08000161   Thumb Code     0  _printf_percent.o(.ARM.Collect$$_printf_percent$$00000000)
    _printf_d                                0x08000167   Thumb Code     0  _printf_d.o(.ARM.Collect$$_printf_percent$$00000009)
    _printf_percent_end                      0x0800016d   Thumb Code     0  _printf_percent_end.o(.ARM.Collect$$_printf_percent$$00000017)
    __rt_lib_init                            0x08000171   Thumb Code     0  libinit.o(.ARM.Collect$$libinit$$00000000)
    __rt_lib_init_fp_1                       0x08000173   Thumb Code     0  libinit2.o(.ARM.Collect$$libinit$$00000002)
    __rt_lib_init_heap_1                     0x08000173   Thumb Code     0  libinit2.o(.ARM.Collect$$libinit$$00000008)
    __rt_lib_init_lc_common                  0x08000173   Thumb Code     0  libinit2.o(.ARM.Collect$$libinit$$0000000D)
    __rt_lib_init_rand_1                     0x08000173   Thumb Code     0  libinit2.o(.ARM.Collect$$libinit$$0000000C)
    __rt_lib_init_user_alloc_1               0x08000173   Thumb Code     0  libinit2.o(.ARM.Collect$$libinit$$0000000A)
    __rt_lib_init_lc_collate_1               0x08000179   Thumb Code     0  libinit2.o(.ARM.Collect$$libinit$$0000000F)
    __rt_lib_init_lc_ctype_2                 0x08000179   Thumb Code     0  libinit2.o(.ARM.Collect$$libinit$$00000010)
    __rt_lib_init_lc_ctype_1                 0x08000185   Thumb Code     0  libinit2.o(.ARM.Collect$$libinit$$00000011)
    __rt_lib_init_lc_monetary_1              0x08000185   Thumb Code     0  libinit2.o(.ARM.Collect$$libinit$$00000013)
    __rt_lib_init_lc_numeric_2               0x08000185   Thumb Code     0  libinit2.o(.ARM.Collect$$libinit$$00000014)
    __rt_lib_init_alloca_1                   0x0800018f   Thumb Code     0  libinit2.o(.ARM.Collect$$libinit$$0000002C)
    __rt_lib_init_argv_1                     0x0800018f   Thumb Code     0  libinit2.o(.ARM.Collect$$libinit$$0000002A)
    __rt_lib_init_atexit_1                   0x0800018f   Thumb Code     0  libinit2.o(.ARM.Collect$$libinit$$00000019)
    __rt_lib_init_clock_1                    0x0800018f   Thumb Code     0  libinit2.o(.ARM.Collect$$libinit$$0000001F)
    __rt_lib_init_cpp_1                      0x0800018f   Thumb Code     0  libinit2.o(.ARM.Collect$$libinit$$00000030)
    __rt_lib_init_exceptions_1               0x0800018f   Thumb Code     0  libinit2.o(.ARM.Collect$$libinit$$0000002E)
    __rt_lib_init_fp_trap_1                  0x0800018f   Thumb Code     0  libinit2.o(.ARM.Collect$$libinit$$0000001D)
    __rt_lib_init_getenv_1                   0x0800018f   Thumb Code     0  libinit2.o(.ARM.Collect$$libinit$$00000021)
    __rt_lib_init_lc_numeric_1               0x0800018f   Thumb Code     0  libinit2.o(.ARM.Collect$$libinit$$00000015)
    __rt_lib_init_lc_time_1                  0x0800018f   Thumb Code     0  libinit2.o(.ARM.Collect$$libinit$$00000017)
    __rt_lib_init_return                     0x0800018f   Thumb Code     0  libinit2.o(.ARM.Collect$$libinit$$00000031)
    __rt_lib_init_signal_1                   0x0800018f   Thumb Code     0  libinit2.o(.ARM.Collect$$libinit$$0000001B)
    __rt_lib_init_stdio_1                    0x0800018f   Thumb Code     0  libinit2.o(.ARM.Collect$$libinit$$00000023)
    __rt_lib_shutdown                        0x08000191   Thumb Code     0  libshutdown.o(.ARM.Collect$$libshutdown$$00000000)
    __rt_lib_shutdown_fp_trap_1              0x08000193   Thumb Code     0  libshutdown2.o(.ARM.Collect$$libshutdown$$00000006)
    __rt_lib_shutdown_heap_1                 0x08000193   Thumb Code     0  libshutdown2.o(.ARM.Collect$$libshutdown$$0000000E)
    __rt_lib_shutdown_return                 0x08000193   Thumb Code     0  libshutdown2.o(.ARM.Collect$$libshutdown$$0000000F)
    __rt_lib_shutdown_signal_1               0x08000193   Thumb Code     0  libshutdown2.o(.ARM.Collect$$libshutdown$$00000009)
    __rt_lib_shutdown_stdio_1                0x08000193   Thumb Code     0  libshutdown2.o(.ARM.Collect$$libshutdown$$00000003)
    __rt_lib_shutdown_user_alloc_1           0x08000193   Thumb Code     0  libshutdown2.o(.ARM.Collect$$libshutdown$$0000000B)
    __rt_entry                               0x08000195   Thumb Code     0  rtentry.o(.ARM.Collect$$rtentry$$00000000)
    __rt_entry_presh_1                       0x08000195   Thumb Code     0  rtentry2.o(.ARM.Collect$$rtentry$$00000002)
    __rt_entry_sh                            0x08000195   Thumb Code     0  rtentry4.o(.ARM.Collect$$rtentry$$00000004)
    __rt_entry_li                            0x0800019b   Thumb Code     0  rtentry2.o(.ARM.Collect$$rtentry$$0000000A)
    __rt_entry_postsh_1                      0x0800019b   Thumb Code     0  rtentry2.o(.ARM.Collect$$rtentry$$00000009)
    __rt_entry_main                          0x0800019f   Thumb Code     0  rtentry2.o(.ARM.Collect$$rtentry$$0000000D)
    __rt_entry_postli_1                      0x0800019f   Thumb Code     0  rtentry2.o(.ARM.Collect$$rtentry$$0000000C)
    __rt_exit                                0x080001a7   Thumb Code     0  rtexit.o(.ARM.Collect$$rtexit$$00000000)
    __rt_exit_ls                             0x080001a9   Thumb Code     0  rtexit2.o(.ARM.Collect$$rtexit$$00000003)
    __rt_exit_prels_1                        0x080001a9   Thumb Code     0  rtexit2.o(.ARM.Collect$$rtexit$$00000002)
    __rt_exit_exit                           0x080001ad   Thumb Code     0  rtexit2.o(.ARM.Collect$$rtexit$$00000004)
    Reset_Handler                            0x080001b5   Thumb Code     8  startup_stm32f10x_md.o(.text)
    ADC1_2_IRQHandler                        0x080001cf   Thumb Code     0  startup_stm32f10x_md.o(.text)
    CAN1_RX1_IRQHandler                      0x080001cf   Thumb Code     0  startup_stm32f10x_md.o(.text)
    CAN1_SCE_IRQHandler                      0x080001cf   Thumb Code     0  startup_stm32f10x_md.o(.text)
    DMA1_Channel1_IRQHandler                 0x080001cf   Thumb Code     0  startup_stm32f10x_md.o(.text)
    DMA1_Channel2_IRQHandler                 0x080001cf   Thumb Code     0  startup_stm32f10x_md.o(.text)
    DMA1_Channel3_IRQHandler                 0x080001cf   Thumb Code     0  startup_stm32f10x_md.o(.text)
    DMA1_Channel4_IRQHandler                 0x080001cf   Thumb Code     0  startup_stm32f10x_md.o(.text)
    DMA1_Channel5_IRQHandler                 0x080001cf   Thumb Code     0  startup_stm32f10x_md.o(.text)
    DMA1_Channel6_IRQHandler                 0x080001cf   Thumb Code     0  startup_stm32f10x_md.o(.text)
    DMA1_Channel7_IRQHandler                 0x080001cf   Thumb Code     0  startup_stm32f10x_md.o(.text)
    EXTI0_IRQHandler                         0x080001cf   Thumb Code     0  startup_stm32f10x_md.o(.text)
    EXTI15_10_IRQHandler                     0x080001cf   Thumb Code     0  startup_stm32f10x_md.o(.text)
    EXTI1_IRQHandler                         0x080001cf   Thumb Code     0  startup_stm32f10x_md.o(.text)
    EXTI2_IRQHandler                         0x080001cf   Thumb Code     0  startup_stm32f10x_md.o(.text)
    EXTI3_IRQHandler                         0x080001cf   Thumb Code     0  startup_stm32f10x_md.o(.text)
    EXTI4_IRQHandler                         0x080001cf   Thumb Code     0  startup_stm32f10x_md.o(.text)
    EXTI9_5_IRQHandler                       0x080001cf   Thumb Code     0  startup_stm32f10x_md.o(.text)
    FLASH_IRQHandler                         0x080001cf   Thumb Code     0  startup_stm32f10x_md.o(.text)
    I2C1_ER_IRQHandler                       0x080001cf   Thumb Code     0  startup_stm32f10x_md.o(.text)
    I2C1_EV_IRQHandler                       0x080001cf   Thumb Code     0  startup_stm32f10x_md.o(.text)
    I2C2_ER_IRQHandler                       0x080001cf   Thumb Code     0  startup_stm32f10x_md.o(.text)
    I2C2_EV_IRQHandler                       0x080001cf   Thumb Code     0  startup_stm32f10x_md.o(.text)
    PVD_IRQHandler                           0x080001cf   Thumb Code     0  startup_stm32f10x_md.o(.text)
    RCC_IRQHandler                           0x080001cf   Thumb Code     0  startup_stm32f10x_md.o(.text)
    RTCAlarm_IRQHandler                      0x080001cf   Thumb Code     0  startup_stm32f10x_md.o(.text)
    RTC_IRQHandler                           0x080001cf   Thumb Code     0  startup_stm32f10x_md.o(.text)
    SPI1_IRQHandler                          0x080001cf   Thumb Code     0  startup_stm32f10x_md.o(.text)
    SPI2_IRQHandler                          0x080001cf   Thumb Code     0  startup_stm32f10x_md.o(.text)
    TAMPER_IRQHandler                        0x080001cf   Thumb Code     0  startup_stm32f10x_md.o(.text)
    TIM1_BRK_IRQHandler                      0x080001cf   Thumb Code     0  startup_stm32f10x_md.o(.text)
    TIM1_CC_IRQHandler                       0x080001cf   Thumb Code     0  startup_stm32f10x_md.o(.text)
    TIM1_TRG_COM_IRQHandler                  0x080001cf   Thumb Code     0  startup_stm32f10x_md.o(.text)
    TIM1_UP_IRQHandler                       0x080001cf   Thumb Code     0  startup_stm32f10x_md.o(.text)
    TIM2_IRQHandler                          0x080001cf   Thumb Code     0  startup_stm32f10x_md.o(.text)
    TIM3_IRQHandler                          0x080001cf   Thumb Code     0  startup_stm32f10x_md.o(.text)
    USART2_IRQHandler                        0x080001cf   Thumb Code     0  startup_stm32f10x_md.o(.text)
    USART3_IRQHandler                        0x080001cf   Thumb Code     0  startup_stm32f10x_md.o(.text)
    USBWakeUp_IRQHandler                     0x080001cf   Thumb Code     0  startup_stm32f10x_md.o(.text)
    USB_HP_CAN1_TX_IRQHandler                0x080001cf   Thumb Code     0  startup_stm32f10x_md.o(.text)
    USB_LP_CAN1_RX0_IRQHandler               0x080001cf   Thumb Code     0  startup_stm32f10x_md.o(.text)
    WWDG_IRQHandler                          0x080001cf   Thumb Code     0  startup_stm32f10x_md.o(.text)
    __user_initial_stackheap                 0x080001d1   Thumb Code     0  startup_stm32f10x_md.o(.text)
    NVIC_PriorityGroupConfig                 0x080001f5   Thumb Code    10  misc.o(.text)
    NVIC_Init                                0x080001ff   Thumb Code   102  misc.o(.text)
    NVIC_SetVectorTable                      0x08000265   Thumb Code    14  misc.o(.text)
    NVIC_SystemLPConfig                      0x08000273   Thumb Code    34  misc.o(.text)
    SysTick_CLKSourceConfig                  0x08000295   Thumb Code    40  misc.o(.text)
    GPIO_DeInit                              0x080002d1   Thumb Code   172  stm32f10x_gpio.o(.text)
    GPIO_AFIODeInit                          0x0800037d   Thumb Code    20  stm32f10x_gpio.o(.text)
    GPIO_Init                                0x08000391   Thumb Code   274  stm32f10x_gpio.o(.text)
    GPIO_StructInit                          0x080004a3   Thumb Code    16  stm32f10x_gpio.o(.text)
    GPIO_ReadInputDataBit                    0x080004b3   Thumb Code    18  stm32f10x_gpio.o(.text)
    GPIO_ReadInputData                       0x080004c5   Thumb Code     8  stm32f10x_gpio.o(.text)
    GPIO_ReadOutputDataBit                   0x080004cd   Thumb Code    18  stm32f10x_gpio.o(.text)
    GPIO_ReadOutputData                      0x080004df   Thumb Code     8  stm32f10x_gpio.o(.text)
    GPIO_SetBits                             0x080004e7   Thumb Code     4  stm32f10x_gpio.o(.text)
    GPIO_ResetBits                           0x080004eb   Thumb Code     4  stm32f10x_gpio.o(.text)
    GPIO_WriteBit                            0x080004ef   Thumb Code    10  stm32f10x_gpio.o(.text)
    GPIO_Write                               0x080004f9   Thumb Code     4  stm32f10x_gpio.o(.text)
    GPIO_PinLockConfig                       0x080004fd   Thumb Code    18  stm32f10x_gpio.o(.text)
    GPIO_EventOutputConfig                   0x0800050f   Thumb Code    26  stm32f10x_gpio.o(.text)
    GPIO_EventOutputCmd                      0x08000529   Thumb Code     6  stm32f10x_gpio.o(.text)
    GPIO_PinRemapConfig                      0x0800052f   Thumb Code   138  stm32f10x_gpio.o(.text)
    GPIO_EXTILineConfig                      0x080005b9   Thumb Code    66  stm32f10x_gpio.o(.text)
    GPIO_ETH_MediaInterfaceConfig            0x080005fb   Thumb Code     6  stm32f10x_gpio.o(.text)
    RCC_DeInit                               0x08000629   Thumb Code    64  stm32f10x_rcc.o(.text)
    RCC_HSEConfig                            0x08000669   Thumb Code    70  stm32f10x_rcc.o(.text)
    RCC_GetFlagStatus                        0x080006af   Thumb Code    56  stm32f10x_rcc.o(.text)
    RCC_WaitForHSEStartUp                    0x080006e7   Thumb Code    56  stm32f10x_rcc.o(.text)
    RCC_AdjustHSICalibrationValue            0x0800071f   Thumb Code    20  stm32f10x_rcc.o(.text)
    RCC_HSICmd                               0x08000733   Thumb Code     6  stm32f10x_rcc.o(.text)
    RCC_PLLConfig                            0x08000739   Thumb Code    24  stm32f10x_rcc.o(.text)
    RCC_PLLCmd                               0x08000751   Thumb Code     6  stm32f10x_rcc.o(.text)
    RCC_SYSCLKConfig                         0x08000757   Thumb Code    18  stm32f10x_rcc.o(.text)
    RCC_GetSYSCLKSource                      0x08000769   Thumb Code    10  stm32f10x_rcc.o(.text)
    RCC_HCLKConfig                           0x08000773   Thumb Code    18  stm32f10x_rcc.o(.text)
    RCC_PCLK1Config                          0x08000785   Thumb Code    18  stm32f10x_rcc.o(.text)
    RCC_PCLK2Config                          0x08000797   Thumb Code    20  stm32f10x_rcc.o(.text)
    RCC_ITConfig                             0x080007ab   Thumb Code    26  stm32f10x_rcc.o(.text)
    RCC_USBCLKConfig                         0x080007c5   Thumb Code     6  stm32f10x_rcc.o(.text)
    RCC_ADCCLKConfig                         0x080007cb   Thumb Code    18  stm32f10x_rcc.o(.text)
    RCC_LSEConfig                            0x080007dd   Thumb Code    44  stm32f10x_rcc.o(.text)
    RCC_LSICmd                               0x08000809   Thumb Code     6  stm32f10x_rcc.o(.text)
    RCC_RTCCLKConfig                         0x0800080f   Thumb Code    12  stm32f10x_rcc.o(.text)
    RCC_RTCCLKCmd                            0x0800081b   Thumb Code     8  stm32f10x_rcc.o(.text)
    RCC_GetClocksFreq                        0x08000823   Thumb Code   192  stm32f10x_rcc.o(.text)
    RCC_AHBPeriphClockCmd                    0x080008e3   Thumb Code    26  stm32f10x_rcc.o(.text)
    RCC_APB2PeriphClockCmd                   0x080008fd   Thumb Code    26  stm32f10x_rcc.o(.text)
    RCC_APB1PeriphClockCmd                   0x08000917   Thumb Code    26  stm32f10x_rcc.o(.text)
    RCC_APB2PeriphResetCmd                   0x08000931   Thumb Code    26  stm32f10x_rcc.o(.text)
    RCC_APB1PeriphResetCmd                   0x0800094b   Thumb Code    26  stm32f10x_rcc.o(.text)
    RCC_BackupResetCmd                       0x08000965   Thumb Code     8  stm32f10x_rcc.o(.text)
    RCC_ClockSecuritySystemCmd               0x0800096d   Thumb Code     6  stm32f10x_rcc.o(.text)
    RCC_MCOConfig                            0x08000973   Thumb Code     6  stm32f10x_rcc.o(.text)
    RCC_ClearFlag                            0x08000979   Thumb Code    14  stm32f10x_rcc.o(.text)
    RCC_GetITStatus                          0x08000987   Thumb Code    20  stm32f10x_rcc.o(.text)
    RCC_ClearITPendingBit                    0x0800099b   Thumb Code     6  stm32f10x_rcc.o(.text)
    TIM_DeInit                               0x080009cd   Thumb Code   424  stm32f10x_tim.o(.text)
    TIM_TimeBaseInit                         0x08000b75   Thumb Code   122  stm32f10x_tim.o(.text)
    TIM_OC1Init                              0x08000bef   Thumb Code   132  stm32f10x_tim.o(.text)
    TIM_OC2Init                              0x08000c73   Thumb Code   154  stm32f10x_tim.o(.text)
    TIM_OC3Init                              0x08000d0d   Thumb Code   150  stm32f10x_tim.o(.text)
    TIM_OC4Init                              0x08000da3   Thumb Code   182  stm32f10x_tim.o(.text)
    TIM_SetIC4Prescaler                      0x08000e59   Thumb Code    26  stm32f10x_tim.o(.text)
    TIM_SetIC3Prescaler                      0x08000ef5   Thumb Code    18  stm32f10x_tim.o(.text)
    TIM_SetIC2Prescaler                      0x08000f81   Thumb Code    26  stm32f10x_tim.o(.text)
    TIM_SetIC1Prescaler                      0x0800101d   Thumb Code    18  stm32f10x_tim.o(.text)
    TIM_ICInit                               0x0800109b   Thumb Code   150  stm32f10x_tim.o(.text)
    TIM_PWMIConfig                           0x08001131   Thumb Code   124  stm32f10x_tim.o(.text)
    TIM_BDTRConfig                           0x080011ad   Thumb Code    32  stm32f10x_tim.o(.text)
    TIM_TimeBaseStructInit                   0x080011cd   Thumb Code    18  stm32f10x_tim.o(.text)
    TIM_OCStructInit                         0x080011df   Thumb Code    20  stm32f10x_tim.o(.text)
    TIM_ICStructInit                         0x080011f3   Thumb Code    18  stm32f10x_tim.o(.text)
    TIM_BDTRStructInit                       0x08001205   Thumb Code    40  stm32f10x_tim.o(.text)
    TIM_Cmd                                  0x0800122d   Thumb Code    24  stm32f10x_tim.o(.text)
    TIM_CtrlPWMOutputs                       0x08001245   Thumb Code    30  stm32f10x_tim.o(.text)
    TIM_ITConfig                             0x08001263   Thumb Code    18  stm32f10x_tim.o(.text)
    TIM_GenerateEvent                        0x08001275   Thumb Code     4  stm32f10x_tim.o(.text)
    TIM_DMAConfig                            0x08001279   Thumb Code    10  stm32f10x_tim.o(.text)
    TIM_DMACmd                               0x08001283   Thumb Code    18  stm32f10x_tim.o(.text)
    TIM_InternalClockConfig                  0x08001295   Thumb Code    12  stm32f10x_tim.o(.text)
    TIM_SelectInputTrigger                   0x080012a1   Thumb Code    18  stm32f10x_tim.o(.text)
    TIM_ITRxExternalClockConfig              0x080012b3   Thumb Code    24  stm32f10x_tim.o(.text)
    TIM_TIxExternalClockConfig               0x080012cb   Thumb Code    62  stm32f10x_tim.o(.text)
    TIM_ETRConfig                            0x08001309   Thumb Code    28  stm32f10x_tim.o(.text)
    TIM_ETRClockMode1Config                  0x08001325   Thumb Code    54  stm32f10x_tim.o(.text)
    TIM_ETRClockMode2Config                  0x0800135b   Thumb Code    32  stm32f10x_tim.o(.text)
    TIM_PrescalerConfig                      0x0800137b   Thumb Code     6  stm32f10x_tim.o(.text)
    TIM_CounterModeConfig                    0x08001381   Thumb Code    18  stm32f10x_tim.o(.text)
    TIM_EncoderInterfaceConfig               0x08001393   Thumb Code    66  stm32f10x_tim.o(.text)
    TIM_ForcedOC1Config                      0x080013d5   Thumb Code    18  stm32f10x_tim.o(.text)
    TIM_ForcedOC2Config                      0x080013e7   Thumb Code    26  stm32f10x_tim.o(.text)
    TIM_ForcedOC3Config                      0x08001401   Thumb Code    18  stm32f10x_tim.o(.text)
    TIM_ForcedOC4Config                      0x08001413   Thumb Code    26  stm32f10x_tim.o(.text)
    TIM_ARRPreloadConfig                     0x0800142d   Thumb Code    24  stm32f10x_tim.o(.text)
    TIM_SelectCOM                            0x08001445   Thumb Code    24  stm32f10x_tim.o(.text)
    TIM_SelectCCDMA                          0x0800145d   Thumb Code    24  stm32f10x_tim.o(.text)
    TIM_CCPreloadControl                     0x08001475   Thumb Code    24  stm32f10x_tim.o(.text)
    TIM_OC1PreloadConfig                     0x0800148d   Thumb Code    18  stm32f10x_tim.o(.text)
    TIM_OC2PreloadConfig                     0x0800149f   Thumb Code    26  stm32f10x_tim.o(.text)
    TIM_OC3PreloadConfig                     0x080014b9   Thumb Code    18  stm32f10x_tim.o(.text)
    TIM_OC4PreloadConfig                     0x080014cb   Thumb Code    26  stm32f10x_tim.o(.text)
    TIM_OC1FastConfig                        0x080014e5   Thumb Code    18  stm32f10x_tim.o(.text)
    TIM_OC2FastConfig                        0x080014f7   Thumb Code    26  stm32f10x_tim.o(.text)
    TIM_OC3FastConfig                        0x08001511   Thumb Code    18  stm32f10x_tim.o(.text)
    TIM_OC4FastConfig                        0x08001523   Thumb Code    26  stm32f10x_tim.o(.text)
    TIM_ClearOC1Ref                          0x0800153d   Thumb Code    18  stm32f10x_tim.o(.text)
    TIM_ClearOC2Ref                          0x0800154f   Thumb Code    24  stm32f10x_tim.o(.text)
    TIM_ClearOC3Ref                          0x08001567   Thumb Code    18  stm32f10x_tim.o(.text)
    TIM_ClearOC4Ref                          0x08001579   Thumb Code    24  stm32f10x_tim.o(.text)
    TIM_OC1PolarityConfig                    0x08001591   Thumb Code    18  stm32f10x_tim.o(.text)
    TIM_OC1NPolarityConfig                   0x080015a3   Thumb Code    18  stm32f10x_tim.o(.text)
    TIM_OC2PolarityConfig                    0x080015b5   Thumb Code    26  stm32f10x_tim.o(.text)
    TIM_OC2NPolarityConfig                   0x080015cf   Thumb Code    26  stm32f10x_tim.o(.text)
    TIM_OC3PolarityConfig                    0x080015e9   Thumb Code    26  stm32f10x_tim.o(.text)
    TIM_OC3NPolarityConfig                   0x08001603   Thumb Code    26  stm32f10x_tim.o(.text)
    TIM_OC4PolarityConfig                    0x0800161d   Thumb Code    26  stm32f10x_tim.o(.text)
    TIM_CCxCmd                               0x08001637   Thumb Code    30  stm32f10x_tim.o(.text)
    TIM_CCxNCmd                              0x08001655   Thumb Code    30  stm32f10x_tim.o(.text)
    TIM_SelectOCxM                           0x08001673   Thumb Code    82  stm32f10x_tim.o(.text)
    TIM_UpdateDisableConfig                  0x080016c5   Thumb Code    24  stm32f10x_tim.o(.text)
    TIM_UpdateRequestConfig                  0x080016dd   Thumb Code    24  stm32f10x_tim.o(.text)
    TIM_SelectHallSensor                     0x080016f5   Thumb Code    24  stm32f10x_tim.o(.text)
    TIM_SelectOnePulseMode                   0x0800170d   Thumb Code    18  stm32f10x_tim.o(.text)
    TIM_SelectOutputTrigger                  0x0800171f   Thumb Code    18  stm32f10x_tim.o(.text)
    TIM_SelectSlaveMode                      0x08001731   Thumb Code    18  stm32f10x_tim.o(.text)
    TIM_SelectMasterSlaveMode                0x08001743   Thumb Code    18  stm32f10x_tim.o(.text)
    TIM_SetCounter                           0x08001755   Thumb Code     4  stm32f10x_tim.o(.text)
    TIM_SetAutoreload                        0x08001759   Thumb Code     4  stm32f10x_tim.o(.text)
    TIM_SetCompare1                          0x0800175d   Thumb Code     4  stm32f10x_tim.o(.text)
    TIM_SetCompare2                          0x08001761   Thumb Code     4  stm32f10x_tim.o(.text)
    TIM_SetCompare3                          0x08001765   Thumb Code     4  stm32f10x_tim.o(.text)
    TIM_SetCompare4                          0x08001769   Thumb Code     6  stm32f10x_tim.o(.text)
    TIM_SetClockDivision                     0x0800176f   Thumb Code    18  stm32f10x_tim.o(.text)
    TIM_GetCapture1                          0x08001781   Thumb Code     6  stm32f10x_tim.o(.text)
    TIM_GetCapture2                          0x08001787   Thumb Code     6  stm32f10x_tim.o(.text)
    TIM_GetCapture3                          0x0800178d   Thumb Code     6  stm32f10x_tim.o(.text)
    TIM_GetCapture4                          0x08001793   Thumb Code     8  stm32f10x_tim.o(.text)
    TIM_GetCounter                           0x0800179b   Thumb Code     6  stm32f10x_tim.o(.text)
    TIM_GetPrescaler                         0x080017a1   Thumb Code     6  stm32f10x_tim.o(.text)
    TIM_GetFlagStatus                        0x080017a7   Thumb Code    18  stm32f10x_tim.o(.text)
    TIM_ClearFlag                            0x080017b9   Thumb Code     6  stm32f10x_tim.o(.text)
    TIM_GetITStatus                          0x080017bf   Thumb Code    34  stm32f10x_tim.o(.text)
    TIM_ClearITPendingBit                    0x080017e1   Thumb Code     6  stm32f10x_tim.o(.text)
    USART_DeInit                             0x080017e9   Thumb Code   134  stm32f10x_usart.o(.text)
    USART_Init                               0x0800186f   Thumb Code   210  stm32f10x_usart.o(.text)
    USART_StructInit                         0x08001941   Thumb Code    24  stm32f10x_usart.o(.text)
    USART_ClockInit                          0x08001959   Thumb Code    34  stm32f10x_usart.o(.text)
    USART_ClockStructInit                    0x0800197b   Thumb Code    12  stm32f10x_usart.o(.text)
    USART_Cmd                                0x08001987   Thumb Code    24  stm32f10x_usart.o(.text)
    USART_ITConfig                           0x0800199f   Thumb Code    74  stm32f10x_usart.o(.text)
    USART_DMACmd                             0x080019e9   Thumb Code    18  stm32f10x_usart.o(.text)
    USART_SetAddress                         0x080019fb   Thumb Code    18  stm32f10x_usart.o(.text)
    USART_WakeUpConfig                       0x08001a0d   Thumb Code    18  stm32f10x_usart.o(.text)
    USART_ReceiverWakeUpCmd                  0x08001a1f   Thumb Code    24  stm32f10x_usart.o(.text)
    USART_LINBreakDetectLengthConfig         0x08001a37   Thumb Code    18  stm32f10x_usart.o(.text)
    USART_LINCmd                             0x08001a49   Thumb Code    24  stm32f10x_usart.o(.text)
    USART_SendData                           0x08001a61   Thumb Code     8  stm32f10x_usart.o(.text)
    USART_ReceiveData                        0x08001a69   Thumb Code    10  stm32f10x_usart.o(.text)
    USART_SendBreak                          0x08001a73   Thumb Code    10  stm32f10x_usart.o(.text)
    USART_SetGuardTime                       0x08001a7d   Thumb Code    16  stm32f10x_usart.o(.text)
    USART_SetPrescaler                       0x08001a8d   Thumb Code    16  stm32f10x_usart.o(.text)
    USART_SmartCardCmd                       0x08001a9d   Thumb Code    24  stm32f10x_usart.o(.text)
    USART_SmartCardNACKCmd                   0x08001ab5   Thumb Code    24  stm32f10x_usart.o(.text)
    USART_HalfDuplexCmd                      0x08001acd   Thumb Code    24  stm32f10x_usart.o(.text)
    USART_OverSampling8Cmd                   0x08001ae5   Thumb Code    22  stm32f10x_usart.o(.text)
    USART_OneBitMethodCmd                    0x08001afb   Thumb Code    24  stm32f10x_usart.o(.text)
    USART_IrDAConfig                         0x08001b13   Thumb Code    18  stm32f10x_usart.o(.text)
    USART_IrDACmd                            0x08001b25   Thumb Code    24  stm32f10x_usart.o(.text)
    USART_GetFlagStatus                      0x08001b3d   Thumb Code    26  stm32f10x_usart.o(.text)
    USART_ClearFlag                          0x08001b57   Thumb Code    18  stm32f10x_usart.o(.text)
    USART_GetITStatus                        0x08001b69   Thumb Code    84  stm32f10x_usart.o(.text)
    USART_ClearITPendingBit                  0x08001bbd   Thumb Code    52  stm32f10x_usart.o(.text)
    SystemInit                               0x08001ccd   Thumb Code    78  system_stm32f10x.o(.text)
    SystemCoreClockUpdate                    0x08001d1b   Thumb Code   142  system_stm32f10x.o(.text)
    delay_us                                 0x08001dcd   Thumb Code    52  delay.o(.text)
    delay_ms                                 0x08001e01   Thumb Code    58  delay.o(.text)
    systick_count                            0x08001e3b   Thumb Code    18  delay.o(.text)
    TIM2_PWM                                 0x08001e51   Thumb Code   188  timer.o(.text)
    TIM3_1ms                                 0x08001f0d   Thumb Code    80  timer.o(.text)
    PWM_Enable                               0x08001f5d   Thumb Code    46  timer.o(.text)
    Hall_Init                                0x08001f8b   Thumb Code   306  timer.o(.text)
    TIM_IRQHandler                           0x080020bd   Thumb Code    58  timer.o(.text)
    _sys_exit                                0x08002105   Thumb Code     4  usart.o(.text)
    fputc                                    0x08002109   Thumb Code    22  usart.o(.text)
    usart1_init                              0x0800211f   Thumb Code   154  usart.o(.text)
    USART1_IRQHandler                        0x080021b9   Thumb Code   136  usart.o(.text)
    commander_run                            0x08002241   Thumb Code   124  usart.o(.text)
    setPhaseVoltage                          0x08002311   Thumb Code  1096  bldc.o(.text)
    angleOpenloop                            0x08002759   Thumb Code   334  bldc.o(.text)
    velocityOpenloop                         0x080028a7   Thumb Code   212  bldc.o(.text)
    move                                     0x0800297b   Thumb Code   206  bldc.o(.text)
    alignSensor                              0x08002a49   Thumb Code   748  bldc.o(.text)
    loopFOC                                  0x08002d35   Thumb Code    86  bldc.o(.text)
    Motor_init                               0x08002d8b   Thumb Code    58  bldc.o(.text)
    Motor_FOC_init                           0x08002dc5   Thumb Code    58  bldc.o(.text)
    electricalAngle                          0x08002f7d   Thumb Code    56  foc.o(.text)
    shaftVelocity                            0x08002fb5   Thumb Code    32  foc.o(.text)
    shaftAngle                               0x08002fd5   Thumb Code    38  foc.o(.text)
    _sin                                     0x08003011   Thumb Code   612  utils.o(.text)
    _cos                                     0x08003275   Thumb Code    90  utils.o(.text)
    _normalizeAngle                          0x080032cf   Thumb Code    74  utils.o(.text)
    _electricalAngle                         0x08003319   Thumb Code    22  utils.o(.text)
    _sqrtApprox                              0x0800332f   Thumb Code    24  utils.o(.text)
    lowpassfilter                            0x08003385   Thumb Code    60  lowpassfilter.o(.text)
    PID_Init                                 0x080033c9   Thumb Code    74  pid.o(.text)
    PID_velocity                             0x08003413   Thumb Code   492  pid.o(.text)
    PID_angle                                0x080035ff   Thumb Code   270  pid.o(.text)
    hallconfig                               0x0800375d   Thumb Code    52  hall.o(.text)
    GetSensorAngle                           0x08003791   Thumb Code   200  hall.o(.text)
    GetSensorVelocity                        0x08003859   Thumb Code   180  hall.o(.text)
    main                                     0x0800394d   Thumb Code   122  main.o(.text)
    NMI_Handler                              0x080039fd   Thumb Code     2  stm32f10x_it.o(.text)
    HardFault_Handler                        0x080039ff   Thumb Code     4  stm32f10x_it.o(.text)
    MemManage_Handler                        0x08003a03   Thumb Code     4  stm32f10x_it.o(.text)
    BusFault_Handler                         0x08003a07   Thumb Code     4  stm32f10x_it.o(.text)
    UsageFault_Handler                       0x08003a0b   Thumb Code     4  stm32f10x_it.o(.text)
    SVC_Handler                              0x08003a0f   Thumb Code     2  stm32f10x_it.o(.text)
    DebugMon_Handler                         0x08003a11   Thumb Code     2  stm32f10x_it.o(.text)
    PendSV_Handler                           0x08003a13   Thumb Code     2  stm32f10x_it.o(.text)
    SysTick_Handler                          0x08003a15   Thumb Code     2  stm32f10x_it.o(.text)
    TIM4_IRQHandler                          0x08003a17   Thumb Code    34  stm32f10x_it.o(.text)
    __use_no_semihosting                     0x08003a41   Thumb Code     2  use_no_semi_2.o(.text)
    __2printf                                0x08003a45   Thumb Code    20  noretval__2printf.o(.text)
    _printf_int_dec                          0x08003a5d   Thumb Code   102  _printf_dec.o(.text)
    __printf                                 0x08003ad5   Thumb Code   270  __printf_wp.o(.text)
    __use_two_region_memory                  0x08003be3   Thumb Code     2  heapauxi.o(.text)
    __rt_heap_escrow$2region                 0x08003be5   Thumb Code     2  heapauxi.o(.text)
    __rt_heap_expand$2region                 0x08003be7   Thumb Code     2  heapauxi.o(.text)
    __I$use$semihosting                      0x08003be9   Thumb Code     0  use_no_semi.o(.text)
    __use_no_semihosting_swi                 0x08003be9   Thumb Code     2  use_no_semi.o(.text)
    __read_errno                             0x08003beb   Thumb Code    10  _rserrno.o(.text)
    __set_errno                              0x08003bf5   Thumb Code    12  _rserrno.o(.text)
    _printf_int_common                       0x08003c01   Thumb Code   184  _printf_intcommon.o(.text)
    __lib_sel_fp_printf                      0x08003cb9   Thumb Code     2  _printf_fp_dec.o(.text)
    _printf_fp_dec_real                      0x08003e65   Thumb Code   628  _printf_fp_dec.o(.text)
    _printf_char_file                        0x080040d9   Thumb Code    32  _printf_char_file.o(.text)
    __strtod_int                             0x08004139   Thumb Code    88  strtod.o(.text)
    __rt_locale                              0x0800419d   Thumb Code     8  rt_locale_intlibspace.o(.text)
    __aeabi_errno_addr                       0x080041a5   Thumb Code     8  rt_errno_addr_intlibspace.o(.text)
    __errno$intlibspace                      0x080041a5   Thumb Code     0  rt_errno_addr_intlibspace.o(.text)
    __rt_errno_addr$intlibspace              0x080041a5   Thumb Code     0  rt_errno_addr_intlibspace.o(.text)
    _ll_udiv10                               0x080041ad   Thumb Code   138  lludiv10.o(.text)
    isspace                                  0x08004237   Thumb Code    18  isspace.o(.text)
    _printf_char_common                      0x08004253   Thumb Code    32  _printf_char_common.o(.text)
    _printf_fp_infnan                        0x08004279   Thumb Code   112  _printf_fp_infnan.o(.text)
    _sgetc                                   0x080042f9   Thumb Code    30  _sgetc.o(.text)
    _sbackspace                              0x08004317   Thumb Code    34  _sgetc.o(.text)
    _btod_etento                             0x08004339   Thumb Code   222  bigflt0.o(.text)
    ferror                                   0x0800441d   Thumb Code     8  ferror.o(.text)
    __user_libspace                          0x08004425   Thumb Code     8  libspace.o(.text)
    __user_perproc_libspace                  0x08004425   Thumb Code     0  libspace.o(.text)
    __user_perthread_libspace                0x08004425   Thumb Code     0  libspace.o(.text)
    __user_setup_stackheap                   0x0800442d   Thumb Code    74  sys_stackheap_outer.o(.text)
    __rt_ctype_table                         0x08004479   Thumb Code    16  rt_ctype_table.o(.text)
    _scanf_really_real                       0x08004681   Thumb Code   672  scanf_fp.o(.text)
    exit                                     0x0800492d   Thumb Code    12  exit.o(.text)
    strcmp                                   0x08004939   Thumb Code   128  strcmpv7m.o(.text)
    _scanf_really_hex_real                   0x080049b9   Thumb Code   776  scanf_hexfp.o(.text)
    _scanf_really_infnan                     0x08004ccd   Thumb Code   298  scanf_infnan.o(.text)
    __aeabi_llsl                             0x08004e09   Thumb Code     0  llshl.o(.text)
    _ll_shift_l                              0x08004e09   Thumb Code    38  llshl.o(.text)
    _chval                                   0x08004e2f   Thumb Code    28  _chval.o(.text)
    _btod_d2e                                0x08004e4b   Thumb Code    62  btod.o(CL$$btod_d2e)
    _d2e_denorm_low                          0x08004e89   Thumb Code    70  btod.o(CL$$btod_d2e_denorm_low)
    _d2e_norm_op1                            0x08004ecf   Thumb Code    96  btod.o(CL$$btod_d2e_norm_op1)
    __btod_div_common                        0x08004f2f   Thumb Code   696  btod.o(CL$$btod_div_common)
    _e2d                                     0x08005269   Thumb Code    80  btod.o(CL$$btod_e2d)
    _e2e                                     0x080052bd   Thumb Code   198  btod.o(CL$$btod_e2e)
    _btod_ediv                               0x08005383   Thumb Code    40  btod.o(CL$$btod_ediv)
    _btod_edivd                              0x080053ab   Thumb Code    40  btod.o(CL$$btod_edivd)
    _btod_emul                               0x080053d3   Thumb Code    40  btod.o(CL$$btod_emul)
    _btod_emuld                              0x080053fb   Thumb Code    40  btod.o(CL$$btod_emuld)
    __btod_mult_common                       0x08005423   Thumb Code   580  btod.o(CL$$btod_mult_common)
    __ARM_fpclassify                         0x08005667   Thumb Code    40  fpclassify.o(i.__ARM_fpclassify)
    __kernel_poly                            0x0800568f   Thumb Code   170  poly.o(i.__kernel_poly)
    __mathlib_dbl_underflow                  0x08005739   Thumb Code    10  dunder.o(i.__mathlib_dbl_underflow)
    __mathlib_narrow                         0x08005749   Thumb Code    16  narrow.o(i.__mathlib_narrow)
    __mathlib_tofloat                        0x08005759   Thumb Code   132  narrow.o(i.__mathlib_tofloat)
    __support_ldexp                          0x080057e1   Thumb Code    22  ldexp.o(i.__support_ldexp)
    _is_digit                                0x080057f7   Thumb Code    14  __printf_wp.o(i._is_digit)
    atan                                     0x08005805   Thumb Code   478  atan.o(i.atan)
    atan2                                    0x08005a29   Thumb Code   346  atan2.o(i.atan2)
    atof                                     0x08005ba9   Thumb Code    42  atof.o(i.atof)
    fmod                                     0x08005bd5   Thumb Code   152  fmod.o(i.fmod)
    frexp                                    0x08005c71   Thumb Code    80  frexp.o(i.frexp)
    ldexp                                    0x08005cc9   Thumb Code   126  ldexp.o(i.ldexp)
    _get_lc_numeric                          0x08005d49   Thumb Code    44  lc_numeric_c.o(locale$$code)
    _get_lc_ctype                            0x08005d75   Thumb Code    44  lc_ctype_c.o(locale$$code)
    __aeabi_d2f                              0x08005da1   Thumb Code     0  d2f.o(x$fpl$d2f)
    _d2f                                     0x08005da1   Thumb Code    98  d2f.o(x$fpl$d2f)
    __aeabi_dadd                             0x08005e05   Thumb Code     0  daddsub_clz.o(x$fpl$dadd)
    _dadd                                    0x08005e05   Thumb Code   332  daddsub_clz.o(x$fpl$dadd)
    __fpl_dcheck_NaN1                        0x08005f55   Thumb Code    10  dcheck1.o(x$fpl$dcheck1)
    __fpl_dcmp_Inf                           0x08005f65   Thumb Code    24  dcmpi.o(x$fpl$dcmpinf)
    __aeabi_ddiv                             0x08005f7d   Thumb Code     0  ddiv.o(x$fpl$ddiv)
    _ddiv                                    0x08005f7d   Thumb Code   552  ddiv.o(x$fpl$ddiv)
    __aeabi_cdcmpeq                          0x0800622d   Thumb Code     0  deqf.o(x$fpl$deqf)
    _dcmpeq                                  0x0800622d   Thumb Code   120  deqf.o(x$fpl$deqf)
    __aeabi_d2iz                             0x080062a5   Thumb Code     0  dfix.o(x$fpl$dfix)
    _dfix                                    0x080062a5   Thumb Code    94  dfix.o(x$fpl$dfix)
    __aeabi_d2uiz                            0x08006305   Thumb Code     0  dfixu.o(x$fpl$dfixu)
    _dfixu                                   0x08006305   Thumb Code    90  dfixu.o(x$fpl$dfixu)
    __aeabi_i2d                              0x0800635f   Thumb Code     0  dflt_clz.o(x$fpl$dflt)
    _dflt                                    0x0800635f   Thumb Code    46  dflt_clz.o(x$fpl$dflt)
    __aeabi_ui2d                             0x0800638d   Thumb Code     0  dflt_clz.o(x$fpl$dfltu)
    _dfltu                                   0x0800638d   Thumb Code    38  dflt_clz.o(x$fpl$dfltu)
    __aeabi_cdcmple                          0x080063b5   Thumb Code     0  dleqf.o(x$fpl$dleqf)
    _dcmple                                  0x080063b5   Thumb Code   120  dleqf.o(x$fpl$dleqf)
    __fpl_dcmple_InfNaN                      0x08006417   Thumb Code     0  dleqf.o(x$fpl$dleqf)
    __aeabi_dmul                             0x0800642d   Thumb Code     0  dmul.o(x$fpl$dmul)
    _dmul                                    0x0800642d   Thumb Code   332  dmul.o(x$fpl$dmul)
    __fpl_dnaninf                            0x08006581   Thumb Code   156  dnaninf.o(x$fpl$dnaninf)
    _drem                                    0x0800661d   Thumb Code   328  drem_clz.o(x$fpl$drem)
    __fpl_dretinf                            0x0800676d   Thumb Code    12  dretinf.o(x$fpl$dretinf)
    __aeabi_cdrcmple                         0x08006779   Thumb Code     0  drleqf.o(x$fpl$drleqf)
    _drcmple                                 0x08006779   Thumb Code   108  drleqf.o(x$fpl$drleqf)
    __aeabi_drsub                            0x080067e5   Thumb Code     0  daddsub_clz.o(x$fpl$drsb)
    _drsb                                    0x080067e5   Thumb Code    22  daddsub_clz.o(x$fpl$drsb)
    __aeabi_dsub                             0x080067fd   Thumb Code     0  daddsub_clz.o(x$fpl$dsub)
    _dsub                                    0x080067fd   Thumb Code   464  daddsub_clz.o(x$fpl$dsub)
    __aeabi_f2d                              0x080069d1   Thumb Code     0  f2d.o(x$fpl$f2d)
    _f2d                                     0x080069d1   Thumb Code    86  f2d.o(x$fpl$f2d)
    __aeabi_fadd                             0x08006a29   Thumb Code     0  faddsub_clz.o(x$fpl$fadd)
    _fadd                                    0x08006a29   Thumb Code   196  faddsub_clz.o(x$fpl$fadd)
    __fpl_fcmp_Inf                           0x08006aed   Thumb Code    24  fcmpi.o(x$fpl$fcmpinf)
    __aeabi_fdiv                             0x08006b05   Thumb Code     0  fdiv.o(x$fpl$fdiv)
    _fdiv                                    0x08006b05   Thumb Code   384  fdiv.o(x$fpl$fdiv)
    __aeabi_cfcmpeq                          0x08006c89   Thumb Code     0  feqf.o(x$fpl$feqf)
    _fcmpeq                                  0x08006c89   Thumb Code   104  feqf.o(x$fpl$feqf)
    __aeabi_f2iz                             0x08006cf1   Thumb Code     0  ffix.o(x$fpl$ffix)
    _ffix                                    0x08006cf1   Thumb Code    54  ffix.o(x$fpl$ffix)
    __aeabi_f2uiz                            0x08006d29   Thumb Code     0  ffixu.o(x$fpl$ffixu)
    _ffixu                                   0x08006d29   Thumb Code    62  ffixu.o(x$fpl$ffixu)
    __aeabi_i2f                              0x08006d69   Thumb Code     0  fflt_clz.o(x$fpl$fflt)
    _fflt                                    0x08006d69   Thumb Code    48  fflt_clz.o(x$fpl$fflt)
    __aeabi_ui2f                             0x08006d99   Thumb Code     0  fflt_clz.o(x$fpl$ffltu)
    _ffltu                                   0x08006d99   Thumb Code    38  fflt_clz.o(x$fpl$ffltu)
    __aeabi_cfcmple                          0x08006dc1   Thumb Code     0  fleqf.o(x$fpl$fleqf)
    _fcmple                                  0x08006dc1   Thumb Code   104  fleqf.o(x$fpl$fleqf)
    __fpl_fcmple_InfNaN                      0x08006e13   Thumb Code     0  fleqf.o(x$fpl$fleqf)
    __aeabi_fmul                             0x08006e29   Thumb Code     0  fmul.o(x$fpl$fmul)
    _fmul                                    0x08006e29   Thumb Code   258  fmul.o(x$fpl$fmul)
    __fpl_fnaninf                            0x08006f2b   Thumb Code   140  fnaninf.o(x$fpl$fnaninf)
    __fpl_fretinf                            0x08006fb7   Thumb Code    10  fretinf.o(x$fpl$fretinf)
    __aeabi_cfrcmple                         0x08006fc1   Thumb Code     0  frleqf.o(x$fpl$frleqf)
    _frcmple                                 0x08006fc1   Thumb Code    98  frleqf.o(x$fpl$frleqf)
    __aeabi_frsub                            0x08007023   Thumb Code     0  faddsub_clz.o(x$fpl$frsb)
    _frsb                                    0x08007023   Thumb Code    20  faddsub_clz.o(x$fpl$frsb)
    __aeabi_fsub                             0x08007039   Thumb Code     0  faddsub_clz.o(x$fpl$fsub)
    _fsub                                    0x08007039   Thumb Code   234  faddsub_clz.o(x$fpl$fsub)
    _printf_fp_dec                           0x08007123   Thumb Code     4  printf1.o(x$fpl$printf1)
    __fpl_return_NaN                         0x08007127   Thumb Code   100  retnan.o(x$fpl$retnan)
    __ARM_scalbn                             0x0800718b   Thumb Code    92  scalbn.o(x$fpl$scalbn)
    _scanf_real                              0x080071e7   Thumb Code     4  scanf1.o(x$fpl$scanf1)
    _scanf_hex_real                          0x080071eb   Thumb Code     4  scanf2.o(x$fpl$scanf2)
    _scanf_infnan                            0x080071ef   Thumb Code     4  scanf2.o(x$fpl$scanf2)
    __fpl_cmpreturn                          0x080071f3   Thumb Code    48  trapv.o(x$fpl$trapveneer)
    __I$use$fp                               0x08007222   Number         0  usenofp.o(x$fpl$usenofp)
    sine_array                               0x08007224   Data         800  utils.o(.constdata)
    __mathlib_zero                           0x080075e0   Data           8  qnan.o(.constdata)
    Region$$Table$$Base                      0x0800767c   Number         0  anon$$obj.o(Region$$Table)
    Region$$Table$$Limit                     0x0800769c   Number         0  anon$$obj.o(Region$$Table)
    __aeabi_HUGE_VAL                         0x0800769c   Data           0  fpconst.o(c$$dinf)
    __aeabi_HUGE_VALL                        0x0800769c   Data           0  fpconst.o(c$$dinf)
    __aeabi_INFINITY                         0x0800769c   Data           0  fpconst.o(c$$dinf)
    __dInf                                   0x0800769c   Data           0  fpconst.o(c$$dinf)
    __huge_val                               0x0800769c   Data           0  fpconst.o(c$$dinf)
    __ctype                                  0x080076cd   Data           0  lc_ctype_c.o(locale$$data)
    SystemCoreClock                          0x20000014   Data           4  system_stm32f10x.o(.data)
    AHBPrescTable                            0x20000018   Data          16  system_stm32f10x.o(.data)
    USART_RX_STA                             0x20000028   Data           2  usart.o(.data)
    __stdout                                 0x2000002c   Data           4  usart.o(.data)
    target                                   0x20000030   Data           4  usart.o(.data)
    sensor_offset                            0x20000034   Data           4  foc.o(.data)
    shaft_angle                              0x20000038   Data           4  foc.o(.data)
    shaft_angle_sp                           0x2000003c   Data           4  foc.o(.data)
    shaft_velocity                           0x20000040   Data           4  foc.o(.data)
    shaft_velocity_sp                        0x20000044   Data           4  foc.o(.data)
    current_sp                               0x20000048   Data           4  foc.o(.data)
    electrical_angle                         0x2000004c   Data           4  foc.o(.data)
    pole_pairs                               0x20000050   Data           4  foc.o(.data)
    voltage                                  0x20000054   Data           8  foc.o(.data)
    current                                  0x2000005c   Data           8  foc.o(.data)
    direction                                0x20000064   Data           1  foc.o(.data)
    torque_controller                        0x20000065   Data           1  foc.o(.data)
    controller                               0x20000066   Data           1  foc.o(.data)
    modulation                               0x20000067   Data           1  foc.o(.data)
    motor_status                             0x20000068   Data           1  foc.o(.data)
    zero_electric_angle                      0x2000006c   Data           4  foc.o(.data)
    sensor_direction                         0x20000070   Data           4  foc.o(.data)
    voltage_limit                            0x20000074   Data           4  foc.o(.data)
    current_limit                            0x20000078   Data           4  foc.o(.data)
    velocity_limit                           0x2000007c   Data           4  foc.o(.data)
    voltage_power_supply                     0x20000080   Data           4  foc.o(.data)
    voltage_sensor_align                     0x20000084   Data           4  foc.o(.data)
    open_loop_timestamp                      0x20000088   Data           4  foc.o(.data)
    y_prev                                   0x2000008c   Data           4  lowpassfilter.o(.data)
    alpha                                    0x20000090   Data           4  lowpassfilter.o(.data)
    P_velocity                               0x20000094   Data           4  pid.o(.data)
    I_velocity                               0x20000098   Data           4  pid.o(.data)
    ramp_output_velocity                     0x2000009c   Data           4  pid.o(.data)
    integral_prev_velocity                   0x200000a0   Data           4  pid.o(.data)
    error_prev_velocity                      0x200000a4   Data           4  pid.o(.data)
    output_prev_velocity                     0x200000a8   Data           4  pid.o(.data)
    timestamp_velocity                       0x200000ac   Data           4  pid.o(.data)
    P_angle                                  0x200000b0   Data           4  pid.o(.data)
    D_angle                                  0x200000b4   Data           4  pid.o(.data)
    error_prev_angle                         0x200000b8   Data           4  pid.o(.data)
    timestamp_angle                          0x200000bc   Data           4  pid.o(.data)
    cpr                                      0x200000c0   Data           4  hall.o(.data)
    full_rotation_offset                     0x200000c4   Data           4  hall.o(.data)
    angle_data_prev                          0x200000c8   Data           4  hall.o(.data)
    velocity_calc_timestamp                  0x200000cc   Data           4  hall.o(.data)
    angle_prev                               0x200000d0   Data           4  hall.o(.data)
    time1_cntr                               0x200000d4   Data           4  stm32f10x_it.o(.data)
    USART_RX_BUFFER                          0x200000d8   Data         256  usart.o(.bss)
    __libspace_start                         0x200001d8   Data          96  libspace.o(.bss)
    __temporary_stack_top$libspace           0x20000238   Data           0  libspace.o(.bss)



==============================================================================

Memory Map of the image

  Image Entry point : 0x080000ed

  Load Region LR_IROM1 (Base: 0x08000000, Size: 0x000078a8, Max: 0x00010000, ABSOLUTE)

    Execution Region ER_IROM1 (Base: 0x08000000, Size: 0x000077d0, Max: 0x00010000, ABSOLUTE)

    Base Addr    Size         Type   Attr      Idx    E Section Name        Object

    0x08000000   0x000000ec   Data   RO            3    RESET               startup_stm32f10x_md.o
    0x080000ec   0x00000008   Code   RO          947  * !!!main             c_w.l(__main.o)
    0x080000f4   0x00000034   Code   RO         1346    !!!scatter          c_w.l(__scatter.o)
    0x08000128   0x0000001a   Code   RO         1348    !!handler_copy      c_w.l(__scatter_copy.o)
    0x08000142   0x00000002   PAD
    0x08000144   0x0000001c   Code   RO         1350    !!handler_zi        c_w.l(__scatter_zi.o)
    0x08000160   0x00000000   Code   RO          944    .ARM.Collect$$_printf_percent$$00000000  c_w.l(_printf_percent.o)
    0x08000160   0x00000006   Code   RO          943    .ARM.Collect$$_printf_percent$$00000003  c_w.l(_printf_f.o)
    0x08000166   0x00000006   Code   RO          942    .ARM.Collect$$_printf_percent$$00000009  c_w.l(_printf_d.o)
    0x0800016c   0x00000004   Code   RO         1048    .ARM.Collect$$_printf_percent$$00000017  c_w.l(_printf_percent_end.o)
    0x08000170   0x00000002   Code   RO         1176    .ARM.Collect$$libinit$$00000000  c_w.l(libinit.o)
    0x08000172   0x00000000   Code   RO         1178    .ARM.Collect$$libinit$$00000002  c_w.l(libinit2.o)
    0x08000172   0x00000000   Code   RO         1181    .ARM.Collect$$libinit$$00000008  c_w.l(libinit2.o)
    0x08000172   0x00000000   Code   RO         1183    .ARM.Collect$$libinit$$0000000A  c_w.l(libinit2.o)
    0x08000172   0x00000000   Code   RO         1185    .ARM.Collect$$libinit$$0000000C  c_w.l(libinit2.o)
    0x08000172   0x00000006   Code   RO         1186    .ARM.Collect$$libinit$$0000000D  c_w.l(libinit2.o)
    0x08000178   0x00000000   Code   RO         1188    .ARM.Collect$$libinit$$0000000F  c_w.l(libinit2.o)
    0x08000178   0x0000000c   Code   RO         1189    .ARM.Collect$$libinit$$00000010  c_w.l(libinit2.o)
    0x08000184   0x00000000   Code   RO         1190    .ARM.Collect$$libinit$$00000011  c_w.l(libinit2.o)
    0x08000184   0x00000000   Code   RO         1192    .ARM.Collect$$libinit$$00000013  c_w.l(libinit2.o)
    0x08000184   0x0000000a   Code   RO         1193    .ARM.Collect$$libinit$$00000014  c_w.l(libinit2.o)
    0x0800018e   0x00000000   Code   RO         1194    .ARM.Collect$$libinit$$00000015  c_w.l(libinit2.o)
    0x0800018e   0x00000000   Code   RO         1196    .ARM.Collect$$libinit$$00000017  c_w.l(libinit2.o)
    0x0800018e   0x00000000   Code   RO         1198    .ARM.Collect$$libinit$$00000019  c_w.l(libinit2.o)
    0x0800018e   0x00000000   Code   RO         1200    .ARM.Collect$$libinit$$0000001B  c_w.l(libinit2.o)
    0x0800018e   0x00000000   Code   RO         1202    .ARM.Collect$$libinit$$0000001D  c_w.l(libinit2.o)
    0x0800018e   0x00000000   Code   RO         1204    .ARM.Collect$$libinit$$0000001F  c_w.l(libinit2.o)
    0x0800018e   0x00000000   Code   RO         1206    .ARM.Collect$$libinit$$00000021  c_w.l(libinit2.o)
    0x0800018e   0x00000000   Code   RO         1208    .ARM.Collect$$libinit$$00000023  c_w.l(libinit2.o)
    0x0800018e   0x00000000   Code   RO         1212    .ARM.Collect$$libinit$$0000002A  c_w.l(libinit2.o)
    0x0800018e   0x00000000   Code   RO         1214    .ARM.Collect$$libinit$$0000002C  c_w.l(libinit2.o)
    0x0800018e   0x00000000   Code   RO         1216    .ARM.Collect$$libinit$$0000002E  c_w.l(libinit2.o)
    0x0800018e   0x00000000   Code   RO         1218    .ARM.Collect$$libinit$$00000030  c_w.l(libinit2.o)
    0x0800018e   0x00000002   Code   RO         1219    .ARM.Collect$$libinit$$00000031  c_w.l(libinit2.o)
    0x08000190   0x00000002   Code   RO         1285    .ARM.Collect$$libshutdown$$00000000  c_w.l(libshutdown.o)
    0x08000192   0x00000000   Code   RO         1307    .ARM.Collect$$libshutdown$$00000003  c_w.l(libshutdown2.o)
    0x08000192   0x00000000   Code   RO         1310    .ARM.Collect$$libshutdown$$00000006  c_w.l(libshutdown2.o)
    0x08000192   0x00000000   Code   RO         1313    .ARM.Collect$$libshutdown$$00000009  c_w.l(libshutdown2.o)
    0x08000192   0x00000000   Code   RO         1315    .ARM.Collect$$libshutdown$$0000000B  c_w.l(libshutdown2.o)
    0x08000192   0x00000000   Code   RO         1318    .ARM.Collect$$libshutdown$$0000000E  c_w.l(libshutdown2.o)
    0x08000192   0x00000002   Code   RO         1319    .ARM.Collect$$libshutdown$$0000000F  c_w.l(libshutdown2.o)
    0x08000194   0x00000000   Code   RO         1039    .ARM.Collect$$rtentry$$00000000  c_w.l(rtentry.o)
    0x08000194   0x00000000   Code   RO         1078    .ARM.Collect$$rtentry$$00000002  c_w.l(rtentry2.o)
    0x08000194   0x00000006   Code   RO         1090    .ARM.Collect$$rtentry$$00000004  c_w.l(rtentry4.o)
    0x0800019a   0x00000000   Code   RO         1080    .ARM.Collect$$rtentry$$00000009  c_w.l(rtentry2.o)
    0x0800019a   0x00000004   Code   RO         1081    .ARM.Collect$$rtentry$$0000000A  c_w.l(rtentry2.o)
    0x0800019e   0x00000000   Code   RO         1083    .ARM.Collect$$rtentry$$0000000C  c_w.l(rtentry2.o)
    0x0800019e   0x00000008   Code   RO         1084    .ARM.Collect$$rtentry$$0000000D  c_w.l(rtentry2.o)
    0x080001a6   0x00000002   Code   RO         1222    .ARM.Collect$$rtexit$$00000000  c_w.l(rtexit.o)
    0x080001a8   0x00000000   Code   RO         1249    .ARM.Collect$$rtexit$$00000002  c_w.l(rtexit2.o)
    0x080001a8   0x00000004   Code   RO         1250    .ARM.Collect$$rtexit$$00000003  c_w.l(rtexit2.o)
    0x080001ac   0x00000006   Code   RO         1251    .ARM.Collect$$rtexit$$00000004  c_w.l(rtexit2.o)
    0x080001b2   0x00000002   PAD
    0x080001b4   0x00000040   Code   RO            4    .text               startup_stm32f10x_md.o
    0x080001f4   0x000000dc   Code   RO           12    .text               misc.o
    0x080002d0   0x00000358   Code   RO          345    .text               stm32f10x_gpio.o
    0x08000628   0x000003a4   Code   RO          425    .text               stm32f10x_rcc.o
    0x080009cc   0x00000e1a   Code   RO          507    .text               stm32f10x_tim.o
    0x080017e6   0x00000002   PAD
    0x080017e8   0x00000408   Code   RO          527    .text               stm32f10x_usart.o
    0x08001bf0   0x000001dc   Code   RO          575    .text               system_stm32f10x.o
    0x08001dcc   0x00000084   Code   RO          614    .text               delay.o
    0x08001e50   0x000002b4   Code   RO          637    .text               timer.o
    0x08002104   0x0000020c   Code   RO          660    .text               usart.o
    0x08002310   0x00000c6c   Code   RO          694    .text               bldc.o
    0x08002f7c   0x00000094   Code   RO          746    .text               foc.o
    0x08003010   0x00000374   Code   RO          771    .text               utils.o
    0x08003384   0x00000044   Code   RO          786    .text               lowpassfilter.o
    0x080033c8   0x00000394   Code   RO          803    .text               pid.o
    0x0800375c   0x000001f0   Code   RO          826    .text               hall.o
    0x0800394c   0x000000b0   Code   RO          852    .text               main.o
    0x080039fc   0x00000044   Code   RO          886    .text               stm32f10x_it.o
    0x08003a40   0x00000002   Code   RO          912    .text               c_w.l(use_no_semi_2.o)
    0x08003a42   0x00000002   PAD
    0x08003a44   0x00000018   Code   RO          916    .text               c_w.l(noretval__2printf.o)
    0x08003a5c   0x00000078   Code   RO          920    .text               c_w.l(_printf_dec.o)
    0x08003ad4   0x0000010e   Code   RO          930    .text               c_w.l(__printf_wp.o)
    0x08003be2   0x00000006   Code   RO          945    .text               c_w.l(heapauxi.o)
    0x08003be8   0x00000002   Code   RO         1037    .text               c_w.l(use_no_semi.o)
    0x08003bea   0x00000016   Code   RO         1040    .text               c_w.l(_rserrno.o)
    0x08003c00   0x000000b8   Code   RO         1042    .text               c_w.l(_printf_intcommon.o)
    0x08003cb8   0x00000420   Code   RO         1044    .text               c_w.l(_printf_fp_dec.o)
    0x080040d8   0x00000024   Code   RO         1046    .text               c_w.l(_printf_char_file.o)
    0x080040fc   0x000000a0   Code   RO         1049    .text               c_w.l(strtod.o)
    0x0800419c   0x00000008   Code   RO         1095    .text               c_w.l(rt_locale_intlibspace.o)
    0x080041a4   0x00000008   Code   RO         1100    .text               c_w.l(rt_errno_addr_intlibspace.o)
    0x080041ac   0x0000008a   Code   RO         1102    .text               c_w.l(lludiv10.o)
    0x08004236   0x00000012   Code   RO         1104    .text               c_w.l(isspace.o)
    0x08004248   0x00000030   Code   RO         1106    .text               c_w.l(_printf_char_common.o)
    0x08004278   0x00000080   Code   RO         1108    .text               c_w.l(_printf_fp_infnan.o)
    0x080042f8   0x00000040   Code   RO         1110    .text               c_w.l(_sgetc.o)
    0x08004338   0x000000e4   Code   RO         1112    .text               c_w.l(bigflt0.o)
    0x0800441c   0x00000008   Code   RO         1137    .text               c_w.l(ferror.o)
    0x08004424   0x00000008   Code   RO         1156    .text               c_w.l(libspace.o)
    0x0800442c   0x0000004a   Code   RO         1159    .text               c_w.l(sys_stackheap_outer.o)
    0x08004476   0x00000002   PAD
    0x08004478   0x00000010   Code   RO         1161    .text               c_w.l(rt_ctype_table.o)
    0x08004488   0x000004a4   Code   RO         1165    .text               c_w.l(scanf_fp.o)
    0x0800492c   0x0000000c   Code   RO         1167    .text               c_w.l(exit.o)
    0x08004938   0x00000080   Code   RO         1169    .text               c_w.l(strcmpv7m.o)
    0x080049b8   0x00000314   Code   RO         1255    .text               c_w.l(scanf_hexfp.o)
    0x08004ccc   0x0000013c   Code   RO         1257    .text               c_w.l(scanf_infnan.o)
    0x08004e08   0x00000026   Code   RO         1275    .text               c_w.l(llshl.o)
    0x08004e2e   0x0000001c   Code   RO         1277    .text               c_w.l(_chval.o)
    0x08004e4a   0x0000003e   Code   RO         1115    CL$$btod_d2e        c_w.l(btod.o)
    0x08004e88   0x00000046   Code   RO         1117    CL$$btod_d2e_denorm_low  c_w.l(btod.o)
    0x08004ece   0x00000060   Code   RO         1116    CL$$btod_d2e_norm_op1  c_w.l(btod.o)
    0x08004f2e   0x00000338   Code   RO         1125    CL$$btod_div_common  c_w.l(btod.o)
    0x08005266   0x00000002   PAD
    0x08005268   0x00000054   Code   RO         1123    CL$$btod_e2d        c_w.l(btod.o)
    0x080052bc   0x000000c6   Code   RO         1122    CL$$btod_e2e        c_w.l(btod.o)
    0x08005382   0x00000028   Code   RO         1119    CL$$btod_ediv       c_w.l(btod.o)
    0x080053aa   0x00000028   Code   RO         1121    CL$$btod_edivd      c_w.l(btod.o)
    0x080053d2   0x00000028   Code   RO         1118    CL$$btod_emul       c_w.l(btod.o)
    0x080053fa   0x00000028   Code   RO         1120    CL$$btod_emuld      c_w.l(btod.o)
    0x08005422   0x00000244   Code   RO         1124    CL$$btod_mult_common  c_w.l(btod.o)
    0x08005666   0x00000028   Code   RO         1152    i.__ARM_fpclassify  m_ws.l(fpclassify.o)
    0x0800568e   0x000000aa   Code   RO         1154    i.__kernel_poly     m_ws.l(poly.o)
    0x08005738   0x00000010   Code   RO         1150    i.__mathlib_dbl_underflow  m_ws.l(dunder.o)
    0x08005748   0x00000010   Code   RO         1242    i.__mathlib_narrow  m_ws.l(narrow.o)
    0x08005758   0x00000088   Code   RO         1243    i.__mathlib_tofloat  m_ws.l(narrow.o)
    0x080057e0   0x00000016   Code   RO         1287    i.__support_ldexp   m_ws.l(ldexp.o)
    0x080057f6   0x0000000e   Code   RO          932    i._is_digit         c_w.l(__printf_wp.o)
    0x08005804   0x00000224   Code   RO         1067    i.atan              m_ws.l(atan.o)
    0x08005a28   0x00000180   Code   RO         1018    i.atan2             m_ws.l(atan2.o)
    0x08005ba8   0x0000002a   Code   RO         1026    i.atof              m_ws.l(atof.o)
    0x08005bd2   0x00000002   PAD
    0x08005bd4   0x0000009c   Code   RO         1030    i.fmod              m_ws.l(fmod.o)
    0x08005c70   0x00000058   Code   RO         1268    i.frexp             m_ws.l(frexp.o)
    0x08005cc8   0x0000007e   Code   RO         1288    i.ldexp             m_ws.l(ldexp.o)
    0x08005d46   0x00000002   PAD
    0x08005d48   0x0000002c   Code   RO         1142    locale$$code        c_w.l(lc_numeric_c.o)
    0x08005d74   0x0000002c   Code   RO         1225    locale$$code        c_w.l(lc_ctype_c.o)
    0x08005da0   0x00000062   Code   RO          949    x$fpl$d2f           fz_ws.l(d2f.o)
    0x08005e02   0x00000002   PAD
    0x08005e04   0x00000150   Code   RO          951    x$fpl$dadd          fz_ws.l(daddsub_clz.o)
    0x08005f54   0x00000010   Code   RO         1220    x$fpl$dcheck1       fz_ws.l(dcheck1.o)
    0x08005f64   0x00000018   Code   RO         1051    x$fpl$dcmpinf       fz_ws.l(dcmpi.o)
    0x08005f7c   0x000002b0   Code   RO          958    x$fpl$ddiv          fz_ws.l(ddiv.o)
    0x0800622c   0x00000078   Code   RO         1263    x$fpl$deqf          fz_ws.l(deqf.o)
    0x080062a4   0x0000005e   Code   RO          961    x$fpl$dfix          fz_ws.l(dfix.o)
    0x08006302   0x00000002   PAD
    0x08006304   0x0000005a   Code   RO          965    x$fpl$dfixu         fz_ws.l(dfixu.o)
    0x0800635e   0x0000002e   Code   RO          970    x$fpl$dflt          fz_ws.l(dflt_clz.o)
    0x0800638c   0x00000026   Code   RO          969    x$fpl$dfltu         fz_ws.l(dflt_clz.o)
    0x080063b2   0x00000002   PAD
    0x080063b4   0x00000078   Code   RO          975    x$fpl$dleqf         fz_ws.l(dleqf.o)
    0x0800642c   0x00000154   Code   RO          977    x$fpl$dmul          fz_ws.l(dmul.o)
    0x08006580   0x0000009c   Code   RO         1053    x$fpl$dnaninf       fz_ws.l(dnaninf.o)
    0x0800661c   0x00000150   Code   RO         1055    x$fpl$drem          fz_ws.l(drem_clz.o)
    0x0800676c   0x0000000c   Code   RO         1057    x$fpl$dretinf       fz_ws.l(dretinf.o)
    0x08006778   0x0000006c   Code   RO          979    x$fpl$drleqf        fz_ws.l(drleqf.o)
    0x080067e4   0x00000016   Code   RO          952    x$fpl$drsb          fz_ws.l(daddsub_clz.o)
    0x080067fa   0x00000002   PAD
    0x080067fc   0x000001d4   Code   RO          953    x$fpl$dsub          fz_ws.l(daddsub_clz.o)
    0x080069d0   0x00000056   Code   RO          981    x$fpl$f2d           fz_ws.l(f2d.o)
    0x08006a26   0x00000002   PAD
    0x08006a28   0x000000c4   Code   RO          983    x$fpl$fadd          fz_ws.l(faddsub_clz.o)
    0x08006aec   0x00000018   Code   RO         1059    x$fpl$fcmpinf       fz_ws.l(fcmpi.o)
    0x08006b04   0x00000184   Code   RO          990    x$fpl$fdiv          fz_ws.l(fdiv.o)
    0x08006c88   0x00000068   Code   RO          993    x$fpl$feqf          fz_ws.l(feqf.o)
    0x08006cf0   0x00000036   Code   RO          995    x$fpl$ffix          fz_ws.l(ffix.o)
    0x08006d26   0x00000002   PAD
    0x08006d28   0x0000003e   Code   RO          999    x$fpl$ffixu         fz_ws.l(ffixu.o)
    0x08006d66   0x00000002   PAD
    0x08006d68   0x00000030   Code   RO         1004    x$fpl$fflt          fz_ws.l(fflt_clz.o)
    0x08006d98   0x00000026   Code   RO         1003    x$fpl$ffltu         fz_ws.l(fflt_clz.o)
    0x08006dbe   0x00000002   PAD
    0x08006dc0   0x00000068   Code   RO         1009    x$fpl$fleqf         fz_ws.l(fleqf.o)
    0x08006e28   0x00000102   Code   RO         1011    x$fpl$fmul          fz_ws.l(fmul.o)
    0x08006f2a   0x0000008c   Code   RO         1061    x$fpl$fnaninf       fz_ws.l(fnaninf.o)
    0x08006fb6   0x0000000a   Code   RO         1063    x$fpl$fretinf       fz_ws.l(fretinf.o)
    0x08006fc0   0x00000062   Code   RO         1013    x$fpl$frleqf        fz_ws.l(frleqf.o)
    0x08007022   0x00000014   Code   RO          984    x$fpl$frsb          fz_ws.l(faddsub_clz.o)
    0x08007036   0x00000002   PAD
    0x08007038   0x000000ea   Code   RO          985    x$fpl$fsub          fz_ws.l(faddsub_clz.o)
    0x08007122   0x00000004   Code   RO         1015    x$fpl$printf1       fz_ws.l(printf1.o)
    0x08007126   0x00000064   Code   RO         1234    x$fpl$retnan        fz_ws.l(retnan.o)
    0x0800718a   0x0000005c   Code   RO         1146    x$fpl$scalbn        fz_ws.l(scalbn.o)
    0x080071e6   0x00000004   Code   RO         1148    x$fpl$scanf1        fz_ws.l(scanf1.o)
    0x080071ea   0x00000008   Code   RO         1236    x$fpl$scanf2        fz_ws.l(scanf2.o)
    0x080071f2   0x00000030   Code   RO         1265    x$fpl$trapveneer    fz_ws.l(trapv.o)
    0x08007222   0x00000000   Code   RO         1065    x$fpl$usenofp       fz_ws.l(usenofp.o)
    0x08007222   0x00000002   PAD
    0x08007224   0x00000320   Data   RO          772    .constdata          utils.o
    0x08007544   0x00000004   PAD
    0x08007548   0x00000098   Data   RO         1068    .constdata          m_ws.l(atan.o)
    0x080075e0   0x00000008   Data   RO         1076    .constdata          m_ws.l(qnan.o)
    0x080075e8   0x00000094   Data   RO         1113    .constdata          c_w.l(bigflt0.o)
    0x0800767c   0x00000020   Data   RO         1344    Region$$Table       anon$$obj.o
    0x0800769c   0x00000008   Data   RO         1229    c$$dinf             fz_ws.l(fpconst.o)
    0x080076a4   0x0000001c   Data   RO         1141    locale$$data        c_w.l(lc_numeric_c.o)
    0x080076c0   0x00000110   Data   RO         1224    locale$$data        c_w.l(lc_ctype_c.o)


    Execution Region RW_IRAM1 (Base: 0x20000000, Size: 0x00000838, Max: 0x00005000, ABSOLUTE)

    Base Addr    Size         Type   Attr      Idx    E Section Name        Object

    0x20000000   0x00000014   Data   RW          426    .data               stm32f10x_rcc.o
    0x20000014   0x00000014   Data   RW          576    .data               system_stm32f10x.o
    0x20000028   0x0000000c   Data   RW          662    .data               usart.o
    0x20000034   0x00000058   Data   RW          747    .data               foc.o
    0x2000008c   0x00000008   Data   RW          787    .data               lowpassfilter.o
    0x20000094   0x0000002c   Data   RW          804    .data               pid.o
    0x200000c0   0x00000014   Data   RW          827    .data               hall.o
    0x200000d4   0x00000004   Data   RW          887    .data               stm32f10x_it.o
    0x200000d8   0x00000100   Zero   RW          661    .bss                usart.o
    0x200001d8   0x00000060   Zero   RW         1157    .bss                c_w.l(libspace.o)
    0x20000238   0x00000200   Zero   RW            2    HEAP                startup_stm32f10x_md.o
    0x20000438   0x00000400   Zero   RW            1    STACK               startup_stm32f10x_md.o


==============================================================================

Image component sizes


      Code (inc. data)   RO Data    RW Data    ZI Data      Debug   Object Name

      3180        616          0          0          0       4372   bldc.o
       132          4          0          0          0        814   delay.o
       148         22          0         88          0       2847   foc.o
       496         64          0         20          0       1548   hall.o
        68          8          0          8          0        775   lowpassfilter.o
       176         54          0          0          0        491   main.o
       220         20          0          0          0     252757   misc.o
       916         80          0         44          0       2063   pid.o
        64         26        236          0       1536        788   startup_stm32f10x_md.o
       856         40          0          0          0       5581   stm32f10x_gpio.o
        68          8          0          4          0       1579   stm32f10x_it.o
       932         44          0         20          0       8724   stm32f10x_rcc.o
      3610         88          0          0          0      22064   stm32f10x_tim.o
      1032         22          0          0          0       8300   stm32f10x_usart.o
       476         36          0         20          0       1755   system_stm32f10x.o
       692         14          0          0          0       1604   timer.o
       524         84          0         12        256       3280   usart.o
       884         62        800          0          0       1990   utils.o

    ----------------------------------------------------------------------
     14476       1292       1072        216       1792     321332   Object Totals
         0          0         32          0          0          0   (incl. Generated)
         2          0          4          0          0          0   (incl. Padding)

    ----------------------------------------------------------------------

      Code (inc. data)   RO Data    RW Data    ZI Data      Debug   Library Member Name

         8          0          0          0          0         68   __main.o
       284          0          0          0          0        156   __printf_wp.o
        52          8          0          0          0          0   __scatter.o
        26          0          0          0          0          0   __scatter_copy.o
        28          0          0          0          0          0   __scatter_zi.o
        28          0          0          0          0         68   _chval.o
        48          6          0          0          0         96   _printf_char_common.o
        36          4          0          0          0         80   _printf_char_file.o
         6          0          0          0          0          0   _printf_d.o
       120         18          0          0          0         92   _printf_dec.o
         6          0          0          0          0          0   _printf_f.o
      1056          0          0          0          0        216   _printf_fp_dec.o
       128         16          0          0          0         84   _printf_fp_infnan.o
       184          0          0          0          0         88   _printf_intcommon.o
         0          0          0          0          0          0   _printf_percent.o
         4          0          0          0          0          0   _printf_percent_end.o
        22          0          0          0          0        100   _rserrno.o
        64          0          0          0          0         84   _sgetc.o
       228          6        148          0          0         96   bigflt0.o
      2074        132          0          0          0        940   btod.o
        12          0          0          0          0         72   exit.o
         8          0          0          0          0         68   ferror.o
         6          0          0          0          0        152   heapauxi.o
        18          0          0          0          0         76   isspace.o
        44         10        272          0          0         76   lc_ctype_c.o
        44         10         28          0          0         76   lc_numeric_c.o
         2          0          0          0          0          0   libinit.o
        30          0          0          0          0          0   libinit2.o
         2          0          0          0          0          0   libshutdown.o
         2          0          0          0          0          0   libshutdown2.o
         8          4          0          0         96         68   libspace.o
        38          0          0          0          0         68   llshl.o
       138          0          0          0          0         80   lludiv10.o
        24          4          0          0          0         84   noretval__2printf.o
        16          4          0          0          0         76   rt_ctype_table.o
         8          4          0          0          0         68   rt_errno_addr_intlibspace.o
         8          4          0          0          0         68   rt_locale_intlibspace.o
         0          0          0          0          0          0   rtentry.o
        12          0          0          0          0          0   rtentry2.o
         6          0          0          0          0          0   rtentry4.o
         2          0          0          0          0          0   rtexit.o
        10          0          0          0          0          0   rtexit2.o
      1188         12          0          0          0        148   scanf_fp.o
       788         12          0          0          0        100   scanf_hexfp.o
       316         18          0          0          0        100   scanf_infnan.o
       128          0          0          0          0         68   strcmpv7m.o
       160         12          0          0          0        120   strtod.o
        74          0          0          0          0         80   sys_stackheap_outer.o
         2          0          0          0          0         68   use_no_semi.o
         2          0          0          0          0         68   use_no_semi_2.o
        98          4          0          0          0         92   d2f.o
       826         16          0          0          0        348   daddsub_clz.o
        16          4          0          0          0         68   dcheck1.o
        24          0          0          0          0         68   dcmpi.o
       688        140          0          0          0        208   ddiv.o
       120          4          0          0          0         92   deqf.o
        94          4          0          0          0         92   dfix.o
        90          4          0          0          0         92   dfixu.o
        84          0          0          0          0        136   dflt_clz.o
       120          4          0          0          0         92   dleqf.o
       340         12          0          0          0        104   dmul.o
       156          4          0          0          0         92   dnaninf.o
       336         12          0          0          0         88   drem_clz.o
        12          0          0          0          0         68   dretinf.o
       108          0          0          0          0         80   drleqf.o
        86          4          0          0          0         84   f2d.o
       450          8          0          0          0        236   faddsub_clz.o
        24          0          0          0          0         68   fcmpi.o
       388         76          0          0          0         96   fdiv.o
       104          4          0          0          0         84   feqf.o
        54          4          0          0          0         84   ffix.o
        62          4          0          0          0         84   ffixu.o
        86          0          0          0          0        136   fflt_clz.o
       104          4          0          0          0         84   fleqf.o
       258          4          0          0          0         84   fmul.o
       140          4          0          0          0         84   fnaninf.o
         0          0          8          0          0          0   fpconst.o
        10          0          0          0          0         68   fretinf.o
        98          0          0          0          0         68   frleqf.o
         4          0          0          0          0         68   printf1.o
       100          0          0          0          0         68   retnan.o
        92          0          0          0          0         68   scalbn.o
         4          0          0          0          0         68   scanf1.o
         8          0          0          0          0         84   scanf2.o
        48          0          0          0          0         68   trapv.o
         0          0          0          0          0          0   usenofp.o
       548         70        152          0          0        124   atan.o
       384         38          0          0          0        144   atan2.o
        42          0          0          0          0         84   atof.o
        16          6          0          0          0         68   dunder.o
       156          4          0          0          0         88   fmod.o
        40          0          0          0          0         68   fpclassify.o
        88          8          0          0          0         76   frexp.o
       148          0          0          0          0        160   ldexp.o
       152          4          0          0          0        160   narrow.o
       170          0          0          0          0         96   poly.o
         0          0          8          0          0          0   qnan.o

    ----------------------------------------------------------------------
     14508        736        616          0         96       8424   Library Totals
        34          2          0          0          0          0   (incl. Padding)

    ----------------------------------------------------------------------

      Code (inc. data)   RO Data    RW Data    ZI Data      Debug   Library Name

      7498        284        448          0         96       3952   c_w.l
      5232        320          8          0          0       3404   fz_ws.l
      1744        130        160          0          0       1068   m_ws.l

    ----------------------------------------------------------------------
     14508        736        616          0         96       8424   Library Totals

    ----------------------------------------------------------------------

==============================================================================


      Code (inc. data)   RO Data    RW Data    ZI Data      Debug   

     28984       2028       1688        216       1888     323308   Grand Totals
     28984       2028       1688        216       1888     323308   ELF Image Totals
     28984       2028       1688        216          0          0   ROM Totals

==============================================================================

    Total RO  Size (Code + RO Data)                30672 (  29.95kB)
    Total RW  Size (RW Data + ZI Data)              2104 (   2.05kB)
    Total ROM Size (Code + RO Data + RW Data)      30888 (  30.16kB)

==============================================================================

