Component: ARM Compiler 5.06 update 7 (build 960) Tool: armlink [4d3601]

==============================================================================

Section Cross References

    startup_stm32f10x_md.o(STACK) refers (Special) to heapauxi.o(.text) for __use_two_region_memory
    startup_stm32f10x_md.o(HEAP) refers (Special) to heapauxi.o(.text) for __use_two_region_memory
    startup_stm32f10x_md.o(RESET) refers (Special) to heapauxi.o(.text) for __use_two_region_memory
    startup_stm32f10x_md.o(RESET) refers to startup_stm32f10x_md.o(STACK) for __initial_sp
    startup_stm32f10x_md.o(RESET) refers to startup_stm32f10x_md.o(.text) for Reset_Handler
    startup_stm32f10x_md.o(RESET) refers to stm32f10x_it.o(.text) for NMI_Handler
    startup_stm32f10x_md.o(.text) refers (Special) to heapauxi.o(.text) for __use_two_region_memory
    startup_stm32f10x_md.o(.text) refers to system_stm32f10x.o(.text) for SystemInit
    startup_stm32f10x_md.o(.text) refers to __main.o(!!!main) for __main
    startup_stm32f10x_md.o(.text) refers to startup_stm32f10x_md.o(HEAP) for Heap_Mem
    startup_stm32f10x_md.o(.text) refers to startup_stm32f10x_md.o(STACK) for Stack_Mem
    stm32f10x_adc.o(.text) refers to stm32f10x_rcc.o(.text) for RCC_APB2PeriphResetCmd
    stm32f10x_bkp.o(.text) refers to stm32f10x_rcc.o(.text) for RCC_BackupResetCmd
    stm32f10x_can.o(.text) refers to stm32f10x_rcc.o(.text) for RCC_APB1PeriphResetCmd
    stm32f10x_cec.o(.text) refers to stm32f10x_rcc.o(.text) for RCC_APB1PeriphResetCmd
    stm32f10x_dac.o(.text) refers to stm32f10x_rcc.o(.text) for RCC_APB1PeriphResetCmd
    stm32f10x_gpio.o(.text) refers to stm32f10x_rcc.o(.text) for RCC_APB2PeriphResetCmd
    stm32f10x_i2c.o(.text) refers to stm32f10x_rcc.o(.text) for RCC_APB1PeriphResetCmd
    stm32f10x_pwr.o(.text) refers to stm32f10x_rcc.o(.text) for RCC_APB1PeriphResetCmd
    stm32f10x_rcc.o(.text) refers to stm32f10x_rcc.o(.data) for APBAHBPrescTable
    stm32f10x_spi.o(.text) refers to stm32f10x_rcc.o(.text) for RCC_APB2PeriphResetCmd
    stm32f10x_tim.o(.text) refers to stm32f10x_rcc.o(.text) for RCC_APB2PeriphResetCmd
    stm32f10x_usart.o(.text) refers to stm32f10x_rcc.o(.text) for RCC_APB2PeriphResetCmd
    stm32f10x_wwdg.o(.text) refers to stm32f10x_rcc.o(.text) for RCC_APB1PeriphResetCmd
    system_stm32f10x.o(.text) refers to system_stm32f10x.o(.data) for SystemCoreClock
    timer.o(.text) refers to stm32f10x_rcc.o(.text) for RCC_APB2PeriphClockCmd
    timer.o(.text) refers to stm32f10x_gpio.o(.text) for GPIO_Init
    timer.o(.text) refers to stm32f10x_tim.o(.text) for TIM_DeInit
    timer.o(.text) refers to misc.o(.text) for NVIC_Init
    timer.o(.text) refers to stm32f10x_i2c.o(.text) for I2C_DeInit
    usart.o(.rev16_text) refers (Special) to use_no_semi_2.o(.text) for __use_no_semihosting
    usart.o(.revsh_text) refers (Special) to use_no_semi_2.o(.text) for __use_no_semihosting
    usart.o(.rrx_text) refers (Special) to use_no_semi_2.o(.text) for __use_no_semihosting
    usart.o(.text) refers (Special) to use_no_semi_2.o(.text) for __use_no_semihosting
    usart.o(.text) refers to stm32f10x_rcc.o(.text) for RCC_APB2PeriphClockCmd
    usart.o(.text) refers to stm32f10x_gpio.o(.text) for GPIO_Init
    usart.o(.text) refers to stm32f10x_usart.o(.text) for USART_Init
    usart.o(.text) refers to misc.o(.text) for NVIC_Init
    usart.o(.bss) refers (Special) to use_no_semi_2.o(.text) for __use_no_semihosting
    usart.o(.data) refers (Special) to use_no_semi_2.o(.text) for __use_no_semihosting
    foc.o(.text) refers to fflt_clz.o(x$fpl$fflt) for __aeabi_i2f
    foc.o(.text) refers to faddsub_clz.o(x$fpl$fadd) for __aeabi_fadd
    foc.o(.text) refers to fmul.o(x$fpl$fmul) for __aeabi_fmul
    foc.o(.text) refers to faddsub_clz.o(x$fpl$fsub) for __aeabi_fsub
    foc.o(.text) refers to utils.o(.text) for _normalizeAngle
    foc.o(.text) refers to foc.o(.data) for pole_pairs
    utils.o(.text) refers to f2d.o(x$fpl$f2d) for __aeabi_f2d
    utils.o(.text) refers to dleqf.o(x$fpl$dleqf) for __aeabi_cdcmple
    utils.o(.text) refers to dmul.o(x$fpl$dmul) for __aeabi_dmul
    utils.o(.text) refers to drleqf.o(x$fpl$drleqf) for __aeabi_cdrcmple
    utils.o(.text) refers to daddsub_clz.o(x$fpl$dadd) for __aeabi_dadd
    utils.o(.text) refers to dfix.o(x$fpl$dfix) for __aeabi_d2iz
    utils.o(.text) refers to daddsub_clz.o(x$fpl$dsub) for __aeabi_dsub
    utils.o(.text) refers to dflt_clz.o(x$fpl$dflt) for __aeabi_i2d
    utils.o(.text) refers to d2f.o(x$fpl$d2f) for __aeabi_d2f
    utils.o(.text) refers to fmod.o(i.fmod) for fmod
    utils.o(.text) refers to frleqf.o(x$fpl$frleqf) for __aeabi_cfrcmple
    utils.o(.text) refers to fflt_clz.o(x$fpl$fflt) for __aeabi_i2f
    utils.o(.text) refers to fmul.o(x$fpl$fmul) for __aeabi_fmul
    utils.o(.text) refers to utils.o(.constdata) for sine_array
    hall.o(.text) refers to stm32f10x_gpio.o(.text) for GPIO_ReadInputDataBit
[...]
    ../fplib/fflt.s                          0x00000000   Number         0  fflt_clz.o ABSOLUTE
    ../fplib/fleqf.s                         0x00000000   Number         0  fleqf.o ABSOLUTE
    ../fplib/fmul.s                          0x00000000   Number         0  fmul.o ABSOLUTE
    ../fplib/fnaninf.s                       0x00000000   Number         0  fnaninf.o ABSOLUTE
    ../fplib/fpinit.s                        0x00000000   Number         0  fpinit.o ABSOLUTE
    ../fplib/fretinf.s                       0x00000000   Number         0  fretinf.o ABSOLUTE
    ../fplib/frleqf.s                        0x00000000   Number         0  frleqf.o ABSOLUTE
    ../fplib/istatus.s                       0x00000000   Number         0  istatus.o ABSOLUTE
    ../fplib/printf1.s                       0x00000000   Number         0  printf1.o ABSOLUTE
    ../fplib/retnan.s                        0x00000000   Number         0  retnan.o ABSOLUTE
    ../fplib/scalbn.s                        0x00000000   Number         0  scalbn.o ABSOLUTE
    ../fplib/trapv.s                         0x00000000   Number         0  trapv.o ABSOLUTE
    ../fplib/usenofp.s                       0x00000000   Number         0  usenofp.o ABSOLUTE
    ../mathlib/dunder.c                      0x00000000   Number         0  dunder.o ABSOLUTE
    ../mathlib/fmod.c                        0x00000000   Number         0  fmod_x.o ABSOLUTE
    ../mathlib/fmod.c                        0x00000000   Number         0  fmod.o ABSOLUTE
    ../mathlib/fpclassify.c                  0x00000000   Number         0  fpclassify.o ABSOLUTE
    ..\Lib\CMSIS\StartUp\startup_stm32f10x_md.s 0x00000000   Number         0  startup_stm32f10x_md.o ABSOLUTE
    ..\Lib\CMSIS\core_cm3.c                  0x00000000   Number         0  core_cm3.o ABSOLUTE
    ..\Lib\CMSIS\system_stm32f10x.c          0x00000000   Number         0  system_stm32f10x.o ABSOLUTE
    ..\Lib\FWLIB\src\misc.c                  0x00000000   Number         0  misc.o ABSOLUTE
    ..\Lib\FWLIB\src\stm32f10x_adc.c         0x00000000   Number         0  stm32f10x_adc.o ABSOLUTE
    ..\Lib\FWLIB\src\stm32f10x_bkp.c         0x00000000   Number         0  stm32f10x_bkp.o ABSOLUTE
    ..\Lib\FWLIB\src\stm32f10x_can.c         0x00000000   Number         0  stm32f10x_can.o ABSOLUTE
    ..\Lib\FWLIB\src\stm32f10x_cec.c         0x00000000   Number         0  stm32f10x_cec.o ABSOLUTE
    ..\Lib\FWLIB\src\stm32f10x_crc.c         0x00000000   Number         0  stm32f10x_crc.o ABSOLUTE
    ..\Lib\FWLIB\src\stm32f10x_dac.c         0x00000000   Number         0  stm32f10x_dac.o ABSOLUTE
    ..\Lib\FWLIB\src\stm32f10x_dbgmcu.c      0x00000000   Number         0  stm32f10x_dbgmcu.o ABSOLUTE
    ..\Lib\FWLIB\src\stm32f10x_dma.c         0x00000000   Number         0  stm32f10x_dma.o ABSOLUTE
    ..\Lib\FWLIB\src\stm32f10x_exti.c        0x00000000   Number         0  stm32f10x_exti.o ABSOLUTE
    ..\Lib\FWLIB\src\stm32f10x_flash.c       0x00000000   Number         0  stm32f10x_flash.o ABSOLUTE
    ..\Lib\FWLIB\src\stm32f10x_fsmc.c        0x00000000   Number         0  stm32f10x_fsmc.o ABSOLUTE
    ..\Lib\FWLIB\src\stm32f10x_gpio.c        0x00000000   Number         0  stm32f10x_gpio.o ABSOLUTE
    ..\Lib\FWLIB\src\stm32f10x_i2c.c         0x00000000   Number         0  stm32f10x_i2c.o ABSOLUTE
    ..\Lib\FWLIB\src\stm32f10x_iwdg.c        0x00000000   Number         0  stm32f10x_iwdg.o ABSOLUTE
    ..\Lib\FWLIB\src\stm32f10x_pwr.c         0x00000000   Number         0  stm32f10x_pwr.o ABSOLUTE
    ..\Lib\FWLIB\src\stm32f10x_rcc.c         0x00000000   Number         0  stm32f10x_rcc.o ABSOLUTE
    ..\Lib\FWLIB\src\stm32f10x_rtc.c         0x00000000   Number         0  stm32f10x_rtc.o ABSOLUTE
    ..\Lib\FWLIB\src\stm32f10x_sdio.c        0x00000000   Number         0  stm32f10x_sdio.o ABSOLUTE
    ..\Lib\FWLIB\src\stm32f10x_spi.c         0x00000000   Number         0  stm32f10x_spi.o ABSOLUTE
    ..\Lib\FWLIB\src\stm32f10x_tim.c         0x00000000   Number         0  stm32f10x_tim.o ABSOLUTE
    ..\Lib\FWLIB\src\stm32f10x_usart.c       0x00000000   Number         0  stm32f10x_usart.o ABSOLUTE
    ..\Lib\FWLIB\src\stm32f10x_wwdg.c        0x00000000   Number         0  stm32f10x_wwdg.o ABSOLUTE
    ..\Main\main.c                           0x00000000   Number         0  main.o ABSOLUTE
    ..\Main\stm32f10x_it.c                   0x00000000   Number         0  stm32f10x_it.o ABSOLUTE
    ..\Simple_FOC\foc.c                      0x00000000   Number         0  foc.o ABSOLUTE
    ..\Simple_FOC\hall.c                     0x00000000   Number         0  hall.o ABSOLUTE
    ..\Simple_FOC\utils.c                    0x00000000   Number         0  utils.o ABSOLUTE
    ..\User\delay.c                          0x00000000   Number         0  delay.o ABSOLUTE
    ..\User\timer.c                          0x00000000   Number         0  timer.o ABSOLUTE
    ..\User\usart.c                          0x00000000   Number         0  usart.o ABSOLUTE
    ..\\Lib\\CMSIS\\core_cm3.c               0x00000000   Number         0  core_cm3.o ABSOLUTE
    ..\\Lib\\FWLIB\\src\\misc.c              0x00000000   Number         0  misc.o ABSOLUTE
    ..\\Lib\\FWLIB\\src\\stm32f10x_adc.c     0x00000000   Number         0  stm32f10x_adc.o ABSOLUTE
    ..\\Lib\\FWLIB\\src\\stm32f10x_bkp.c     0x00000000   Number         0  stm32f10x_bkp.o ABSOLUTE
    ..\\Lib\\FWLIB\\src\\stm32f10x_can.c     0x00000000   Number         0  stm32f10x_can.o ABSOLUTE
    ..\\Lib\\FWLIB\\src\\stm32f10x_cec.c     0x00000000   Number         0  stm32f10x_cec.o ABSOLUTE
    ..\\Lib\\FWLIB\\src\\stm32f10x_crc.c     0x00000000   Number         0  stm32f10x_crc.o ABSOLUTE
    ..\\Lib\\FWLIB\\src\\stm32f10x_dac.c     0x00000000   Number         0  stm32f10x_dac.o ABSOLUTE
    ..\\Lib\\FWLIB\\src\\stm32f10x_dbgmcu.c  0x00000000   Number         0  stm32f10x_dbgmcu.o ABSOLUTE
    ..\\Lib\\FWLIB\\src\\stm32f10x_dma.c     0x00000000   Number         0  stm32f10x_dma.o ABSOLUTE
    ..\\Lib\\FWLIB\\src\\stm32f10x_exti.c    0x00000000   Number         0  stm32f10x_exti.o ABSOLUTE
    ..\\Lib\\FWLIB\\src\\stm32f10x_flash.c   0x00000000   Number         0  stm32f10x_flash.o ABSOLUTE
    ..\\Lib\\FWLIB\\src\\stm32f10x_fsmc.c    0x00000000   Number         0  stm32f10x_fsmc.o ABSOLUTE
    ..\\Lib\\FWLIB\\src\\stm32f10x_gpio.c    0x00000000   Number         0  stm32f10x_gpio.o ABSOLUTE
    ..\\Lib\\FWLIB\\src\\stm32f10x_i2c.c     0x00000000   Number         0  stm32f10x_i2c.o ABSOLUTE
    ..\\Lib\\FWLIB\\src\\stm32f10x_iwdg.c    0x00000000   Number         0  stm32f10x_iwdg.o ABSOLUTE
    ..\\Lib\\FWLIB\\src\\stm32f10x_pwr.c     0x00000000   Number         0  stm32f10x_pwr.o ABSOLUTE
    ..\\Lib\\FWLIB\\src\\stm32f10x_rcc.c     0x00000000   Number         0  stm32f10x_rcc.o ABSOLUTE
    ..\\Lib\\FWLIB\\src\\stm32f10x_rtc.c     0x00000000   Number         0  stm32f10x_rtc.o ABSOLUTE
    ..\\Lib\\FWLIB\\src\\stm32f10x_sdio.c    0x00000000   Number         0  stm32f10x_sdio.o ABSOLUTE
    ..\\Lib\\FWLIB\\src\\stm32f10x_spi.c     0x00000000   Number         0  stm32f10x_spi.o ABSOLUTE
    ..\\Lib\\FWLIB\\src\\stm32f10x_tim.c     0x00000000   Number         0  stm32f10x_tim.o ABSOLUTE
    ..\\Lib\\FWLIB\\src\\stm32f10x_usart.c   0x00000000   Number         0  stm32f10x_usart.o ABSOLUTE
    ..\\Lib\\FWLIB\\src\\stm32f10x_wwdg.c    0x00000000   Number         0  stm32f10x_wwdg.o ABSOLUTE
    ..\\Main\\main.c                         0x00000000   Number         0  main.o ABSOLUTE
    ..\\Main\\stm32f10x_it.c                 0x00000000   Number         0  stm32f10x_it.o ABSOLUTE
    ..\\Simple_FOC\\foc.c                    0x00000000   Number         0  foc.o ABSOLUTE
    ..\\Simple_FOC\\hall.c                   0x00000000   Number         0  hall.o ABSOLUTE
    ..\\User\\delay.c                        0x00000000   Number         0  delay.o ABSOLUTE
    ..\\User\\timer.c                        0x00000000   Number         0  timer.o ABSOLUTE
    ..\\User\\usart.c                        0x00000000   Number         0  usart.o ABSOLUTE
    dc.s                                     0x00000000   Number         0  dc.o ABSOLUTE
    RESET                                    0x08000000   Section      236  startup_stm32f10x_md.o(RESET)
    !!!main                                  0x080000ec   Section        8  __main.o(!!!main)
    !!!scatter                               0x080000f4   Section       52  __scatter.o(!!!scatter)
    !!handler_copy                           0x08000128   Section       26  __scatter_copy.o(!!handler_copy)
    !!handler_zi                             0x08000144   Section       28  __scatter_zi.o(!!handler_zi)
    .ARM.Collect$$_printf_percent$$00000000  0x08000160   Section        0  _printf_percent.o(.ARM.Collect$$_printf_percent$$00000000)
    .ARM.Collect$$_printf_percent$$00000003  0x08000160   Section        6  _printf_f.o(.ARM.Collect$$_printf_percent$$00000003)
    .ARM.Collect$$_printf_percent$$00000017  0x08000166   Section        4  _printf_percent_end.o(.ARM.Collect$$_printf_percent$$00000017)
    .ARM.Collect$$libinit$$00000000          0x0800016a   Section        2  libinit.o(.ARM.Collect$$libinit$$00000000)
    .ARM.Collect$$libinit$$00000002          0x0800016c   Section        0  libinit2.o(.ARM.Collect$$libinit$$00000002)
    .ARM.Collect$$libinit$$00000004          0x0800016c   Section        0  libinit2.o(.ARM.Collect$$libinit$$00000004)
    .ARM.Collect$$libinit$$0000000A          0x0800016c   Section        0  libinit2.o(.ARM.Collect$$libinit$$0000000A)
    .ARM.Collect$$libinit$$0000000C          0x0800016c   Section        0  libinit2.o(.ARM.Collect$$libinit$$0000000C)
    .ARM.Collect$$libinit$$0000000E          0x0800016c   Section        0  libinit2.o(.ARM.Collect$$libinit$$0000000E)
    .ARM.Collect$$libinit$$0000000F          0x0800016c   Section        6  libinit2.o(.ARM.Collect$$libinit$$0000000F)
    .ARM.Collect$$libinit$$00000011          0x08000172   Section        0  libinit2.o(.ARM.Collect$$libinit$$00000011)
    .ARM.Collect$$libinit$$00000013          0x08000172   Section        0  libinit2.o(.ARM.Collect$$libinit$$00000013)
    .ARM.Collect$$libinit$$00000015          0x08000172   Section        0  libinit2.o(.ARM.Collect$$libinit$$00000015)
    .ARM.Collect$$libinit$$00000016          0x08000172   Section       10  libinit2.o(.ARM.Collect$$libinit$$00000016)
    .ARM.Collect$$libinit$$00000017          0x0800017c   Section        0  libinit2.o(.ARM.Collect$$libinit$$00000017)
    .ARM.Collect$$libinit$$00000019          0x0800017c   Section        0  libinit2.o(.ARM.Collect$$libinit$$00000019)
    .ARM.Collect$$libinit$$0000001B          0x0800017c   Section        0  libinit2.o(.ARM.Collect$$libinit$$0000001B)
    .ARM.Collect$$libinit$$0000001D          0x0800017c   Section        0  libinit2.o(.ARM.Collect$$libinit$$0000001D)
    .ARM.Collect$$libinit$$0000001F          0x0800017c   Section        0  libinit2.o(.ARM.Collect$$libinit$$0000001F)
    .ARM.Collect$$libinit$$00000021          0x0800017c   Section        0  libinit2.o(.ARM.Collect$$libinit$$00000021)
    .ARM.Collect$$libinit$$00000023          0x0800017c   Section        0  libinit2.o(.ARM.Collect$$libinit$$00000023)
    .ARM.Collect$$libinit$$00000025          0x0800017c   Section        0  libinit2.o(.ARM.Collect$$libinit$$00000025)
    .ARM.Collect$$libinit$$0000002C          0x0800017c   Section        0  libinit2.o(.ARM.Collect$$libinit$$0000002C)
    .ARM.Collect$$libinit$$0000002E          0x0800017c   Section        0  libinit2.o(.ARM.Collect$$libinit$$0000002E)
    .ARM.Collect$$libinit$$00000030          0x0800017c   Section        0  libinit2.o(.ARM.Collect$$libinit$$00000030)
    .ARM.Collect$$libinit$$00000032          0x0800017c   Section        0  libinit2.o(.ARM.Collect$$libinit$$00000032)
    .ARM.Collect$$libinit$$00000033          0x0800017c   Section        2  libinit2.o(.ARM.Collect$$libinit$$00000033)
    .ARM.Collect$$libshutdown$$00000000      0x0800017e   Section        2  libshutdown.o(.ARM.Collect$$libshutdown$$00000000)
    .ARM.Collect$$libshutdown$$00000002      0x08000180   Section        0  libshutdown2.o(.ARM.Collect$$libshutdown$$00000002)
    .ARM.Collect$$libshutdown$$00000004      0x08000180   Section        0  libshutdown2.o(.ARM.Collect$$libshutdown$$00000004)
    .ARM.Collect$$libshutdown$$00000006      0x08000180   Section        0  libshutdown2.o(.ARM.Collect$$libshutdown$$00000006)
    .ARM.Collect$$libshutdown$$00000009      0x08000180   Section        0  libshutdown2.o(.ARM.Collect$$libshutdown$$00000009)
    .ARM.Collect$$libshutdown$$0000000C      0x08000180   Section        0  libshutdown2.o(.ARM.Collect$$libshutdown$$0000000C)
    .ARM.Collect$$libshutdown$$0000000E      0x08000180   Section        0  libshutdown2.o(.ARM.Collect$$libshutdown$$0000000E)
    .ARM.Collect$$libshutdown$$00000011      0x08000180   Section        0  libshutdown2.o(.ARM.Collect$$libshutdown$$00000011)
    .ARM.Collect$$libshutdown$$00000012      0x08000180   Section        2  libshutdown2.o(.ARM.Collect$$libshutdown$$00000012)
    .ARM.Collect$$rtentry$$00000000          0x08000182   Section        0  __rtentry.o(.ARM.Collect$$rtentry$$00000000)
    .ARM.Collect$$rtentry$$00000002          0x08000182   Section        0  __rtentry2.o(.ARM.Collect$$rtentry$$00000002)
    .ARM.Collect$$rtentry$$00000004          0x08000182   Section        6  __rtentry4.o(.ARM.Collect$$rtentry$$00000004)
    .ARM.Collect$$rtentry$$00000009          0x08000188   Section        0  __rtentry2.o(.ARM.Collect$$rtentry$$00000009)
    .ARM.Collect$$rtentry$$0000000A          0x08000188   Section        4  __rtentry2.o(.ARM.Collect$$rtentry$$0000000A)
    .ARM.Collect$$rtentry$$0000000C          0x0800018c   Section        0  __rtentry2.o(.ARM.Collect$$rtentry$$0000000C)
    .ARM.Collect$$rtentry$$0000000D          0x0800018c   Section        8  __rtentry2.o(.ARM.Collect$$rtentry$$0000000D)
    .ARM.Collect$$rtexit$$00000000           0x08000194   Section        2  rtexit.o(.ARM.Collect$$rtexit$$00000000)
    .ARM.Collect$$rtexit$$00000002           0x08000196   Section        0  rtexit2.o(.ARM.Collect$$rtexit$$00000002)
    .ARM.Collect$$rtexit$$00000003           0x08000196   Section        4  rtexit2.o(.ARM.Collect$$rtexit$$00000003)
    .ARM.Collect$$rtexit$$00000004           0x0800019a   Section        6  rtexit2.o(.ARM.Collect$$rtexit$$00000004)
    .text                                    0x080001a0   Section       64  startup_stm32f10x_md.o(.text)
    .text                                    0x080001e0   Section        0  misc.o(.text)
    .text                                    0x080002bc   Section        0  stm32f10x_gpio.o(.text)
    .text                                    0x08000618   Section        0  stm32f10x_i2c.o(.text)
    .text                                    0x08000a1c   Section        0  stm32f10x_rcc.o(.text)
    .text                                    0x08000dc0   Section        0  stm32f10x_tim.o(.text)
    TI4_Config                               0x08001267   Thumb Code   130  stm32f10x_tim.o(.text)
    TI3_Config                               0x080012fb   Thumb Code   122  stm32f10x_tim.o(.text)
    TI2_Config                               0x0800138f   Thumb Code   130  stm32f10x_tim.o(.text)
    TI1_Config                               0x08001423   Thumb Code   108  stm32f10x_tim.o(.text)
    .text                                    0x08001bdc   Section        0  stm32f10x_usart.o(.text)
    .text                                    0x08001fe4   Section        0  system_stm32f10x.o(.text)
    SetSysClockTo72                          0x08001fe5   Thumb Code   214  system_stm32f10x.o(.text)
    SetSysClock                              0x080020bb   Thumb Code     8  system_stm32f10x.o(.text)
    .text                                    0x080021c4   Section        0  delay.o(.text)
    .text                                    0x0800224c   Section        0  timer.o(.text)
    .text                                    0x08002508   Section        0  usart.o(.text)
    .text                                    0x080025c8   Section        0  hall.o(.text)
    .text                                    0x08002820   Section        0  main.o(.text)
    .text                                    0x08002898   Section        0  stm32f10x_it.o(.text)
    .text                                    0x080028dc   Section        2  use_no_semi_2.o(.text)
    .text                                    0x080028e0   Section        0  noretval__2printf.o(.text)
    .text                                    0x080028f8   Section        0  __printf_wp.o(.text)
    .text                                    0x08002a06   Section        0  heapauxi.o(.text)
    .text                                    0x08002a0c   Section        2  use_no_semi.o(.text)
    .text                                    0x08002a0e   Section        0  _printf_fp_dec.o(.text)
    _fp_digits                               0x08002a11   Thumb Code   432  _printf_fp_dec.o(.text)
    .text                                    0x08002e2c   Section        0  _printf_char_file.o(.text)
    .text                                    0x08002e50   Section        8  rt_locale_intlibspace.o(.text)
    .text                                    0x08002e58   Section      138  lludiv10.o(.text)
    .text                                    0x08002ee4   Section        0  _printf_char_common.o(.text)
    _printf_input_char                       0x08002ee5   Thumb Code    10  _printf_char_common.o(.text)
    .text                                    0x08002f14   Section        0  _printf_fp_infnan.o(.text)
    .text                                    0x08002f94   Section        0  bigflt0.o(.text)
    .text                                    0x08003078   Section        0  ferror.o(.text)
    .text                                    0x08003080   Section        8  libspace.o(.text)
    .text                                    0x08003088   Section       74  sys_stackheap_outer.o(.text)
    .text                                    0x080030d2   Section        0  exit.o(.text)
    .text                                    0x080030e4   Section      128  strcmpv7m.o(.text)
    CL$$btod_d2e                             0x08003164   Section       62  btod.o(CL$$btod_d2e)
    CL$$btod_d2e_denorm_low                  0x080031a2   Section       70  btod.o(CL$$btod_d2e_denorm_low)
    CL$$btod_d2e_norm_op1                    0x080031e8   Section       96  btod.o(CL$$btod_d2e_norm_op1)
    CL$$btod_div_common                      0x08003248   Section      824  btod.o(CL$$btod_div_common)
    CL$$btod_e2e                             0x08003580   Section      220  btod.o(CL$$btod_e2e)
    CL$$btod_ediv                            0x0800365c   Section       42  btod.o(CL$$btod_ediv)
    CL$$btod_emul                            0x08003686   Section       42  btod.o(CL$$btod_emul)
    CL$$btod_mult_common                     0x080036b0   Section      580  btod.o(CL$$btod_mult_common)
    i.__ARM_fpclassify                       0x080038f4   Section        0  fpclassify.o(i.__ARM_fpclassify)
    i._is_digit                              0x0800391c   Section        0  __printf_wp.o(i._is_digit)
    locale$$code                             0x0800392c   Section       44  lc_numeric_c.o(locale$$code)
    x$fpl$d2f                                0x08003958   Section       98  d2f.o(x$fpl$d2f)
    x$fpl$dcmpinf                            0x080039ba   Section       24  dcmpi.o(x$fpl$dcmpinf)
    x$fpl$dleqf                              0x080039d4   Section      120  dleqf.o(x$fpl$dleqf)
    x$fpl$dmul                               0x08003a4c   Section      340  dmul.o(x$fpl$dmul)
    x$fpl$dnaninf                            0x08003ba0   Section      156  dnaninf.o(x$fpl$dnaninf)
    x$fpl$dretinf                            0x08003c3c   Section       12  dretinf.o(x$fpl$dretinf)
    x$fpl$drleqf                             0x08003c48   Section      108  drleqf.o(x$fpl$drleqf)
    x$fpl$f2d                                0x08003cb4   Section       86  f2d.o(x$fpl$f2d)
    x$fpl$fadd                               0x08003d0c   Section      196  faddsub_clz.o(x$fpl$fadd)
    _fadd1                                   0x08003d1b   Thumb Code     0  faddsub_clz.o(x$fpl$fadd)
    x$fpl$fcmpinf                            0x08003dd0   Section       24  fcmpi.o(x$fpl$fcmpinf)
    x$fpl$fdiv                               0x08003de8   Section      388  fdiv.o(x$fpl$fdiv)
    _fdiv1                                   0x08003de9   Thumb Code     0  fdiv.o(x$fpl$fdiv)
    x$fpl$fflt                               0x08003f6c   Section       48  fflt_clz.o(x$fpl$fflt)
    x$fpl$fleqf                              0x08003f9c   Section      104  fleqf.o(x$fpl$fleqf)
    x$fpl$fnaninf                            0x08004004   Section      140  fnaninf.o(x$fpl$fnaninf)
    x$fpl$fretinf                            0x08004090   Section       10  fretinf.o(x$fpl$fretinf)
    x$fpl$frleqf                             0x0800409a   Section       98  frleqf.o(x$fpl$frleqf)
    x$fpl$fsub                               0x080040fc   Section      234  faddsub_clz.o(x$fpl$fsub)
    _fsub1                                   0x0800410b   Thumb Code     0  faddsub_clz.o(x$fpl$fsub)
    x$fpl$printf1                            0x080041e6   Section        4  printf1.o(x$fpl$printf1)
    .constdata                               0x080041ea   Section        8  hall.o(.constdata)
    x$fpl$usenofp                            0x080041ea   Section        0  usenofp.o(x$fpl$usenofp)
    .constdata                               0x080041f4   Section      148  bigflt0.o(.constdata)
    tenpwrs_x                                0x080041f4   Data          60  bigflt0.o(.constdata)
    tenpwrs_i                                0x08004230   Data          64  bigflt0.o(.constdata)
    locale$$data                             0x080042a8   Section       28  lc_numeric_c.o(locale$$data)
    __lcnum_c_name                           0x080042ac   Data           2  lc_numeric_c.o(locale$$data)
    __lcnum_c_start                          0x080042b4   Data           0  lc_numeric_c.o(locale$$data)
    __lcnum_c_point                          0x080042c0   Data           0  lc_numeric_c.o(locale$$data)
    __lcnum_c_thousands                      0x080042c2   Data           0  lc_numeric_c.o(locale$$data)
    __lcnum_c_grouping                       0x080042c3   Data           0  lc_numeric_c.o(locale$$data)
    __lcnum_c_end                            0x080042c4   Data           0  lc_numeric_c.o(locale$$data)
    .data                                    0x20000000   Section       20  stm32f10x_rcc.o(.data)
    APBAHBPrescTable                         0x20000000   Data          16  stm32f10x_rcc.o(.data)
    ADCPrescTable                            0x20000010   Data           4  stm32f10x_rcc.o(.data)
    .data                                    0x20000014   Section       20  system_stm32f10x.o(.data)
    .data                                    0x20000028   Section        6  usart.o(.data)
    .data                                    0x20000030   Section       76  hall.o(.data)
    old_direction                            0x20000071   Data           1  hall.o(.data)
    .data                                    0x2000007c   Section        4  main.o(.data)
    .data                                    0x20000080   Section        4  stm32f10x_it.o(.data)
    .bss                                     0x20000084   Section       96  libspace.o(.bss)
    HEAP                                     0x200000e8   Section      512  startup_stm32f10x_md.o(HEAP)
    Heap_Mem                                 0x200000e8   Data         512  startup_stm32f10x_md.o(HEAP)
    STACK                                    0x200002e8   Section     1024  startup_stm32f10x_md.o(STACK)
    Stack_Mem                                0x200002e8   Data        1024  startup_stm32f10x_md.o(STACK)
    __initial_sp                             0x200006e8   Data           0  startup_stm32f10x_md.o(STACK)

    Global Symbols

    Symbol Name                              Value     Ov Type        Size  Object(Section)

    BuildAttributes$$THM_ISAv4$P$D$K$B$S$PE$A:L22UL41UL21$X:L11$S22US41US21$IEEE1$IW$USESV6$~STKCKD$USESV7$~SHL$OTIME$ROPI$IEEEX$EBA8$UX$STANDARDLIB$REQ8$PRES8$EABIv2 0x00000000   Number         0  anon$$obj.o ABSOLUTE
    __ARM_use_no_argv                        0x00000000   Number         0  main.o ABSOLUTE
    _printf_flags                            0x00000000   Number         0  printf_stubs.o ABSOLUTE
    _printf_return_value                     0x00000000   Number         0  printf_stubs.o ABSOLUTE
    _printf_sizespec                         0x00000000   Number         0  printf_stubs.o ABSOLUTE
    _printf_widthprec                        0x00000000   Number         0  printf_stubs.o ABSOLUTE
    __ARM_exceptions_init                     - Undefined Weak Reference
    __alloca_initialize                       - Undefined Weak Reference
    __arm_fini_                               - Undefined Weak Reference
    __arm_preinit_                            - Undefined Weak Reference
    __cpp_initialize__aeabi_                  - Undefined Weak Reference
    __cxa_finalize                            - Undefined Weak Reference
    __sigvec_lookup                           - Undefined Weak Reference
    _atexit_init                              - Undefined Weak Reference
    _call_atexit_fns                          - Undefined Weak Reference
    _clock_init                               - Undefined Weak Reference
    _fp_trap_init                             - Undefined Weak Reference
    _fp_trap_shutdown                         - Undefined Weak Reference
    _get_lc_collate                           - Undefined Weak Reference
    _get_lc_ctype                             - Undefined Weak Reference
    _get_lc_monetary                          - Undefined Weak Reference
    _get_lc_time                              - Undefined Weak Reference
    _getenv_init                              - Undefined Weak Reference
    _handle_redirection                       - Undefined Weak Reference
    _init_alloc                               - Undefined Weak Reference
    _init_user_alloc                          - Undefined Weak Reference
    _initio                                   - Undefined Weak Reference
    _mutex_acquire                            - Undefined Weak Reference
    _mutex_release                            - Undefined Weak Reference
    _printf_post_padding                      - Undefined Weak Reference
    _printf_pre_padding                       - Undefined Weak Reference
    _rand_init                                - Undefined Weak Reference
    _signal_finish                            - Undefined Weak Reference
    _signal_init                              - Undefined Weak Reference
    _terminate_alloc                          - Undefined Weak Reference
    _terminate_user_alloc                     - Undefined Weak Reference
    _terminateio                              - Undefined Weak Reference
    __Vectors_Size                           0x000000ec   Number         0  startup_stm32f10x_md.o ABSOLUTE
    __Vectors                                0x08000000   Data           4  startup_stm32f10x_md.o(RESET)
    __Vectors_End                            0x080000ec   Data           0  startup_stm32f10x_md.o(RESET)
    __main                                   0x080000ed   Thumb Code     8  __main.o(!!!main)
    __scatterload                            0x080000f5   Thumb Code     0  __scatter.o(!!!scatter)
    __scatterload_rt2                        0x080000f5   Thumb Code    44  __scatter.o(!!!scatter)
    __scatterload_rt2_thumb_only             0x080000f5   Thumb Code     0  __scatter.o(!!!scatter)
    __scatterload_null                       0x08000103   Thumb Code     0  __scatter.o(!!!scatter)
    __scatterload_copy                       0x08000129   Thumb Code    26  __scatter_copy.o(!!handler_copy)
    __scatterload_zeroinit                   0x08000145   Thumb Code    28  __scatter_zi.o(!!handler_zi)
    _printf_f                                0x08000161   Thumb Code     0  _printf_f.o(.ARM.Collect$$_printf_percent$$00000003)
    _printf_percent                          0x08000161   Thumb Code     0  _printf_percent.o(.ARM.Collect$$_printf_percent$$00000000)
    _printf_percent_end                      0x08000167   Thumb Code     0  _printf_percent_end.o(.ARM.Collect$$_printf_percent$$00000017)
    __rt_lib_init                            0x0800016b   Thumb Code     0  libinit.o(.ARM.Collect$$libinit$$00000000)
    __rt_lib_init_fp_1                       0x0800016d   Thumb Code     0  libinit2.o(.ARM.Collect$$libinit$$00000002)
    __rt_lib_init_heap_1                     0x0800016d   Thumb Code     0  libinit2.o(.ARM.Collect$$libinit$$0000000A)
    __rt_lib_init_lc_common                  0x0800016d   Thumb Code     0  libinit2.o(.ARM.Collect$$libinit$$0000000F)
    __rt_lib_init_preinit_1                  0x0800016d   Thumb Code     0  libinit2.o(.ARM.Collect$$libinit$$00000004)
    __rt_lib_init_rand_1                     0x0800016d   Thumb Code     0  libinit2.o(.ARM.Collect$$libinit$$0000000E)
    __rt_lib_init_user_alloc_1               0x0800016d   Thumb Code     0  libinit2.o(.ARM.Collect$$libinit$$0000000C)
    __rt_lib_init_lc_collate_1               0x08000173   Thumb Code     0  libinit2.o(.ARM.Collect$$libinit$$00000011)
    __rt_lib_init_lc_ctype_1                 0x08000173   Thumb Code     0  libinit2.o(.ARM.Collect$$libinit$$00000013)
    __rt_lib_init_lc_monetary_1              0x08000173   Thumb Code     0  libinit2.o(.ARM.Collect$$libinit$$00000015)
    __rt_lib_init_lc_numeric_2               0x08000173   Thumb Code     0  libinit2.o(.ARM.Collect$$libinit$$00000016)
    __rt_lib_init_alloca_1                   0x0800017d   Thumb Code     0  libinit2.o(.ARM.Collect$$libinit$$0000002E)
    __rt_lib_init_argv_1                     0x0800017d   Thumb Code     0  libinit2.o(.ARM.Collect$$libinit$$0000002C)
    __rt_lib_init_atexit_1                   0x0800017d   Thumb Code     0  libinit2.o(.ARM.Collect$$libinit$$0000001B)
    __rt_lib_init_clock_1                    0x0800017d   Thumb Code     0  libinit2.o(.ARM.Collect$$libinit$$00000021)
    __rt_lib_init_cpp_1                      0x0800017d   Thumb Code     0  libinit2.o(.ARM.Collect$$libinit$$00000032)
    __rt_lib_init_exceptions_1               0x0800017d   Thumb Code     0  libinit2.o(.ARM.Collect$$libinit$$00000030)
    __rt_lib_init_fp_trap_1                  0x0800017d   Thumb Code     0  libinit2.o(.ARM.Collect$$libinit$$0000001F)
    __rt_lib_init_getenv_1                   0x0800017d   Thumb Code     0  libinit2.o(.ARM.Collect$$libinit$$00000023)
    __rt_lib_init_lc_numeric_1               0x0800017d   Thumb Code     0  libinit2.o(.ARM.Collect$$libinit$$00000017)
    __rt_lib_init_lc_time_1                  0x0800017d   Thumb Code     0  libinit2.o(.ARM.Collect$$libinit$$00000019)
    __rt_lib_init_return                     0x0800017d   Thumb Code     0  libinit2.o(.ARM.Collect$$libinit$$00000033)
    __rt_lib_init_signal_1                   0x0800017d   Thumb Code     0  libinit2.o(.ARM.Collect$$libinit$$0000001D)
    __rt_lib_init_stdio_1                    0x0800017d   Thumb Code     0  libinit2.o(.ARM.Collect$$libinit$$00000025)
    __rt_lib_shutdown                        0x0800017f   Thumb Code     0  libshutdown.o(.ARM.Collect$$libshutdown$$00000000)
    __rt_lib_shutdown_cpp_1                  0x08000181   Thumb Code     0  libshutdown2.o(.ARM.Collect$$libshutdown$$00000004)
    __rt_lib_shutdown_fini_1                 0x08000181   Thumb Code     0  libshutdown2.o(.ARM.Collect$$libshutdown$$00000002)
    __rt_lib_shutdown_fp_trap_1              0x08000181   Thumb Code     0  libshutdown2.o(.ARM.Collect$$libshutdown$$00000009)
    __rt_lib_shutdown_heap_1                 0x08000181   Thumb Code     0  libshutdown2.o(.ARM.Collect$$libshutdown$$00000011)
    __rt_lib_shutdown_return                 0x08000181   Thumb Code     0  libshutdown2.o(.ARM.Collect$$libshutdown$$00000012)
    __rt_lib_shutdown_signal_1               0x08000181   Thumb Code     0  libshutdown2.o(.ARM.Collect$$libshutdown$$0000000C)
    __rt_lib_shutdown_stdio_1                0x08000181   Thumb Code     0  libshutdown2.o(.ARM.Collect$$libshutdown$$00000006)
    __rt_lib_shutdown_user_alloc_1           0x08000181   Thumb Code     0  libshutdown2.o(.ARM.Collect$$libshutdown$$0000000E)
    __rt_entry                               0x08000183   Thumb Code     0  __rtentry.o(.ARM.Collect$$rtentry$$00000000)
    __rt_entry_presh_1                       0x08000183   Thumb Code     0  __rtentry2.o(.ARM.Collect$$rtentry$$00000002)
    __rt_entry_sh                            0x08000183   Thumb Code     0  __rtentry4.o(.ARM.Collect$$rtentry$$00000004)
    __rt_entry_li                            0x08000189   Thumb Code     0  __rtentry2.o(.ARM.Collect$$rtentry$$0000000A)
    __rt_entry_postsh_1                      0x08000189   Thumb Code     0  __rtentry2.o(.ARM.Collect$$rtentry$$00000009)
    __rt_entry_main                          0x0800018d   Thumb Code     0  __rtentry2.o(.ARM.Collect$$rtentry$$0000000D)
    __rt_entry_postli_1                      0x0800018d   Thumb Code     0  __rtentry2.o(.ARM.Collect$$rtentry$$0000000C)
    __rt_exit                                0x08000195   Thumb Code     0  rtexit.o(.ARM.Collect$$rtexit$$00000000)
    __rt_exit_ls                             0x08000197   Thumb Code     0  rtexit2.o(.ARM.Collect$$rtexit$$00000003)
    __rt_exit_prels_1                        0x08000197   Thumb Code     0  rtexit2.o(.ARM.Collect$$rtexit$$00000002)
    __rt_exit_exit                           0x0800019b   Thumb Code     0  rtexit2.o(.ARM.Collect$$rtexit$$00000004)
    Reset_Handler                            0x080001a1   Thumb Code     8  startup_stm32f10x_md.o(.text)
    ADC1_2_IRQHandler                        0x080001bb   Thumb Code     0  startup_stm32f10x_md.o(.text)
    CAN1_RX1_IRQHandler                      0x080001bb   Thumb Code     0  startup_stm32f10x_md.o(.text)
    CAN1_SCE_IRQHandler                      0x080001bb   Thumb Code     0  startup_stm32f10x_md.o(.text)
    DMA1_Channel1_IRQHandler                 0x080001bb   Thumb Code     0  startup_stm32f10x_md.o(.text)
    DMA1_Channel2_IRQHandler                 0x080001bb   Thumb Code     0  startup_stm32f10x_md.o(.text)
    DMA1_Channel3_IRQHandler                 0x080001bb   Thumb Code     0  startup_stm32f10x_md.o(.text)
    DMA1_Channel4_IRQHandler                 0x080001bb   Thumb Code     0  startup_stm32f10x_md.o(.text)
    DMA1_Channel5_IRQHandler                 0x080001bb   Thumb Code     0  startup_stm32f10x_md.o(.text)
    DMA1_Channel6_IRQHandler                 0x080001bb   Thumb Code     0  startup_stm32f10x_md.o(.text)
    DMA1_Channel7_IRQHandler                 0x080001bb   Thumb Code     0  startup_stm32f10x_md.o(.text)
    EXTI0_IRQHandler                         0x080001bb   Thumb Code     0  startup_stm32f10x_md.o(.text)
    EXTI15_10_IRQHandler                     0x080001bb   Thumb Code     0  startup_stm32f10x_md.o(.text)
    EXTI1_IRQHandler                         0x080001bb   Thumb Code     0  startup_stm32f10x_md.o(.text)
    EXTI2_IRQHandler                         0x080001bb   Thumb Code     0  startup_stm32f10x_md.o(.text)
    EXTI3_IRQHandler                         0x080001bb   Thumb Code     0  startup_stm32f10x_md.o(.text)
    EXTI4_IRQHandler                         0x080001bb   Thumb Code     0  startup_stm32f10x_md.o(.text)
    EXTI9_5_IRQHandler                       0x080001bb   Thumb Code     0  startup_stm32f10x_md.o(.text)
    FLASH_IRQHandler                         0x080001bb   Thumb Code     0  startup_stm32f10x_md.o(.text)
    I2C1_ER_IRQHandler                       0x080001bb   Thumb Code     0  startup_stm32f10x_md.o(.text)
    I2C1_EV_IRQHandler                       0x080001bb   Thumb Code     0  startup_stm32f10x_md.o(.text)
    I2C2_ER_IRQHandler                       0x080001bb   Thumb Code     0  startup_stm32f10x_md.o(.text)
    I2C2_EV_IRQHandler                       0x080001bb   Thumb Code     0  startup_stm32f10x_md.o(.text)
    PVD_IRQHandler                           0x080001bb   Thumb Code     0  startup_stm32f10x_md.o(.text)
    RCC_IRQHandler                           0x080001bb   Thumb Code     0  startup_stm32f10x_md.o(.text)
    RTCAlarm_IRQHandler                      0x080001bb   Thumb Code     0  startup_stm32f10x_md.o(.text)
    RTC_IRQHandler                           0x080001bb   Thumb Code     0  startup_stm32f10x_md.o(.text)
    SPI1_IRQHandler                          0x080001bb   Thumb Code     0  startup_stm32f10x_md.o(.text)
    SPI2_IRQHandler                          0x080001bb   Thumb Code     0  startup_stm32f10x_md.o(.text)
    TAMPER_IRQHandler                        0x080001bb   Thumb Code     0  startup_stm32f10x_md.o(.text)
    TIM1_BRK_IRQHandler                      0x080001bb   Thumb Code     0  startup_stm32f10x_md.o(.text)
    TIM1_CC_IRQHandler                       0x080001bb   Thumb Code     0  startup_stm32f10x_md.o(.text)
    TIM1_TRG_COM_IRQHandler                  0x080001bb   Thumb Code     0  startup_stm32f10x_md.o(.text)
    TIM1_UP_IRQHandler                       0x080001bb   Thumb Code     0  startup_stm32f10x_md.o(.text)
    TIM2_IRQHandler                          0x080001bb   Thumb Code     0  startup_stm32f10x_md.o(.text)
    TIM3_IRQHandler                          0x080001bb   Thumb Code     0  startup_stm32f10x_md.o(.text)
    USART1_IRQHandler                        0x080001bb   Thumb Code     0  startup_stm32f10x_md.o(.text)
    USART2_IRQHandler                        0x080001bb   Thumb Code     0  startup_stm32f10x_md.o(.text)
    USART3_IRQHandler                        0x080001bb   Thumb Code     0  startup_stm32f10x_md.o(.text)
    USBWakeUp_IRQHandler                     0x080001bb   Thumb Code     0  startup_stm32f10x_md.o(.text)
    USB_HP_CAN1_TX_IRQHandler                0x080001bb   Thumb Code     0  startup_stm32f10x_md.o(.text)
    USB_LP_CAN1_RX0_IRQHandler               0x080001bb   Thumb Code     0  startup_stm32f10x_md.o(.text)
    WWDG_IRQHandler                          0x080001bb   Thumb Code     0  startup_stm32f10x_md.o(.text)
    __user_initial_stackheap                 0x080001bd   Thumb Code     0  startup_stm32f10x_md.o(.text)
    NVIC_PriorityGroupConfig                 0x080001e1   Thumb Code    10  misc.o(.text)
    NVIC_Init                                0x080001eb   Thumb Code   100  misc.o(.text)
    NVIC_SetVectorTable                      0x0800024f   Thumb Code    14  misc.o(.text)
    NVIC_SystemLPConfig                      0x0800025d   Thumb Code    34  misc.o(.text)
    SysTick_CLKSourceConfig                  0x0800027f   Thumb Code    40  misc.o(.text)
    GPIO_DeInit                              0x080002bd   Thumb Code   172  stm32f10x_gpio.o(.text)
    GPIO_AFIODeInit                          0x08000369   Thumb Code    20  stm32f10x_gpio.o(.text)
    GPIO_Init                                0x0800037d   Thumb Code   278  stm32f10x_gpio.o(.text)
    GPIO_StructInit                          0x08000493   Thumb Code    16  stm32f10x_gpio.o(.text)
    GPIO_ReadInputDataBit                    0x080004a3   Thumb Code    18  stm32f10x_gpio.o(.text)
    GPIO_ReadInputData                       0x080004b5   Thumb Code     8  stm32f10x_gpio.o(.text)
    GPIO_ReadOutputDataBit                   0x080004bd   Thumb Code    18  stm32f10x_gpio.o(.text)
    GPIO_ReadOutputData                      0x080004cf   Thumb Code     8  stm32f10x_gpio.o(.text)
    GPIO_SetBits                             0x080004d7   Thumb Code     4  stm32f10x_gpio.o(.text)
    GPIO_ResetBits                           0x080004db   Thumb Code     4  stm32f10x_gpio.o(.text)
    GPIO_WriteBit                            0x080004df   Thumb Code    10  stm32f10x_gpio.o(.text)
    GPIO_Write                               0x080004e9   Thumb Code     4  stm32f10x_gpio.o(.text)
    GPIO_PinLockConfig                       0x080004ed   Thumb Code    18  stm32f10x_gpio.o(.text)
    GPIO_EventOutputConfig                   0x080004ff   Thumb Code    26  stm32f10x_gpio.o(.text)
    GPIO_EventOutputCmd                      0x08000519   Thumb Code     6  stm32f10x_gpio.o(.text)
    GPIO_PinRemapConfig                      0x0800051f   Thumb Code   138  stm32f10x_gpio.o(.text)
    GPIO_EXTILineConfig                      0x080005a9   Thumb Code    66  stm32f10x_gpio.o(.text)
    GPIO_ETH_MediaInterfaceConfig            0x080005eb   Thumb Code     8  stm32f10x_gpio.o(.text)
    I2C_DeInit                               0x08000619   Thumb Code    50  stm32f10x_i2c.o(.text)
    I2C_Init                                 0x0800064b   Thumb Code   222  stm32f10x_i2c.o(.text)
    I2C_StructInit                           0x08000729   Thumb Code    30  stm32f10x_i2c.o(.text)
    I2C_Cmd                                  0x08000747   Thumb Code    24  stm32f10x_i2c.o(.text)
    I2C_DMACmd                               0x0800075f   Thumb Code    24  stm32f10x_i2c.o(.text)
    I2C_DMALastTransferCmd                   0x08000777   Thumb Code    24  stm32f10x_i2c.o(.text)
    I2C_GenerateSTART                        0x0800078f   Thumb Code    24  stm32f10x_i2c.o(.text)
    I2C_GenerateSTOP                         0x080007a7   Thumb Code    24  stm32f10x_i2c.o(.text)
    I2C_AcknowledgeConfig                    0x080007bf   Thumb Code    24  stm32f10x_i2c.o(.text)
    I2C_OwnAddress2Config                    0x080007d7   Thumb Code    22  stm32f10x_i2c.o(.text)
    I2C_DualAddressCmd                       0x080007ed   Thumb Code    24  stm32f10x_i2c.o(.text)
    I2C_GeneralCallCmd                       0x08000805   Thumb Code    24  stm32f10x_i2c.o(.text)
    I2C_ITConfig                             0x0800081d   Thumb Code    18  stm32f10x_i2c.o(.text)
    I2C_SendData                             0x0800082f   Thumb Code     4  stm32f10x_i2c.o(.text)
    I2C_ReceiveData                          0x08000833   Thumb Code     8  stm32f10x_i2c.o(.text)
    I2C_Send7bitAddress                      0x0800083b   Thumb Code    18  stm32f10x_i2c.o(.text)
    I2C_ReadRegister                         0x0800084d   Thumb Code    22  stm32f10x_i2c.o(.text)
    I2C_SoftwareResetCmd                     0x08000863   Thumb Code    22  stm32f10x_i2c.o(.text)
    I2C_NACKPositionConfig                   0x08000879   Thumb Code    28  stm32f10x_i2c.o(.text)
    I2C_SMBusAlertConfig                     0x08000895   Thumb Code    28  stm32f10x_i2c.o(.text)
    I2C_TransmitPEC                          0x080008b1   Thumb Code    24  stm32f10x_i2c.o(.text)
    I2C_PECPositionConfig                    0x080008c9   Thumb Code    28  stm32f10x_i2c.o(.text)
    I2C_CalculatePEC                         0x080008e5   Thumb Code    24  stm32f10x_i2c.o(.text)
    I2C_GetPEC                               0x080008fd   Thumb Code     8  stm32f10x_i2c.o(.text)
    I2C_ARPCmd                               0x08000905   Thumb Code    24  stm32f10x_i2c.o(.text)
    I2C_StretchClockCmd                      0x0800091d   Thumb Code    24  stm32f10x_i2c.o(.text)
    I2C_FastModeDutyCycleConfig              0x08000935   Thumb Code    28  stm32f10x_i2c.o(.text)
    I2C_CheckEvent                           0x08000951   Thumb Code    42  stm32f10x_i2c.o(.text)
    I2C_GetLastEvent                         0x0800097b   Thumb Code    26  stm32f10x_i2c.o(.text)
    I2C_GetFlagStatus                        0x08000995   Thumb Code    58  stm32f10x_i2c.o(.text)
    I2C_ClearFlag                            0x080009cf   Thumb Code    12  stm32f10x_i2c.o(.text)
    I2C_GetITStatus                          0x080009db   Thumb Code    54  stm32f10x_i2c.o(.text)
    I2C_ClearITPendingBit                    0x08000a11   Thumb Code    12  stm32f10x_i2c.o(.text)
    RCC_DeInit                               0x08000a1d   Thumb Code    64  stm32f10x_rcc.o(.text)
    RCC_HSEConfig                            0x08000a5d   Thumb Code    70  stm32f10x_rcc.o(.text)
    RCC_GetFlagStatus                        0x08000aa3   Thumb Code    56  stm32f10x_rcc.o(.text)
    RCC_WaitForHSEStartUp                    0x08000adb   Thumb Code    56  stm32f10x_rcc.o(.text)
    RCC_AdjustHSICalibrationValue            0x08000b13   Thumb Code    20  stm32f10x_rcc.o(.text)
    RCC_HSICmd                               0x08000b27   Thumb Code     6  stm32f10x_rcc.o(.text)
    RCC_PLLConfig                            0x08000b2d   Thumb Code    24  stm32f10x_rcc.o(.text)
    RCC_PLLCmd                               0x08000b45   Thumb Code     6  stm32f10x_rcc.o(.text)
    RCC_SYSCLKConfig                         0x08000b4b   Thumb Code    18  stm32f10x_rcc.o(.text)
    RCC_GetSYSCLKSource                      0x08000b5d   Thumb Code    10  stm32f10x_rcc.o(.text)
    RCC_HCLKConfig                           0x08000b67   Thumb Code    18  stm32f10x_rcc.o(.text)
    RCC_PCLK1Config                          0x08000b79   Thumb Code    18  stm32f10x_rcc.o(.text)
    RCC_PCLK2Config                          0x08000b8b   Thumb Code    20  stm32f10x_rcc.o(.text)
    RCC_ITConfig                             0x08000b9f   Thumb Code    26  stm32f10x_rcc.o(.text)
    RCC_USBCLKConfig                         0x08000bb9   Thumb Code     8  stm32f10x_rcc.o(.text)
    RCC_ADCCLKConfig                         0x08000bc1   Thumb Code    18  stm32f10x_rcc.o(.text)
    RCC_LSEConfig                            0x08000bd3   Thumb Code    50  stm32f10x_rcc.o(.text)
    RCC_LSICmd                               0x08000c05   Thumb Code     6  stm32f10x_rcc.o(.text)
    RCC_RTCCLKConfig                         0x08000c0b   Thumb Code    12  stm32f10x_rcc.o(.text)
    RCC_RTCCLKCmd                            0x08000c17   Thumb Code     8  stm32f10x_rcc.o(.text)
    RCC_GetClocksFreq                        0x08000c1f   Thumb Code   192  stm32f10x_rcc.o(.text)
    RCC_AHBPeriphClockCmd                    0x08000cdf   Thumb Code    26  stm32f10x_rcc.o(.text)
    RCC_APB2PeriphClockCmd                   0x08000cf9   Thumb Code    26  stm32f10x_rcc.o(.text)
    RCC_APB1PeriphClockCmd                   0x08000d13   Thumb Code    26  stm32f10x_rcc.o(.text)
    RCC_APB2PeriphResetCmd                   0x08000d2d   Thumb Code    26  stm32f10x_rcc.o(.text)
    RCC_APB1PeriphResetCmd                   0x08000d47   Thumb Code    26  stm32f10x_rcc.o(.text)
    RCC_BackupResetCmd                       0x08000d61   Thumb Code     8  stm32f10x_rcc.o(.text)
    RCC_ClockSecuritySystemCmd               0x08000d69   Thumb Code     6  stm32f10x_rcc.o(.text)
    RCC_MCOConfig                            0x08000d6f   Thumb Code     6  stm32f10x_rcc.o(.text)
    RCC_ClearFlag                            0x08000d75   Thumb Code    14  stm32f10x_rcc.o(.text)
    RCC_GetITStatus                          0x08000d83   Thumb Code    20  stm32f10x_rcc.o(.text)
    RCC_ClearITPendingBit                    0x08000d97   Thumb Code     6  stm32f10x_rcc.o(.text)
    TIM_DeInit                               0x08000dc1   Thumb Code   424  stm32f10x_tim.o(.text)
    TIM_TimeBaseInit                         0x08000f69   Thumb Code   122  stm32f10x_tim.o(.text)
    TIM_OC1Init                              0x08000fe3   Thumb Code   132  stm32f10x_tim.o(.text)
    TIM_OC2Init                              0x08001067   Thumb Code   154  stm32f10x_tim.o(.text)
    TIM_OC3Init                              0x08001101   Thumb Code   150  stm32f10x_tim.o(.text)
    TIM_OC4Init                              0x08001197   Thumb Code   182  stm32f10x_tim.o(.text)
    TIM_SetIC4Prescaler                      0x0800124d   Thumb Code    26  stm32f10x_tim.o(.text)
    TIM_SetIC3Prescaler                      0x080012e9   Thumb Code    18  stm32f10x_tim.o(.text)
    TIM_SetIC2Prescaler                      0x08001375   Thumb Code    26  stm32f10x_tim.o(.text)
    TIM_SetIC1Prescaler                      0x08001411   Thumb Code    18  stm32f10x_tim.o(.text)
    TIM_ICInit                               0x0800148f   Thumb Code   150  stm32f10x_tim.o(.text)
    TIM_PWMIConfig                           0x08001525   Thumb Code   124  stm32f10x_tim.o(.text)
    TIM_BDTRConfig                           0x080015a1   Thumb Code    32  stm32f10x_tim.o(.text)
    TIM_TimeBaseStructInit                   0x080015c1   Thumb Code    18  stm32f10x_tim.o(.text)
    TIM_OCStructInit                         0x080015d3   Thumb Code    20  stm32f10x_tim.o(.text)
    TIM_ICStructInit                         0x080015e7   Thumb Code    18  stm32f10x_tim.o(.text)
    TIM_BDTRStructInit                       0x080015f9   Thumb Code    40  stm32f10x_tim.o(.text)
    TIM_Cmd                                  0x08001621   Thumb Code    24  stm32f10x_tim.o(.text)
    TIM_CtrlPWMOutputs                       0x08001639   Thumb Code    30  stm32f10x_tim.o(.text)
    TIM_ITConfig                             0x08001657   Thumb Code    18  stm32f10x_tim.o(.text)
    TIM_GenerateEvent                        0x08001669   Thumb Code     4  stm32f10x_tim.o(.text)
    TIM_DMAConfig                            0x0800166d   Thumb Code    10  stm32f10x_tim.o(.text)
    TIM_DMACmd                               0x08001677   Thumb Code    18  stm32f10x_tim.o(.text)
    TIM_InternalClockConfig                  0x08001689   Thumb Code    12  stm32f10x_tim.o(.text)
    TIM_SelectInputTrigger                   0x08001695   Thumb Code    18  stm32f10x_tim.o(.text)
    TIM_ITRxExternalClockConfig              0x080016a7   Thumb Code    24  stm32f10x_tim.o(.text)
    TIM_TIxExternalClockConfig               0x080016bf   Thumb Code    62  stm32f10x_tim.o(.text)
    TIM_ETRConfig                            0x080016fd   Thumb Code    28  stm32f10x_tim.o(.text)
    TIM_ETRClockMode1Config                  0x08001719   Thumb Code    54  stm32f10x_tim.o(.text)
    TIM_ETRClockMode2Config                  0x0800174f   Thumb Code    32  stm32f10x_tim.o(.text)
    TIM_PrescalerConfig                      0x0800176f   Thumb Code     6  stm32f10x_tim.o(.text)
    TIM_CounterModeConfig                    0x08001775   Thumb Code    18  stm32f10x_tim.o(.text)
    TIM_EncoderInterfaceConfig               0x08001787   Thumb Code    66  stm32f10x_tim.o(.text)
    TIM_ForcedOC1Config                      0x080017c9   Thumb Code    18  stm32f10x_tim.o(.text)
    TIM_ForcedOC2Config                      0x080017db   Thumb Code    26  stm32f10x_tim.o(.text)
    TIM_ForcedOC3Config                      0x080017f5   Thumb Code    18  stm32f10x_tim.o(.text)
    TIM_ForcedOC4Config                      0x08001807   Thumb Code    26  stm32f10x_tim.o(.text)
    TIM_ARRPreloadConfig                     0x08001821   Thumb Code    24  stm32f10x_tim.o(.text)
    TIM_SelectCOM                            0x08001839   Thumb Code    24  stm32f10x_tim.o(.text)
    TIM_SelectCCDMA                          0x08001851   Thumb Code    24  stm32f10x_tim.o(.text)
    TIM_CCPreloadControl                     0x08001869   Thumb Code    24  stm32f10x_tim.o(.text)
    TIM_OC1PreloadConfig                     0x08001881   Thumb Code    18  stm32f10x_tim.o(.text)
    TIM_OC2PreloadConfig                     0x08001893   Thumb Code    26  stm32f10x_tim.o(.text)
    TIM_OC3PreloadConfig                     0x080018ad   Thumb Code    18  stm32f10x_tim.o(.text)
    TIM_OC4PreloadConfig                     0x080018bf   Thumb Code    26  stm32f10x_tim.o(.text)
    TIM_OC1FastConfig                        0x080018d9   Thumb Code    18  stm32f10x_tim.o(.text)
    TIM_OC2FastConfig                        0x080018eb   Thumb Code    26  stm32f10x_tim.o(.text)
    TIM_OC3FastConfig                        0x08001905   Thumb Code    18  stm32f10x_tim.o(.text)
    TIM_OC4FastConfig                        0x08001917   Thumb Code    26  stm32f10x_tim.o(.text)
    TIM_ClearOC1Ref                          0x08001931   Thumb Code    18  stm32f10x_tim.o(.text)
    TIM_ClearOC2Ref                          0x08001943   Thumb Code    24  stm32f10x_tim.o(.text)
    TIM_ClearOC3Ref                          0x0800195b   Thumb Code    18  stm32f10x_tim.o(.text)
    TIM_ClearOC4Ref                          0x0800196d   Thumb Code    24  stm32f10x_tim.o(.text)
    TIM_OC1PolarityConfig                    0x08001985   Thumb Code    18  stm32f10x_tim.o(.text)
    TIM_OC1NPolarityConfig                   0x08001997   Thumb Code    18  stm32f10x_tim.o(.text)
    TIM_OC2PolarityConfig                    0x080019a9   Thumb Code    26  stm32f10x_tim.o(.text)
    TIM_OC2NPolarityConfig                   0x080019c3   Thumb Code    26  stm32f10x_tim.o(.text)
    TIM_OC3PolarityConfig                    0x080019dd   Thumb Code    26  stm32f10x_tim.o(.text)
    TIM_OC3NPolarityConfig                   0x080019f7   Thumb Code    26  stm32f10x_tim.o(.text)
    TIM_OC4PolarityConfig                    0x08001a11   Thumb Code    26  stm32f10x_tim.o(.text)
    TIM_CCxCmd                               0x08001a2b   Thumb Code    30  stm32f10x_tim.o(.text)
    TIM_CCxNCmd                              0x08001a49   Thumb Code    30  stm32f10x_tim.o(.text)
    TIM_SelectOCxM                           0x08001a67   Thumb Code    82  stm32f10x_tim.o(.text)
    TIM_UpdateDisableConfig                  0x08001ab9   Thumb Code    24  stm32f10x_tim.o(.text)
    TIM_UpdateRequestConfig                  0x08001ad1   Thumb Code    24  stm32f10x_tim.o(.text)
    TIM_SelectHallSensor                     0x08001ae9   Thumb Code    24  stm32f10x_tim.o(.text)
    TIM_SelectOnePulseMode                   0x08001b01   Thumb Code    18  stm32f10x_tim.o(.text)
    TIM_SelectOutputTrigger                  0x08001b13   Thumb Code    18  stm32f10x_tim.o(.text)
    TIM_SelectSlaveMode                      0x08001b25   Thumb Code    18  stm32f10x_tim.o(.text)
    TIM_SelectMasterSlaveMode                0x08001b37   Thumb Code    18  stm32f10x_tim.o(.text)
    TIM_SetCounter                           0x08001b49   Thumb Code     4  stm32f10x_tim.o(.text)
    TIM_SetAutoreload                        0x08001b4d   Thumb Code     4  stm32f10x_tim.o(.text)
    TIM_SetCompare1                          0x08001b51   Thumb Code     4  stm32f10x_tim.o(.text)
    TIM_SetCompare2                          0x08001b55   Thumb Code     4  stm32f10x_tim.o(.text)
    TIM_SetCompare3                          0x08001b59   Thumb Code     4  stm32f10x_tim.o(.text)
    TIM_SetCompare4                          0x08001b5d   Thumb Code     6  stm32f10x_tim.o(.text)
    TIM_SetClockDivision                     0x08001b63   Thumb Code    18  stm32f10x_tim.o(.text)
    TIM_GetCapture1                          0x08001b75   Thumb Code     6  stm32f10x_tim.o(.text)
    TIM_GetCapture2                          0x08001b7b   Thumb Code     6  stm32f10x_tim.o(.text)
    TIM_GetCapture3                          0x08001b81   Thumb Code     6  stm32f10x_tim.o(.text)
    TIM_GetCapture4                          0x08001b87   Thumb Code     8  stm32f10x_tim.o(.text)
    TIM_GetCounter                           0x08001b8f   Thumb Code     6  stm32f10x_tim.o(.text)
    TIM_GetPrescaler                         0x08001b95   Thumb Code     6  stm32f10x_tim.o(.text)
    TIM_GetFlagStatus                        0x08001b9b   Thumb Code    18  stm32f10x_tim.o(.text)
    TIM_ClearFlag                            0x08001bad   Thumb Code     6  stm32f10x_tim.o(.text)
    TIM_GetITStatus                          0x08001bb3   Thumb Code    34  stm32f10x_tim.o(.text)
    TIM_ClearITPendingBit                    0x08001bd5   Thumb Code     6  stm32f10x_tim.o(.text)
    USART_DeInit                             0x08001bdd   Thumb Code   134  stm32f10x_usart.o(.text)
    USART_Init                               0x08001c63   Thumb Code   210  stm32f10x_usart.o(.text)
    USART_StructInit                         0x08001d35   Thumb Code    24  stm32f10x_usart.o(.text)
    USART_ClockInit                          0x08001d4d   Thumb Code    34  stm32f10x_usart.o(.text)
    USART_ClockStructInit                    0x08001d6f   Thumb Code    12  stm32f10x_usart.o(.text)
    USART_Cmd                                0x08001d7b   Thumb Code    24  stm32f10x_usart.o(.text)
    USART_ITConfig                           0x08001d93   Thumb Code    74  stm32f10x_usart.o(.text)
    USART_DMACmd                             0x08001ddd   Thumb Code    18  stm32f10x_usart.o(.text)
    USART_SetAddress                         0x08001def   Thumb Code    18  stm32f10x_usart.o(.text)
    USART_WakeUpConfig                       0x08001e01   Thumb Code    18  stm32f10x_usart.o(.text)
    USART_ReceiverWakeUpCmd                  0x08001e13   Thumb Code    24  stm32f10x_usart.o(.text)
    USART_LINBreakDetectLengthConfig         0x08001e2b   Thumb Code    18  stm32f10x_usart.o(.text)
    USART_LINCmd                             0x08001e3d   Thumb Code    24  stm32f10x_usart.o(.text)
    USART_SendData                           0x08001e55   Thumb Code     8  stm32f10x_usart.o(.text)
    USART_ReceiveData                        0x08001e5d   Thumb Code    10  stm32f10x_usart.o(.text)
    USART_SendBreak                          0x08001e67   Thumb Code    10  stm32f10x_usart.o(.text)
    USART_SetGuardTime                       0x08001e71   Thumb Code    16  stm32f10x_usart.o(.text)
    USART_SetPrescaler                       0x08001e81   Thumb Code    16  stm32f10x_usart.o(.text)
    USART_SmartCardCmd                       0x08001e91   Thumb Code    24  stm32f10x_usart.o(.text)
    USART_SmartCardNACKCmd                   0x08001ea9   Thumb Code    24  stm32f10x_usart.o(.text)
    USART_HalfDuplexCmd                      0x08001ec1   Thumb Code    24  stm32f10x_usart.o(.text)
    USART_OverSampling8Cmd                   0x08001ed9   Thumb Code    22  stm32f10x_usart.o(.text)
    USART_OneBitMethodCmd                    0x08001eef   Thumb Code    24  stm32f10x_usart.o(.text)
    USART_IrDAConfig                         0x08001f07   Thumb Code    18  stm32f10x_usart.o(.text)
    USART_IrDACmd                            0x08001f19   Thumb Code    24  stm32f10x_usart.o(.text)
    USART_GetFlagStatus                      0x08001f31   Thumb Code    26  stm32f10x_usart.o(.text)
    USART_ClearFlag                          0x08001f4b   Thumb Code    18  stm32f10x_usart.o(.text)
    USART_GetITStatus                        0x08001f5d   Thumb Code    84  stm32f10x_usart.o(.text)
    USART_ClearITPendingBit                  0x08001fb1   Thumb Code    52  stm32f10x_usart.o(.text)
    SystemInit                               0x080020c3   Thumb Code    78  system_stm32f10x.o(.text)
    SystemCoreClockUpdate                    0x08002111   Thumb Code   142  system_stm32f10x.o(.text)
    delay_us                                 0x080021c5   Thumb Code    54  delay.o(.text)
    delay_ms                                 0x080021fb   Thumb Code    60  delay.o(.text)
    systick_count                            0x08002237   Thumb Code    18  delay.o(.text)
    TIM2_PWM                                 0x0800224d   Thumb Code   188  timer.o(.text)
    TIM3_1ms                                 0x08002309   Thumb Code    80  timer.o(.text)
    Hall_Init                                0x08002359   Thumb Code   406  timer.o(.text)
    _sys_exit                                0x08002509   Thumb Code     4  usart.o(.text)
    fputc                                    0x0800250d   Thumb Code    24  usart.o(.text)
    usart1_init                              0x08002525   Thumb Code   154  usart.o(.text)
    Sensorupdate                             0x080025c9   Thumb Code   236  hall.o(.text)
    hallconfig                               0x080026b5   Thumb Code    52  hall.o(.text)
    getAngle                                 0x080026e9   Thumb Code    72  hall.o(.text)
    SensorInit                               0x08002731   Thumb Code    42  hall.o(.text)
    update                                   0x0800275b   Thumb Code   100  hall.o(.text)
    main                                     0x08002821   Thumb Code    82  main.o(.text)
    NMI_Handler                              0x08002899   Thumb Code     2  stm32f10x_it.o(.text)
    HardFault_Handler                        0x0800289b   Thumb Code     4  stm32f10x_it.o(.text)
    MemManage_Handler                        0x0800289f   Thumb Code     4  stm32f10x_it.o(.text)
    BusFault_Handler                         0x080028a3   Thumb Code     4  stm32f10x_it.o(.text)
    UsageFault_Handler                       0x080028a7   Thumb Code     4  stm32f10x_it.o(.text)
    SVC_Handler                              0x080028ab   Thumb Code     2  stm32f10x_it.o(.text)
    DebugMon_Handler                         0x080028ad   Thumb Code     2  stm32f10x_it.o(.text)
    PendSV_Handler                           0x080028af   Thumb Code     2  stm32f10x_it.o(.text)
    SysTick_Handler                          0x080028b1   Thumb Code     2  stm32f10x_it.o(.text)
    TIM4_IRQHandler                          0x080028b3   Thumb Code    34  stm32f10x_it.o(.text)
    __use_no_semihosting                     0x080028dd   Thumb Code     2  use_no_semi_2.o(.text)
    __2printf                                0x080028e1   Thumb Code    20  noretval__2printf.o(.text)
    __printf                                 0x080028f9   Thumb Code   270  __printf_wp.o(.text)
    __use_two_region_memory                  0x08002a07   Thumb Code     2  heapauxi.o(.text)
    __rt_heap_escrow$2region                 0x08002a09   Thumb Code     2  heapauxi.o(.text)
    __rt_heap_expand$2region                 0x08002a0b   Thumb Code     2  heapauxi.o(.text)
    __I$use$semihosting                      0x08002a0d   Thumb Code     0  use_no_semi.o(.text)
    __use_no_semihosting_swi                 0x08002a0d   Thumb Code     2  use_no_semi.o(.text)
    __lib_sel_fp_printf                      0x08002a0f   Thumb Code     2  _printf_fp_dec.o(.text)
    _printf_fp_dec_real                      0x08002bc1   Thumb Code   620  _printf_fp_dec.o(.text)
    _printf_char_file                        0x08002e2d   Thumb Code    32  _printf_char_file.o(.text)
    __rt_locale                              0x08002e51   Thumb Code     8  rt_locale_intlibspace.o(.text)
    _ll_udiv10                               0x08002e59   Thumb Code   138  lludiv10.o(.text)
    _printf_char_common                      0x08002eef   Thumb Code    32  _printf_char_common.o(.text)
    _printf_fp_infnan                        0x08002f15   Thumb Code   112  _printf_fp_infnan.o(.text)
    _btod_etento                             0x08002f95   Thumb Code   224  bigflt0.o(.text)
    ferror                                   0x08003079   Thumb Code     8  ferror.o(.text)
    __user_libspace                          0x08003081   Thumb Code     8  libspace.o(.text)
    __user_perproc_libspace                  0x08003081   Thumb Code     0  libspace.o(.text)
    __user_perthread_libspace                0x08003081   Thumb Code     0  libspace.o(.text)
    __user_setup_stackheap                   0x08003089   Thumb Code    74  sys_stackheap_outer.o(.text)
    exit                                     0x080030d3   Thumb Code    18  exit.o(.text)
    strcmp                                   0x080030e5   Thumb Code   128  strcmpv7m.o(.text)
    _btod_d2e                                0x08003165   Thumb Code    62  btod.o(CL$$btod_d2e)
    _d2e_denorm_low                          0x080031a3   Thumb Code    70  btod.o(CL$$btod_d2e_denorm_low)
    _d2e_norm_op1                            0x080031e9   Thumb Code    96  btod.o(CL$$btod_d2e_norm_op1)
    __btod_div_common                        0x08003249   Thumb Code   696  btod.o(CL$$btod_div_common)
    _e2e                                     0x08003581   Thumb Code   220  btod.o(CL$$btod_e2e)
    _btod_ediv                               0x0800365d   Thumb Code    42  btod.o(CL$$btod_ediv)
    _btod_emul                               0x08003687   Thumb Code    42  btod.o(CL$$btod_emul)
    __btod_mult_common                       0x080036b1   Thumb Code   580  btod.o(CL$$btod_mult_common)
    __ARM_fpclassify                         0x080038f5   Thumb Code    40  fpclassify.o(i.__ARM_fpclassify)
    _is_digit                                0x0800391d   Thumb Code    14  __printf_wp.o(i._is_digit)
    _get_lc_numeric                          0x0800392d   Thumb Code    44  lc_numeric_c.o(locale$$code)
    __aeabi_d2f                              0x08003959   Thumb Code     0  d2f.o(x$fpl$d2f)
    _d2f                                     0x08003959   Thumb Code    98  d2f.o(x$fpl$d2f)
    __fpl_dcmp_Inf                           0x080039bb   Thumb Code    24  dcmpi.o(x$fpl$dcmpinf)
    __aeabi_cdcmple                          0x080039d5   Thumb Code     0  dleqf.o(x$fpl$dleqf)
    _dcmple                                  0x080039d5   Thumb Code   120  dleqf.o(x$fpl$dleqf)
    __fpl_dcmple_InfNaN                      0x08003a37   Thumb Code     0  dleqf.o(x$fpl$dleqf)
    __aeabi_dmul                             0x08003a4d   Thumb Code     0  dmul.o(x$fpl$dmul)
    _dmul                                    0x08003a4d   Thumb Code   332  dmul.o(x$fpl$dmul)
    __fpl_dnaninf                            0x08003ba1   Thumb Code   156  dnaninf.o(x$fpl$dnaninf)
    __fpl_dretinf                            0x08003c3d   Thumb Code    12  dretinf.o(x$fpl$dretinf)
    __aeabi_cdrcmple                         0x08003c49   Thumb Code     0  drleqf.o(x$fpl$drleqf)
    _drcmple                                 0x08003c49   Thumb Code   108  drleqf.o(x$fpl$drleqf)
    __aeabi_f2d                              0x08003cb5   Thumb Code     0  f2d.o(x$fpl$f2d)
    _f2d                                     0x08003cb5   Thumb Code    86  f2d.o(x$fpl$f2d)
    __aeabi_fadd                             0x08003d0d   Thumb Code     0  faddsub_clz.o(x$fpl$fadd)
    _fadd                                    0x08003d0d   Thumb Code   196  faddsub_clz.o(x$fpl$fadd)
    __fpl_fcmp_Inf                           0x08003dd1   Thumb Code    24  fcmpi.o(x$fpl$fcmpinf)
    __aeabi_fdiv                             0x08003de9   Thumb Code     0  fdiv.o(x$fpl$fdiv)
    _fdiv                                    0x08003de9   Thumb Code   384  fdiv.o(x$fpl$fdiv)
    __aeabi_i2f                              0x08003f6d   Thumb Code     0  fflt_clz.o(x$fpl$fflt)
    _fflt                                    0x08003f6d   Thumb Code    48  fflt_clz.o(x$fpl$fflt)
    __aeabi_cfcmple                          0x08003f9d   Thumb Code     0  fleqf.o(x$fpl$fleqf)
    _fcmple                                  0x08003f9d   Thumb Code   104  fleqf.o(x$fpl$fleqf)
    __fpl_fcmple_InfNaN                      0x08003fef   Thumb Code     0  fleqf.o(x$fpl$fleqf)
    __fpl_fnaninf                            0x08004005   Thumb Code   140  fnaninf.o(x$fpl$fnaninf)
    __fpl_fretinf                            0x08004091   Thumb Code    10  fretinf.o(x$fpl$fretinf)
    __aeabi_cfrcmple                         0x0800409b   Thumb Code     0  frleqf.o(x$fpl$frleqf)
    _frcmple                                 0x0800409b   Thumb Code    98  frleqf.o(x$fpl$frleqf)
    __aeabi_fsub                             0x080040fd   Thumb Code     0  faddsub_clz.o(x$fpl$fsub)
    _fsub                                    0x080040fd   Thumb Code   234  faddsub_clz.o(x$fpl$fsub)
    _printf_fp_dec                           0x080041e7   Thumb Code     4  printf1.o(x$fpl$printf1)
    ELECTRIC_SECTORS                         0x080041ea   Data           8  hall.o(.constdata)
    __I$use$fp                               0x080041ea   Number         0  usenofp.o(x$fpl$usenofp)
    Region$$Table$$Base                      0x08004288   Number         0  anon$$obj.o(Region$$Table)
    Region$$Table$$Limit                     0x080042a8   Number         0  anon$$obj.o(Region$$Table)
    SystemCoreClock                          0x20000014   Data           4  system_stm32f10x.o(.data)
    AHBPrescTable                            0x20000018   Data          16  system_stm32f10x.o(.data)
    __stdout                                 0x20000028   Data           4  usart.o(.data)
    USART_RX_STA                             0x2000002c   Data           2  usart.o(.data)
    cpr                                      0x20000030   Data           4  hall.o(.data)
    full_rotation_offset                     0x20000034   Data           4  hall.o(.data)
    angle_data_prev                          0x20000038   Data           4  hall.o(.data)
    velocity_calc_timestamp                  0x2000003c   Data           4  hall.o(.data)
    angle_prev                               0x20000040   Data           4  hall.o(.data)
    HU                                       0x20000044   Data           4  hall.o(.data)
    HV                                       0x20000048   Data           4  hall.o(.data)
    HW                                       0x2000004c   Data           4  hall.o(.data)
    hall_state                               0x20000050   Data           4  hall.o(.data)
    new_hall_state                           0x20000054   Data           4  hall.o(.data)
    electric_sector                          0x20000058   Data           4  hall.o(.data)
    new_electric_sector                      0x2000005c   Data           4  hall.o(.data)
    electric_rotations                       0x20000060   Data           4  hall.o(.data)
    total_interrupt                          0x20000064   Data           4  hall.o(.data)
    pulse_timestamp                          0x20000068   Data           4  hall.o(.data)
    pulse_diff                               0x2000006c   Data           4  hall.o(.data)
    direction                                0x20000070   Data           1  hall.o(.data)
    angle_prev_ts                            0x20000074   Data           4  hall.o(.data)
    full_rotations                           0x20000078   Data           4  hall.o(.data)
    ang1                                     0x2000007c   Data           4  main.o(.data)
    time1_cntr                               0x20000080   Data           4  stm32f10x_it.o(.data)
    __libspace_start                         0x20000084   Data          96  libspace.o(.bss)
    __temporary_stack_top$libspace           0x200000e4   Data           0  libspace.o(.bss)



==============================================================================

Memory Map of the image

  Image Entry point : 0x080000ed

  Load Region LR_IROM1 (Base: 0x08000000, Size: 0x00004348, Max: 0x00010000, ABSOLUTE)

    Execution Region ER_IROM1 (Exec base: 0x08000000, Load base: 0x08000000, Size: 0x000042c4, Max: 0x00010000, ABSOLUTE)

    Exec Addr    Load Addr    Size         Type   Attr      Idx    E Section Name        Object

    0x08000000   0x08000000   0x000000ec   Data   RO            3    RESET               startup_stm32f10x_md.o
    0x080000ec   0x080000ec   0x00000008   Code   RO         1006  * !!!main             c_w.l(__main.o)
    0x080000f4   0x080000f4   0x00000034   Code   RO         1325    !!!scatter          c_w.l(__scatter.o)
    0x08000128   0x08000128   0x0000001a   Code   RO         1327    !!handler_copy      c_w.l(__scatter_copy.o)
    0x08000142   0x08000142   0x00000002   PAD
    0x08000144   0x08000144   0x0000001c   Code   RO         1329    !!handler_zi        c_w.l(__scatter_zi.o)
    0x08000160   0x08000160   0x00000000   Code   RO         1003    .ARM.Collect$$_printf_percent$$00000000  c_w.l(_printf_percent.o)
    0x08000160   0x08000160   0x00000006   Code   RO         1002    .ARM.Collect$$_printf_percent$$00000003  c_w.l(_printf_f.o)
    0x08000166   0x08000166   0x00000004   Code   RO         1073    .ARM.Collect$$_printf_percent$$00000017  c_w.l(_printf_percent_end.o)
    0x0800016a   0x0800016a   0x00000002   Code   RO         1194    .ARM.Collect$$libinit$$00000000  c_w.l(libinit.o)
    0x0800016c   0x0800016c   0x00000000   Code   RO         1196    .ARM.Collect$$libinit$$00000002  c_w.l(libinit2.o)
    0x0800016c   0x0800016c   0x00000000   Code   RO         1198    .ARM.Collect$$libinit$$00000004  c_w.l(libinit2.o)
    0x0800016c   0x0800016c   0x00000000   Code   RO         1201    .ARM.Collect$$libinit$$0000000A  c_w.l(libinit2.o)
    0x0800016c   0x0800016c   0x00000000   Code   RO         1203    .ARM.Collect$$libinit$$0000000C  c_w.l(libinit2.o)
    0x0800016c   0x0800016c   0x00000000   Code   RO         1205    .ARM.Collect$$libinit$$0000000E  c_w.l(libinit2.o)
    0x0800016c   0x0800016c   0x00000006   Code   RO         1206    .ARM.Collect$$libinit$$0000000F  c_w.l(libinit2.o)
    0x08000172   0x08000172   0x00000000   Code   RO         1208    .ARM.Collect$$libinit$$00000011  c_w.l(libinit2.o)
    0x08000172   0x08000172   0x00000000   Code   RO         1210    .ARM.Collect$$libinit$$00000013  c_w.l(libinit2.o)
    0x08000172   0x08000172   0x00000000   Code   RO         1212    .ARM.Collect$$libinit$$00000015  c_w.l(libinit2.o)
    0x08000172   0x08000172   0x0000000a   Code   RO         1213    .ARM.Collect$$libinit$$00000016  c_w.l(libinit2.o)
    0x0800017c   0x0800017c   0x00000000   Code   RO         1214    .ARM.Collect$$libinit$$00000017  c_w.l(libinit2.o)
    0x0800017c   0x0800017c   0x00000000   Code   RO         1216    .ARM.Collect$$libinit$$00000019  c_w.l(libinit2.o)
    0x0800017c   0x0800017c   0x00000000   Code   RO         1218    .ARM.Collect$$libinit$$0000001B  c_w.l(libinit2.o)
    0x0800017c   0x0800017c   0x00000000   Code   RO         1220    .ARM.Collect$$libinit$$0000001D  c_w.l(libinit2.o)
    0x0800017c   0x0800017c   0x00000000   Code   RO         1222    .ARM.Collect$$libinit$$0000001F  c_w.l(libinit2.o)
    0x0800017c   0x0800017c   0x00000000   Code   RO         1224    .ARM.Collect$$libinit$$00000021  c_w.l(libinit2.o)
    0x0800017c   0x0800017c   0x00000000   Code   RO         1226    .ARM.Collect$$libinit$$00000023  c_w.l(libinit2.o)
    0x0800017c   0x0800017c   0x00000000   Code   RO         1228    .ARM.Collect$$libinit$$00000025  c_w.l(libinit2.o)
    0x0800017c   0x0800017c   0x00000000   Code   RO         1232    .ARM.Collect$$libinit$$0000002C  c_w.l(libinit2.o)
    0x0800017c   0x0800017c   0x00000000   Code   RO         1234    .ARM.Collect$$libinit$$0000002E  c_w.l(libinit2.o)
    0x0800017c   0x0800017c   0x00000000   Code   RO         1236    .ARM.Collect$$libinit$$00000030  c_w.l(libinit2.o)
    0x0800017c   0x0800017c   0x00000000   Code   RO         1238    .ARM.Collect$$libinit$$00000032  c_w.l(libinit2.o)
    0x0800017c   0x0800017c   0x00000002   Code   RO         1239    .ARM.Collect$$libinit$$00000033  c_w.l(libinit2.o)
    0x0800017e   0x0800017e   0x00000002   Code   RO         1273    .ARM.Collect$$libshutdown$$00000000  c_w.l(libshutdown.o)
    0x08000180   0x08000180   0x00000000   Code   RO         1282    .ARM.Collect$$libshutdown$$00000002  c_w.l(libshutdown2.o)
    0x08000180   0x08000180   0x00000000   Code   RO         1284    .ARM.Collect$$libshutdown$$00000004  c_w.l(libshutdown2.o)
    0x08000180   0x08000180   0x00000000   Code   RO         1286    .ARM.Collect$$libshutdown$$00000006  c_w.l(libshutdown2.o)
    0x08000180   0x08000180   0x00000000   Code   RO         1289    .ARM.Collect$$libshutdown$$00000009  c_w.l(libshutdown2.o)
    0x08000180   0x08000180   0x00000000   Code   RO         1292    .ARM.Collect$$libshutdown$$0000000C  c_w.l(libshutdown2.o)
    0x08000180   0x08000180   0x00000000   Code   RO         1294    .ARM.Collect$$libshutdown$$0000000E  c_w.l(libshutdown2.o)
    0x08000180   0x08000180   0x00000000   Code   RO         1297    .ARM.Collect$$libshutdown$$00000011  c_w.l(libshutdown2.o)
    0x08000180   0x08000180   0x00000002   Code   RO         1298    .ARM.Collect$$libshutdown$$00000012  c_w.l(libshutdown2.o)
    0x08000182   0x08000182   0x00000000   Code   RO         1066    .ARM.Collect$$rtentry$$00000000  c_w.l(__rtentry.o)
    0x08000182   0x08000182   0x00000000   Code   RO         1104    .ARM.Collect$$rtentry$$00000002  c_w.l(__rtentry2.o)
    0x08000182   0x08000182   0x00000006   Code   RO         1116    .ARM.Collect$$rtentry$$00000004  c_w.l(__rtentry4.o)
    0x08000188   0x08000188   0x00000000   Code   RO         1106    .ARM.Collect$$rtentry$$00000009  c_w.l(__rtentry2.o)
    0x08000188   0x08000188   0x00000004   Code   RO         1107    .ARM.Collect$$rtentry$$0000000A  c_w.l(__rtentry2.o)
    0x0800018c   0x0800018c   0x00000000   Code   RO         1109    .ARM.Collect$$rtentry$$0000000C  c_w.l(__rtentry2.o)
    0x0800018c   0x0800018c   0x00000008   Code   RO         1110    .ARM.Collect$$rtentry$$0000000D  c_w.l(__rtentry2.o)
    0x08000194   0x08000194   0x00000002   Code   RO         1242    .ARM.Collect$$rtexit$$00000000  c_w.l(rtexit.o)
    0x08000196   0x08000196   0x00000000   Code   RO         1251    .ARM.Collect$$rtexit$$00000002  c_w.l(rtexit2.o)
    0x08000196   0x08000196   0x00000004   Code   RO         1252    .ARM.Collect$$rtexit$$00000003  c_w.l(rtexit2.o)
    0x0800019a   0x0800019a   0x00000006   Code   RO         1253    .ARM.Collect$$rtexit$$00000004  c_w.l(rtexit2.o)
    0x080001a0   0x080001a0   0x00000040   Code   RO            4    .text               startup_stm32f10x_md.o
    0x080001e0   0x080001e0   0x000000dc   Code   RO           13    .text               misc.o
    0x080002bc   0x080002bc   0x0000035c   Code   RO          397    .text               stm32f10x_gpio.o
    0x08000618   0x08000618   0x00000404   Code   RO          421    .text               stm32f10x_i2c.o
    0x08000a1c   0x08000a1c   0x000003a4   Code   RO          493    .text               stm32f10x_rcc.o
    0x08000dc0   0x08000dc0   0x00000e1a   Code   RO          591    .text               stm32f10x_tim.o
    0x08001bda   0x08001bda   0x00000002   PAD
    0x08001bdc   0x08001bdc   0x00000408   Code   RO          615    .text               stm32f10x_usart.o
    0x08001fe4   0x08001fe4   0x000001e0   Code   RO          670    .text               system_stm32f10x.o
    0x080021c4   0x080021c4   0x00000088   Code   RO          710    .text               delay.o
    0x0800224c   0x0800224c   0x000002bc   Code   RO          737    .text               timer.o
    0x08002508   0x08002508   0x000000c0   Code   RO          764    .text               usart.o
    0x080025c8   0x080025c8   0x00000258   Code   RO          864    .text               hall.o
    0x08002820   0x08002820   0x00000078   Code   RO          900    .text               main.o
    0x08002898   0x08002898   0x00000044   Code   RO          945    .text               stm32f10x_it.o
    0x080028dc   0x080028dc   0x00000002   Code   RO          974    .text               c_w.l(use_no_semi_2.o)
    0x080028de   0x080028de   0x00000002   PAD
    0x080028e0   0x080028e0   0x00000018   Code   RO          978    .text               c_w.l(noretval__2printf.o)
    0x080028f8   0x080028f8   0x0000010e   Code   RO          990    .text               c_w.l(__printf_wp.o)
    0x08002a06   0x08002a06   0x00000006   Code   RO         1004    .text               c_w.l(heapauxi.o)
    0x08002a0c   0x08002a0c   0x00000002   Code   RO         1064    .text               c_w.l(use_no_semi.o)
    0x08002a0e   0x08002a0e   0x0000041e   Code   RO         1069    .text               c_w.l(_printf_fp_dec.o)
    0x08002e2c   0x08002e2c   0x00000024   Code   RO         1071    .text               c_w.l(_printf_char_file.o)
    0x08002e50   0x08002e50   0x00000008   Code   RO         1121    .text               c_w.l(rt_locale_intlibspace.o)
    0x08002e58   0x08002e58   0x0000008a   Code   RO         1128    .text               c_w.l(lludiv10.o)
    0x08002ee2   0x08002ee2   0x00000002   PAD
    0x08002ee4   0x08002ee4   0x00000030   Code   RO         1130    .text               c_w.l(_printf_char_common.o)
    0x08002f14   0x08002f14   0x00000080   Code   RO         1132    .text               c_w.l(_printf_fp_infnan.o)
    0x08002f94   0x08002f94   0x000000e4   Code   RO         1134    .text               c_w.l(bigflt0.o)
    0x08003078   0x08003078   0x00000008   Code   RO         1159    .text               c_w.l(ferror.o)
    0x08003080   0x08003080   0x00000008   Code   RO         1178    .text               c_w.l(libspace.o)
    0x08003088   0x08003088   0x0000004a   Code   RO         1181    .text               c_w.l(sys_stackheap_outer.o)
    0x080030d2   0x080030d2   0x00000012   Code   RO         1185    .text               c_w.l(exit.o)
    0x080030e4   0x080030e4   0x00000080   Code   RO         1187    .text               c_w.l(strcmpv7m.o)
    0x08003164   0x08003164   0x0000003e   Code   RO         1137    CL$$btod_d2e        c_w.l(btod.o)
    0x080031a2   0x080031a2   0x00000046   Code   RO         1139    CL$$btod_d2e_denorm_low  c_w.l(btod.o)
    0x080031e8   0x080031e8   0x00000060   Code   RO         1138    CL$$btod_d2e_norm_op1  c_w.l(btod.o)
    0x08003248   0x08003248   0x00000338   Code   RO         1147    CL$$btod_div_common  c_w.l(btod.o)
    0x08003580   0x08003580   0x000000dc   Code   RO         1144    CL$$btod_e2e        c_w.l(btod.o)
    0x0800365c   0x0800365c   0x0000002a   Code   RO         1141    CL$$btod_ediv       c_w.l(btod.o)
    0x08003686   0x08003686   0x0000002a   Code   RO         1140    CL$$btod_emul       c_w.l(btod.o)
    0x080036b0   0x080036b0   0x00000244   Code   RO         1146    CL$$btod_mult_common  c_w.l(btod.o)
    0x080038f4   0x080038f4   0x00000028   Code   RO         1176    i.__ARM_fpclassify  m_ws.l(fpclassify.o)
    0x0800391c   0x0800391c   0x0000000e   Code   RO          992    i._is_digit         c_w.l(__printf_wp.o)
    0x0800392a   0x0800392a   0x00000002   PAD
    0x0800392c   0x0800392c   0x0000002c   Code   RO         1164    locale$$code        c_w.l(lc_numeric_c.o)
    0x08003958   0x08003958   0x00000062   Code   RO         1008    x$fpl$d2f           fz_ws.l(d2f.o)
    0x080039ba   0x080039ba   0x00000018   Code   RO         1074    x$fpl$dcmpinf       fz_ws.l(dcmpi.o)
    0x080039d2   0x080039d2   0x00000002   PAD
    0x080039d4   0x080039d4   0x00000078   Code   RO         1026    x$fpl$dleqf         fz_ws.l(dleqf.o)
    0x08003a4c   0x08003a4c   0x00000154   Code   RO         1028    x$fpl$dmul          fz_ws.l(dmul.o)
    0x08003ba0   0x08003ba0   0x0000009c   Code   RO         1076    x$fpl$dnaninf       fz_ws.l(dnaninf.o)
    0x08003c3c   0x08003c3c   0x0000000c   Code   RO         1080    x$fpl$dretinf       fz_ws.l(dretinf.o)
    0x08003c48   0x08003c48   0x0000006c   Code   RO         1030    x$fpl$drleqf        fz_ws.l(drleqf.o)
    0x08003cb4   0x08003cb4   0x00000056   Code   RO         1032    x$fpl$f2d           fz_ws.l(f2d.o)
    0x08003d0a   0x08003d0a   0x00000002   PAD
    0x08003d0c   0x08003d0c   0x000000c4   Code   RO         1034    x$fpl$fadd          fz_ws.l(faddsub_clz.o)
    0x08003dd0   0x08003dd0   0x00000018   Code   RO         1170    x$fpl$fcmpinf       fz_ws.l(fcmpi.o)
    0x08003de8   0x08003de8   0x00000184   Code   RO         1041    x$fpl$fdiv          fz_ws.l(fdiv.o)
    0x08003f6c   0x08003f6c   0x00000030   Code   RO         1045    x$fpl$fflt          fz_ws.l(fflt_clz.o)
    0x08003f9c   0x08003f9c   0x00000068   Code   RO         1082    x$fpl$fleqf         fz_ws.l(fleqf.o)
    0x08004004   0x08004004   0x0000008c   Code   RO         1084    x$fpl$fnaninf       fz_ws.l(fnaninf.o)
    0x08004090   0x08004090   0x0000000a   Code   RO         1086    x$fpl$fretinf       fz_ws.l(fretinf.o)
    0x0800409a   0x0800409a   0x00000062   Code   RO         1052    x$fpl$frleqf        fz_ws.l(frleqf.o)
    0x080040fc   0x080040fc   0x000000ea   Code   RO         1036    x$fpl$fsub          fz_ws.l(faddsub_clz.o)
    0x080041e6   0x080041e6   0x00000004   Code   RO         1054    x$fpl$printf1       fz_ws.l(printf1.o)
    0x080041ea   0x080041ea   0x00000000   Code   RO         1088    x$fpl$usenofp       fz_ws.l(usenofp.o)
    0x080041ea   0x080041ea   0x00000008   Data   RO          865    .constdata          hall.o
    0x080041f2   0x080041f2   0x00000002   PAD
    0x080041f4   0x080041f4   0x00000094   Data   RO         1135    .constdata          c_w.l(bigflt0.o)
    0x08004288   0x08004288   0x00000020   Data   RO         1323    Region$$Table       anon$$obj.o
    0x080042a8   0x080042a8   0x0000001c   Data   RO         1163    locale$$data        c_w.l(lc_numeric_c.o)


    Execution Region RW_IRAM1 (Exec base: 0x20000000, Load base: 0x080042c4, Size: 0x000006e8, Max: 0x00005000, ABSOLUTE)

    Exec Addr    Load Addr    Size         Type   Attr      Idx    E Section Name        Object

    0x20000000   0x080042c4   0x00000014   Data   RW          494    .data               stm32f10x_rcc.o
    0x20000014   0x080042d8   0x00000014   Data   RW          671    .data               system_stm32f10x.o
    0x20000028   0x080042ec   0x00000006   Data   RW          766    .data               usart.o
    0x2000002e   0x080042f2   0x00000002   PAD
    0x20000030   0x080042f4   0x0000004c   Data   RW          866    .data               hall.o
    0x2000007c   0x08004340   0x00000004   Data   RW          901    .data               main.o
    0x20000080   0x08004344   0x00000004   Data   RW          946    .data               stm32f10x_it.o
    0x20000084        -       0x00000060   Zero   RW         1179    .bss                c_w.l(libspace.o)
    0x200000e4   0x08004348   0x00000004   PAD
    0x200000e8        -       0x00000200   Zero   RW            2    HEAP                startup_stm32f10x_md.o
    0x200002e8        -       0x00000400   Zero   RW            1    STACK               startup_stm32f10x_md.o


==============================================================================

Image component sizes


      Code (inc. data)   RO Data    RW Data    ZI Data      Debug   Object Name

       136          4          0          0          0        874   delay.o
         0          0          0          0          0       1108   foc.o
       600         98          8         76          0       4622   hall.o
       120         38          0          4          0        734   main.o
       220         22          0          0          0     263329   misc.o
        64         26        236          0       1536        880   startup_stm32f10x_md.o
       860         38          0          0          0       5749   stm32f10x_gpio.o
      1028         16          0          0          0       9243   stm32f10x_i2c.o
        68          8          0          4          0       1659   stm32f10x_it.o
       932         36          0         20          0       8944   stm32f10x_rcc.o
      3610         88          0          0          0      22856   stm32f10x_tim.o
      1032         22          0          0          0       8472   stm32f10x_usart.o
       480         38          0         20          0       1883   system_stm32f10x.o
       700         26          0          0          0       1422   timer.o
       192         10          0          6          0       3001   usart.o

    ----------------------------------------------------------------------
     10044        470        278        132       1536     334776   Object Totals
         0          0         32          0          0          0   (incl. Generated)
         2          0          2          2          0          0   (incl. Padding)

    ----------------------------------------------------------------------

      Code (inc. data)   RO Data    RW Data    ZI Data      Debug   Library Member Name

         8          0          0          0          0         68   __main.o
       284          0          0          0          0        156   __printf_wp.o
         0          0          0          0          0          0   __rtentry.o
        12          0          0          0          0          0   __rtentry2.o
         6          0          0          0          0          0   __rtentry4.o
        52          8          0          0          0          0   __scatter.o
        26          0          0          0          0          0   __scatter_copy.o
        28          0          0          0          0          0   __scatter_zi.o
        48          6          0          0          0         96   _printf_char_common.o
        36          4          0          0          0         80   _printf_char_file.o
         6          0          0          0          0          0   _printf_f.o
      1054          0          0          0          0        216   _printf_fp_dec.o
       128         16          0          0          0         84   _printf_fp_infnan.o
         0          0          0          0          0          0   _printf_percent.o
         4          0          0          0          0          0   _printf_percent_end.o
       228          4        148          0          0         96   bigflt0.o
      1936        128          0          0          0        672   btod.o
        18          0          0          0          0         80   exit.o
         8          0          0          0          0         68   ferror.o
         6          0          0          0          0        152   heapauxi.o
        44         10         28          0          0         76   lc_numeric_c.o
         2          0          0          0          0          0   libinit.o
        18          0          0          0          0          0   libinit2.o
         2          0          0          0          0          0   libshutdown.o
         2          0          0          0          0          0   libshutdown2.o
         8          4          0          0         96         68   libspace.o
       138          0          0          0          0         80   lludiv10.o
        24          4          0          0          0         84   noretval__2printf.o
         8          4          0          0          0         68   rt_locale_intlibspace.o
         2          0          0          0          0          0   rtexit.o
        10          0          0          0          0          0   rtexit2.o
       128          0          0          0          0         68   strcmpv7m.o
        74          0          0          0          0         80   sys_stackheap_outer.o
         2          0          0          0          0         68   use_no_semi.o
         2          0          0          0          0         68   use_no_semi_2.o
        98          4          0          0          0         92   d2f.o
        24          0          0          0          0         68   dcmpi.o
       120          4          0          0          0         92   dleqf.o
       340         12          0          0          0        104   dmul.o
       156          4          0          0          0         92   dnaninf.o
        12          0          0          0          0         68   dretinf.o
       108          0          0          0          0         80   drleqf.o
        86          4          0          0          0         84   f2d.o
       430          8          0          0          0        168   faddsub_clz.o
        24          0          0          0          0         68   fcmpi.o
       388         76          0          0          0         96   fdiv.o
        48          0          0          0          0         68   fflt_clz.o
       104          4          0          0          0         84   fleqf.o
       140          4          0          0          0         84   fnaninf.o
        10          0          0          0          0         68   fretinf.o
        98          0          0          0          0         68   frleqf.o
         4          0          0          0          0         68   printf1.o
         0          0          0          0          0          0   usenofp.o
        40          0          0          0          0         68   fpclassify.o

    ----------------------------------------------------------------------
      6594        308        176          0        100       3948   Library Totals
        12          0          0          0          4          0   (incl. Padding)

    ----------------------------------------------------------------------

      Code (inc. data)   RO Data    RW Data    ZI Data      Debug   Library Name

      4352        188        176          0         96       2428   c_w.l
      2190        120          0          0          0       1452   fz_ws.l
        40          0          0          0          0         68   m_ws.l

    ----------------------------------------------------------------------
      6594        308        176          0        100       3948   Library Totals

    ----------------------------------------------------------------------

==============================================================================


      Code (inc. data)   RO Data    RW Data    ZI Data      Debug   

     16638        778        454        132       1636     335184   Grand Totals
     16638        778        454        132       1636     335184   ELF Image Totals
     16638        778        454        132          0          0   ROM Totals

==============================================================================

    Total RO  Size (Code + RO Data)                17092 (  16.69kB)
    Total RW  Size (RW Data + ZI Data)              1768 (   1.73kB)
    Total ROM Size (Code + RO Data + RW Data)      17224 (  16.82kB)

==============================================================================

