<html>
<body>
<pre>
<h1>µVision Build Log</h1>
<h2>Project:</h2>
D:\1-Study\2-UAB\2-Doctorate\Infineon Contest\Program\STM32\HallSensor\Project\HallSensor.uvproj
Project File Date:  01/01/2023

<h2>Output:</h2>
Rebuild target 'Target 1'
assembling startup_stm32f10x_md.s...
compiling misc.c...
compiling stm32f10x_adc.c...
compiling stm32f10x_bkp.c...
compiling stm32f10x_can.c...
compiling stm32f10x_cec.c...
compiling stm32f10x_crc.c...
compiling stm32f10x_dac.c...
compiling stm32f10x_dbgmcu.c...
compiling stm32f10x_dma.c...
compiling stm32f10x_exti.c...
compiling stm32f10x_flash.c...
compiling stm32f10x_fsmc.c...
compiling stm32f10x_gpio.c...
compiling stm32f10x_i2c.c...
compiling stm32f10x_iwdg.c...
compiling stm32f10x_pwr.c...
compiling stm32f10x_rcc.c...
compiling stm32f10x_rtc.c...
compiling stm32f10x_sdio.c...
compiling stm32f10x_spi.c...
compiling stm32f10x_tim.c...
compiling stm32f10x_usart.c...
compiling stm32f10x_wwdg.c...
compiling core_cm3.c...
compiling system_stm32f10x.c...
compiling main.c...
compiling delay.c...
compiling stm32f10x_it.c...
compiling timer.c...
compiling usart.c...
compiling bldc.c...
compiling foc.c...
compiling utils.c...
linking...
Program Size: Code=25036 RO-data=1684 RW-data=140 ZI-data=1892  
FromELF: creating hex file...
"..\Output\HallSensor.axf" - 0 Errors, 0 Warning(s).
Load "..\\Output\\HallSensor.axf" 
Erase Done.
Programming Done.
Verify OK.
Rebuild target 'Target 1'
assembling startup_stm32f10x_md.s...
compiling misc.c...
compiling stm32f10x_adc.c...
compiling stm32f10x_bkp.c...
compiling stm32f10x_can.c...
compiling stm32f10x_cec.c...
compiling stm32f10x_crc.c...
compiling stm32f10x_dac.c...
compiling stm32f10x_dbgmcu.c...
compiling stm32f10x_dma.c...
compiling stm32f10x_exti.c...
compiling stm32f10x_flash.c...
compiling stm32f10x_fsmc.c...
compiling stm32f10x_gpio.c...
compiling stm32f10x_i2c.c...
compiling stm32f10x_iwdg.c...
compiling stm32f10x_pwr.c...
compiling stm32f10x_rcc.c...
compiling stm32f10x_rtc.c...
compiling stm32f10x_sdio.c...
compiling stm32f10x_spi.c...
compiling stm32f10x_tim.c...
compiling stm32f10x_usart.c...
compiling stm32f10x_wwdg.c...
compiling core_cm3.c...
compiling system_stm32f10x.c...
compiling main.c...
compiling delay.c...
compiling stm32f10x_it.c...
compiling timer.c...
compiling usart.c...
compiling bldc.c...
compiling foc.c...
compiling utils.c...
linking...
Program Size: Code=25076 RO-data=1684 RW-data=144 ZI-data=1888  
FromELF: creating hex file...
"..\Output\HallSensor.axf" - 0 Errors, 0 Warning(s).
Load "..\\Output\\HallSensor.axf" 
Erase Done.
Programming Done.
Verify OK.
Rebuild target 'Target 1'
assembling startup_stm32f10x_md.s...
compiling misc.c...
compiling stm32f10x_adc.c...
compiling stm32f10x_bkp.c...
compiling stm32f10x_can.c...
compiling stm32f10x_cec.c...
compiling stm32f10x_crc.c...
compiling stm32f10x_dac.c...
compiling stm32f10x_dbgmcu.c...
compiling stm32f10x_dma.c...
compiling stm32f10x_exti.c...
compiling stm32f10x_flash.c...
compiling stm32f10x_fsmc.c...
compiling stm32f10x_gpio.c...
compiling stm32f10x_i2c.c...
compiling stm32f10x_iwdg.c...
compiling stm32f10x_pwr.c...
compiling stm32f10x_rcc.c...
compiling stm32f10x_rtc.c...
compiling stm32f10x_sdio.c...
compiling stm32f10x_spi.c...
compiling stm32f10x_tim.c...
compiling stm32f10x_usart.c...
compiling stm32f10x_wwdg.c...
compiling core_cm3.c...
compiling system_stm32f10x.c...
compiling delay.c...
compiling timer.c...
compiling usart.c...
compiling bldc.c...
bldc.c: Error:  #5: cannot open source input file "..\Simple_FOC\bldc.c": No such file or directory
"..\Output\HallSensor.axf" - 1 Errors, 0 Warning(s).
Target not created
Rebuild target 'Target 1'
assembling startup_stm32f10x_md.s...
compiling misc.c...
compiling stm32f10x_adc.c...
compiling stm32f10x_bkp.c...
compiling stm32f10x_can.c...
compiling stm32f10x_cec.c...
compiling stm32f10x_crc.c...
compiling stm32f10x_dac.c...
compiling stm32f10x_dbgmcu.c...
compiling stm32f10x_dma.c...
compiling stm32f10x_exti.c...
compiling stm32f10x_flash.c...
compiling stm32f10x_fsmc.c...
compiling stm32f10x_gpio.c...
compiling stm32f10x_i2c.c...
compiling stm32f10x_iwdg.c...
compiling stm32f10x_pwr.c...
compiling stm32f10x_rcc.c...
compiling stm32f10x_rtc.c...
compiling stm32f10x_sdio.c...
compiling stm32f10x_spi.c...
compiling stm32f10x_tim.c...
compiling stm32f10x_usart.c...
compiling stm32f10x_wwdg.c...
compiling core_cm3.c...
compiling system_stm32f10x.c...
compiling delay.c...
compiling timer.c...
compiling usart.c...
compiling bldc.c...
compiling foc.c...
compiling utils.c...
compiling main.c...
compiling stm32f10x_it.c...
linking...
Program Size: Code=25076 RO-data=1684 RW-data=144 ZI-data=1888  
FromELF: creating hex file...
"..\Output\HallSensor.axf" - 0 Errors, 0 Warning(s).
Load "..\\Output\\HallSensor.axf" 
Erase Done.
Programming Done.
Verify OK.
Rebuild target 'Target 1'
assembling startup_stm32f10x_md.s...
compiling misc.c...
compiling stm32f10x_adc.c...
compiling stm32f10x_bkp.c...
compiling stm32f10x_can.c...
compiling stm32f10x_cec.c...
compiling stm32f10x_crc.c...
compiling stm32f10x_dac.c...
compiling stm32f10x_dbgmcu.c...
compiling stm32f10x_dma.c...
compiling stm32f10x_exti.c...
compiling stm32f10x_flash.c...
compiling stm32f10x_fsmc.c...
compiling stm32f10x_gpio.c...
compiling stm32f10x_i2c.c...
compiling stm32f10x_iwdg.c...
compiling stm32f10x_pwr.c...
compiling stm32f10x_rcc.c...
compiling stm32f10x_rtc.c...
compiling stm32f10x_sdio.c...
compiling stm32f10x_spi.c...
compiling stm32f10x_tim.c...
compiling stm32f10x_usart.c...
compiling stm32f10x_wwdg.c...
compiling core_cm3.c...
compiling system_stm32f10x.c...
compiling delay.c...
compiling timer.c...
compiling usart.c...
compiling bldc.c...
compiling foc.c...
compiling utils.c...
compiling main.c...
compiling stm32f10x_it.c...
linking...
Program Size: Code=25076 RO-data=1684 RW-data=144 ZI-data=1888  
FromELF: creating hex file...
"..\Output\HallSensor.axf" - 0 Errors, 0 Warning(s).
Load "..\\Output\\HallSensor.axf" 
Erase Done.
Programming Done.
Verify OK.
Rebuild target 'Target 1'
assembling startup_stm32f10x_md.s...
compiling misc.c...
compiling stm32f10x_adc.c...
compiling stm32f10x_bkp.c...
compiling stm32f10x_can.c...
compiling stm32f10x_cec.c...
compiling stm32f10x_crc.c...
compiling stm32f10x_dac.c...
compiling stm32f10x_dbgmcu.c...
compiling stm32f10x_dma.c...
compiling stm32f10x_exti.c...
compiling stm32f10x_flash.c...
compiling stm32f10x_fsmc.c...
compiling stm32f10x_gpio.c...
compiling stm32f10x_i2c.c...
compiling stm32f10x_iwdg.c...
compiling stm32f10x_pwr.c...
compiling stm32f10x_rcc.c...
compiling stm32f10x_rtc.c...
compiling stm32f10x_sdio.c...
compiling stm32f10x_spi.c...
compiling stm32f10x_tim.c...
compiling stm32f10x_usart.c...
compiling stm32f10x_wwdg.c...
compiling core_cm3.c...
compiling system_stm32f10x.c...
compiling delay.c...
compiling timer.c...
compiling usart.c...
compiling bldc.c...
compiling foc.c...
compiling utils.c...
compiling main.c...
compiling stm32f10x_it.c...
linking...
Program Size: Code=25076 RO-data=1684 RW-data=144 ZI-data=1888  
FromELF: creating hex file...
"..\Output\HallSensor.axf" - 0 Errors, 0 Warning(s).
Load "..\\Output\\HallSensor.axf" 
Erase Done.
Programming Done.
Verify OK.
Build target 'Target 1'
compiling misc.c...
compiling stm32f10x_adc.c...
compiling stm32f10x_bkp.c...
compiling stm32f10x_can.c...
compiling stm32f10x_cec.c...
compiling stm32f10x_crc.c...
compiling stm32f10x_dac.c...
compiling stm32f10x_dbgmcu.c...
compiling stm32f10x_dma.c...
compiling stm32f10x_exti.c...
compiling stm32f10x_flash.c...
compiling stm32f10x_fsmc.c...
compiling stm32f10x_gpio.c...
compiling stm32f10x_i2c.c...
compiling stm32f10x_iwdg.c...
compiling stm32f10x_pwr.c...
compiling stm32f10x_rcc.c...
compiling stm32f10x_rtc.c...
compiling stm32f10x_sdio.c...
compiling stm32f10x_spi.c...
compiling stm32f10x_tim.c...
compiling stm32f10x_usart.c...
compiling stm32f10x_wwdg.c...
compiling core_cm3.c...
compiling system_stm32f10x.c...
compiling delay.c...
compiling timer.c...
compiling usart.c...
compiling bldc.c...
compiling foc.c...
compiling utils.c...
compiling main.c...
compiling stm32f10x_it.c...
linking...
Program Size: Code=25076 RO-data=1684 RW-data=144 ZI-data=1888  
FromELF: creating hex file...
"..\Output\HallSensor.axf" - 0 Errors, 0 Warning(s).
Load "..\\Output\\HallSensor.axf" 
Erase Done.
Programming Done.
Verify OK.
Build target 'Target 1'
compiling main.c...
linking...
Program Size: Code=25076 RO-data=1684 RW-data=144 ZI-data=1888  
FromELF: creating hex file...
"..\Output\HallSensor.axf" - 0 Errors, 0 Warning(s).
Load "..\\Output\\HallSensor.axf" 
Erase Done.
Programming Done.
Verify OK.
Rebuild target 'Target 1'
assembling startup_stm32f10x_md.s...
compiling misc.c...
compiling stm32f10x_adc.c...
compiling stm32f10x_bkp.c...
compiling stm32f10x_can.c...
compiling stm32f10x_cec.c...
compiling stm32f10x_crc.c...
compiling stm32f10x_dac.c...
compiling stm32f10x_dbgmcu.c...
compiling stm32f10x_dma.c...
compiling stm32f10x_exti.c...
compiling stm32f10x_flash.c...
compiling stm32f10x_fsmc.c...
compiling stm32f10x_gpio.c...
compiling stm32f10x_i2c.c...
compiling stm32f10x_iwdg.c...
compiling stm32f10x_pwr.c...
compiling stm32f10x_rcc.c...
compiling stm32f10x_rtc.c...
compiling stm32f10x_sdio.c...
compiling stm32f10x_spi.c...
compiling stm32f10x_tim.c...
compiling stm32f10x_usart.c...
compiling stm32f10x_wwdg.c...
compiling core_cm3.c...
compiling system_stm32f10x.c...
compiling delay.c...
compiling timer.c...
compiling usart.c...
compiling bldc.c...
compiling foc.c...
compiling utils.c...
compiling lowpassfilter.c...
..\Simple_FOC\lowpassfilter.h(7): warning:  #1-D: last line of file ends without a newline
..\Simple_FOC\lowpassfilter.c(15): warning:  #1-D: last line of file ends without a newline
compiling main.c...
compiling stm32f10x_it.c...
linking...
Program Size: Code=25076 RO-data=1684 RW-data=144 ZI-data=1888  
FromELF: creating hex file...
"..\Output\HallSensor.axf" - 0 Errors, 2 Warning(s).
Rebuild target 'Target 1'
assembling startup_stm32f10x_md.s...
compiling misc.c...
compiling stm32f10x_adc.c...
compiling stm32f10x_bkp.c...
compiling stm32f10x_can.c...
compiling stm32f10x_cec.c...
compiling stm32f10x_crc.c...
compiling stm32f10x_dac.c...
compiling stm32f10x_dbgmcu.c...
compiling stm32f10x_dma.c...
compiling stm32f10x_exti.c...
compiling stm32f10x_flash.c...
compiling stm32f10x_fsmc.c...
compiling stm32f10x_gpio.c...
compiling stm32f10x_i2c.c...
compiling stm32f10x_iwdg.c...
compiling stm32f10x_pwr.c...
compiling stm32f10x_rcc.c...
compiling stm32f10x_rtc.c...
compiling stm32f10x_sdio.c...
compiling stm32f10x_spi.c...
compiling stm32f10x_tim.c...
compiling stm32f10x_usart.c...
compiling stm32f10x_wwdg.c...
compiling core_cm3.c...
compiling system_stm32f10x.c...
compiling delay.c...
compiling timer.c...
compiling usart.c...
compiling bldc.c...
compiling foc.c...
compiling utils.c...
compiling lowpassfilter.c...
..\Simple_FOC\lowpassfilter.h(7): warning:  #1-D: last line of file ends without a newline
..\Simple_FOC\lowpassfilter.c(15): warning:  #1-D: last line of file ends without a newline
compiling main.c...
..\Simple_FOC\lowpassfilter.h(7): warning:  #1-D: last line of file ends without a newline
compiling stm32f10x_it.c...
linking...
Program Size: Code=25076 RO-data=1684 RW-data=144 ZI-data=1888  
FromELF: creating hex file...
"..\Output\HallSensor.axf" - 0 Errors, 3 Warning(s).
Rebuild target 'Target 1'
assembling startup_stm32f10x_md.s...
compiling misc.c...
compiling stm32f10x_adc.c...
compiling stm32f10x_bkp.c...
compiling stm32f10x_can.c...
compiling stm32f10x_cec.c...
compiling stm32f10x_crc.c...
compiling stm32f10x_dac.c...
compiling stm32f10x_dbgmcu.c...
compiling stm32f10x_dma.c...
compiling stm32f10x_exti.c...
compiling stm32f10x_flash.c...
compiling stm32f10x_fsmc.c...
compiling stm32f10x_gpio.c...
compiling stm32f10x_i2c.c...
compiling stm32f10x_iwdg.c...
compiling stm32f10x_pwr.c...
compiling stm32f10x_rcc.c...
compiling stm32f10x_rtc.c...
compiling stm32f10x_sdio.c...
compiling stm32f10x_spi.c...
compiling stm32f10x_tim.c...
compiling stm32f10x_usart.c...
compiling stm32f10x_wwdg.c...
compiling core_cm3.c...
compiling system_stm32f10x.c...
compiling delay.c...
compiling timer.c...
compiling usart.c...
compiling bldc.c...
compiling foc.c...
compiling utils.c...
compiling lowpassfilter.c...
compiling pid.c...
compiling main.c...
compiling stm32f10x_it.c...
linking...
Program Size: Code=25076 RO-data=1684 RW-data=144 ZI-data=1888  
FromELF: creating hex file...
"..\Output\HallSensor.axf" - 0 Errors, 0 Warning(s).
Rebuild target 'Target 1'
assembling startup_stm32f10x_md.s...
compiling misc.c...
compiling stm32f10x_adc.c...
compiling stm32f10x_bkp.c...
compiling stm32f10x_can.c...
compiling stm32f10x_cec.c...
compiling stm32f10x_crc.c...
compiling stm32f10x_dac.c...
compiling stm32f10x_dbgmcu.c...
compiling stm32f10x_dma.c...
compiling stm32f10x_exti.c...
compiling stm32f10x_flash.c...
compiling stm32f10x_fsmc.c...
compiling stm32f10x_gpio.c...
compiling stm32f10x_i2c.c...
compiling stm32f10x_iwdg.c...
compiling stm32f10x_pwr.c...
compiling stm32f10x_rcc.c...
compiling stm32f10x_rtc.c...
compiling stm32f10x_sdio.c...
compiling stm32f10x_spi.c...
compiling stm32f10x_tim.c...
compiling stm32f10x_usart.c...
compiling stm32f10x_wwdg.c...
compiling core_cm3.c...
compiling system_stm32f10x.c...
compiling delay.c...
compiling timer.c...
compiling usart.c...
compiling bldc.c...
..\Simple_FOC\hall.h(4): warning:  #1295-D: Deprecated declaration GetSensorAngle - give arg types
..\Simple_FOC\bldc.c(218): error:  #29: expected an expression
..\Simple_FOC\bldc.c(218): error:  #20: identifier "i" is undefined
..\Simple_FOC\bldc.c(226): error:  #29: expected an expression
..\Simple_FOC\bldc.c(336): warning:  #223-D: function "delay" declared implicitly
compiling foc.c...
..\Simple_FOC\hall.h(4): warning:  #1295-D: Deprecated declaration GetSensorAngle - give arg types
..\Simple_FOC\foc.c(49): warning:  #1-D: last line of file ends without a newline
compiling utils.c...
compiling lowpassfilter.c...
compiling pid.c...
..\Simple_FOC\hall.h(4): warning:  #1295-D: Deprecated declaration GetSensorAngle - give arg types
compiling hall.c...
..\Simple_FOC\hall.h(4): warning:  #1295-D: Deprecated declaration GetSensorAngle - give arg types
compiling main.c...
..\Simple_FOC\hall.h(4): warning:  #1295-D: Deprecated declaration GetSensorAngle - give arg types
compiling stm32f10x_it.c...
"..\Output\HallSensor.axf" - 3 Errors, 7 Warning(s).
Target not created
Rebuild target 'Target 1'
assembling startup_stm32f10x_md.s...
compiling misc.c...
compiling stm32f10x_adc.c...
compiling stm32f10x_bkp.c...
compiling stm32f10x_can.c...
compiling stm32f10x_cec.c...
compiling stm32f10x_crc.c...
compiling stm32f10x_dac.c...
compiling stm32f10x_dbgmcu.c...
compiling stm32f10x_dma.c...
compiling stm32f10x_exti.c...
compiling stm32f10x_flash.c...
compiling stm32f10x_fsmc.c...
compiling stm32f10x_gpio.c...
compiling stm32f10x_i2c.c...
compiling stm32f10x_iwdg.c...
compiling stm32f10x_pwr.c...
compiling stm32f10x_rcc.c...
compiling stm32f10x_rtc.c...
compiling stm32f10x_sdio.c...
compiling stm32f10x_spi.c...
compiling stm32f10x_tim.c...
compiling stm32f10x_usart.c...
compiling stm32f10x_wwdg.c...
compiling core_cm3.c...
compiling system_stm32f10x.c...
compiling delay.c...
compiling timer.c...
compiling usart.c...
compiling bldc.c...
..\Simple_FOC\hall.h(4): warning:  #1295-D: Deprecated declaration GetSensorAngle - give arg types
..\Simple_FOC\bldc.c(337): warning:  #223-D: function "delay" declared implicitly
compiling foc.c...
..\Simple_FOC\hall.h(4): warning:  #1295-D: Deprecated declaration GetSensorAngle - give arg types
..\Simple_FOC\foc.c(49): warning:  #1-D: last line of file ends without a newline
compiling utils.c...
compiling lowpassfilter.c...
compiling pid.c...
..\Simple_FOC\hall.h(4): warning:  #1295-D: Deprecated declaration GetSensorAngle - give arg types
compiling hall.c...
..\Simple_FOC\hall.h(4): warning:  #1295-D: Deprecated declaration GetSensorAngle - give arg types
compiling main.c...
..\Simple_FOC\hall.h(4): warning:  #1295-D: Deprecated declaration GetSensorAngle - give arg types
compiling stm32f10x_it.c...
linking...
..\Output\HallSensor.axf: Error: L6218E: Undefined symbol GetSensorAngle (referred from bldc.o).
..\Output\HallSensor.axf: Error: L6218E: Undefined symbol delay (referred from bldc.o).
..\Output\HallSensor.axf: Error: L6218E: Undefined symbol GetSensorVelocity (referred from foc.o).
..\Output\HallSensor.axf: Error: L6218E: Undefined symbol Lowpassfilter (referred from foc.o).
"..\Output\HallSensor.axf" - 4 Errors, 7 Warning(s).
Target not created
Rebuild target 'Target 1'
assembling startup_stm32f10x_md.s...
compiling misc.c...
compiling stm32f10x_adc.c...
compiling stm32f10x_bkp.c...
compiling stm32f10x_can.c...
compiling stm32f10x_cec.c...
compiling stm32f10x_crc.c...
compiling stm32f10x_dac.c...
compiling stm32f10x_dbgmcu.c...
compiling stm32f10x_dma.c...
compiling stm32f10x_exti.c...
compiling stm32f10x_flash.c...
compiling stm32f10x_fsmc.c...
compiling stm32f10x_gpio.c...
compiling stm32f10x_i2c.c...
compiling stm32f10x_iwdg.c...
compiling stm32f10x_pwr.c...
compiling stm32f10x_rcc.c...
compiling stm32f10x_rtc.c...
compiling stm32f10x_sdio.c...
compiling stm32f10x_spi.c...
compiling stm32f10x_tim.c...
compiling stm32f10x_usart.c...
compiling stm32f10x_wwdg.c...
compiling core_cm3.c...
compiling system_stm32f10x.c...
compiling delay.c...
compiling timer.c...
compiling usart.c...
compiling bldc.c...
..\Simple_FOC\hall.h(4): warning:  #1295-D: Deprecated declaration GetSensorAngle - give arg types
compiling foc.c...
..\Simple_FOC\hall.h(4): warning:  #1295-D: Deprecated declaration GetSensorAngle - give arg types
..\Simple_FOC\foc.c(49): warning:  #1-D: last line of file ends without a newline
compiling utils.c...
compiling lowpassfilter.c...
compiling pid.c...
..\Simple_FOC\hall.h(4): warning:  #1295-D: Deprecated declaration GetSensorAngle - give arg types
compiling hall.c...
..\Simple_FOC\hall.h(4): warning:  #1295-D: Deprecated declaration GetSensorAngle - give arg types
compiling main.c...
..\Simple_FOC\hall.h(4): warning:  #1295-D: Deprecated declaration GetSensorAngle - give arg types
compiling stm32f10x_it.c...
linking...
..\Output\HallSensor.axf: Error: L6218E: Undefined symbol GetSensorAngle (referred from bldc.o).
..\Output\HallSensor.axf: Error: L6218E: Undefined symbol GetSensorVelocity (referred from foc.o).
..\Output\HallSensor.axf: Error: L6218E: Undefined symbol Lowpassfilter (referred from foc.o).
"..\Output\HallSensor.axf" - 3 Errors, 6 Warning(s).
Target not created
Rebuild target 'Target 1'
assembling startup_stm32f10x_md.s...
compiling misc.c...
compiling stm32f10x_adc.c...
compiling stm32f10x_bkp.c...
compiling stm32f10x_can.c...
compiling stm32f10x_cec.c...
compiling stm32f10x_crc.c...
compiling stm32f10x_dac.c...
compiling stm32f10x_dbgmcu.c...
compiling stm32f10x_dma.c...
compiling stm32f10x_exti.c...
compiling stm32f10x_flash.c...
compiling stm32f10x_fsmc.c...
compiling stm32f10x_gpio.c...
compiling stm32f10x_i2c.c...
compiling stm32f10x_iwdg.c...
compiling stm32f10x_pwr.c...
compiling stm32f10x_rcc.c...
compiling stm32f10x_rtc.c...
compiling stm32f10x_sdio.c...
compiling stm32f10x_spi.c...
compiling stm32f10x_tim.c...
compiling stm32f10x_usart.c...
compiling stm32f10x_wwdg.c...
compiling core_cm3.c...
compiling system_stm32f10x.c...
compiling delay.c...
compiling timer.c...
compiling usart.c...
compiling bldc.c...
..\Simple_FOC\hall.h(4): warning:  #1295-D: Deprecated declaration GetSensorAngle - give arg types
compiling foc.c...
..\Simple_FOC\hall.h(4): warning:  #1295-D: Deprecated declaration GetSensorAngle - give arg types
..\Simple_FOC\foc.c(42): warning:  #223-D: function "lowpassfilter" declared implicitly
..\Simple_FOC\foc.c(49): warning:  #1-D: last line of file ends without a newline
compiling utils.c...
compiling lowpassfilter.c...
compiling pid.c...
..\Simple_FOC\hall.h(4): warning:  #1295-D: Deprecated declaration GetSensorAngle - give arg types
compiling hall.c...
..\Simple_FOC\hall.h(4): warning:  #1295-D: Deprecated declaration GetSensorAngle - give arg types
compiling main.c...
..\Simple_FOC\hall.h(4): warning:  #1295-D: Deprecated declaration GetSensorAngle - give arg types
compiling stm32f10x_it.c...
linking...
..\Output\HallSensor.axf: Error: L6218E: Undefined symbol GetSensorAngle (referred from bldc.o).
..\Output\HallSensor.axf: Error: L6218E: Undefined symbol GetSensorVelocity (referred from foc.o).
"..\Output\HallSensor.axf" - 2 Errors, 7 Warning(s).
Target not created
Rebuild target 'Target 1'
assembling startup_stm32f10x_md.s...
compiling misc.c...
compiling stm32f10x_adc.c...
compiling stm32f10x_bkp.c...
compiling stm32f10x_can.c...
compiling stm32f10x_cec.c...
compiling stm32f10x_crc.c...
compiling stm32f10x_dac.c...
compiling stm32f10x_dbgmcu.c...
compiling stm32f10x_dma.c...
compiling stm32f10x_exti.c...
compiling stm32f10x_flash.c...
compiling stm32f10x_fsmc.c...
compiling stm32f10x_gpio.c...
compiling stm32f10x_i2c.c...
compiling stm32f10x_iwdg.c...
compiling stm32f10x_pwr.c...
compiling stm32f10x_rcc.c...
compiling stm32f10x_rtc.c...
compiling stm32f10x_sdio.c...
compiling stm32f10x_spi.c...
compiling stm32f10x_tim.c...
compiling stm32f10x_usart.c...
compiling stm32f10x_wwdg.c...
compiling core_cm3.c...
compiling system_stm32f10x.c...
compiling delay.c...
compiling timer.c...
compiling usart.c...
compiling bldc.c...
..\Simple_FOC\hall.h(4): warning:  #1295-D: Deprecated declaration GetSensorAngle - give arg types
compiling foc.c...
..\Simple_FOC\hall.h(4): warning:  #1295-D: Deprecated declaration GetSensorAngle - give arg types
..\Simple_FOC\foc.c(49): warning:  #1-D: last line of file ends without a newline
compiling utils.c...
compiling lowpassfilter.c...
compiling pid.c...
..\Simple_FOC\hall.h(4): warning:  #1295-D: Deprecated declaration GetSensorAngle - give arg types
compiling hall.c...
..\Simple_FOC\hall.h(4): warning:  #1295-D: Deprecated declaration GetSensorAngle - give arg types
compiling main.c...
..\Simple_FOC\hall.h(4): warning:  #1295-D: Deprecated declaration GetSensorAngle - give arg types
compiling stm32f10x_it.c...
linking...
..\Output\HallSensor.axf: Error: L6218E: Undefined symbol GetSensorAngle (referred from bldc.o).
..\Output\HallSensor.axf: Error: L6218E: Undefined symbol GetSensorVelocity (referred from foc.o).
"..\Output\HallSensor.axf" - 2 Errors, 6 Warning(s).
Target not created
Rebuild target 'Target 1'
assembling startup_stm32f10x_md.s...
compiling misc.c...
compiling stm32f10x_adc.c...
compiling stm32f10x_bkp.c...
compiling stm32f10x_can.c...
compiling stm32f10x_cec.c...
compiling stm32f10x_crc.c...
compiling stm32f10x_dac.c...
compiling stm32f10x_dbgmcu.c...
compiling stm32f10x_dma.c...
compiling stm32f10x_exti.c...
compiling stm32f10x_flash.c...
compiling stm32f10x_fsmc.c...
compiling stm32f10x_gpio.c...
compiling stm32f10x_i2c.c...
compiling stm32f10x_iwdg.c...
compiling stm32f10x_pwr.c...
compiling stm32f10x_rcc.c...
compiling stm32f10x_rtc.c...
compiling stm32f10x_sdio.c...
compiling stm32f10x_spi.c...
compiling stm32f10x_tim.c...
compiling stm32f10x_usart.c...
compiling stm32f10x_wwdg.c...
compiling core_cm3.c...
compiling system_stm32f10x.c...
compiling delay.c...
compiling timer.c...
compiling usart.c...
compiling bldc.c...
compiling foc.c...
..\Simple_FOC\foc.c(49): warning:  #1-D: last line of file ends without a newline
compiling utils.c...
compiling lowpassfilter.c...
compiling pid.c...
compiling hall.c...
compiling main.c...
compiling stm32f10x_it.c...
linking...
..\Output\HallSensor.axf: Error: L6218E: Undefined symbol GetSensorAngle (referred from bldc.o).
..\Output\HallSensor.axf: Error: L6218E: Undefined symbol GetSensorVelocity (referred from foc.o).
"..\Output\HallSensor.axf" - 2 Errors, 1 Warning(s).
Target not created
Rebuild target 'Target 1'
assembling startup_stm32f10x_md.s...
compiling misc.c...
compiling stm32f10x_adc.c...
compiling stm32f10x_bkp.c...
compiling stm32f10x_can.c...
compiling stm32f10x_cec.c...
compiling stm32f10x_crc.c...
compiling stm32f10x_dac.c...
compiling stm32f10x_dbgmcu.c...
compiling stm32f10x_dma.c...
compiling stm32f10x_exti.c...
compiling stm32f10x_flash.c...
compiling stm32f10x_fsmc.c...
compiling stm32f10x_gpio.c...
compiling stm32f10x_i2c.c...
compiling stm32f10x_iwdg.c...
compiling stm32f10x_pwr.c...
compiling stm32f10x_rcc.c...
compiling stm32f10x_rtc.c...
compiling stm32f10x_sdio.c...
compiling stm32f10x_spi.c...
compiling stm32f10x_tim.c...
compiling stm32f10x_usart.c...
compiling stm32f10x_wwdg.c...
compiling core_cm3.c...
compiling system_stm32f10x.c...
compiling delay.c...
compiling timer.c...
compiling usart.c...
compiling bldc.c...
compiling foc.c...
compiling utils.c...
compiling lowpassfilter.c...
compiling pid.c...
compiling hall.c...
compiling main.c...
compiling stm32f10x_it.c...
linking...
..\Output\HallSensor.axf: Error: L6218E: Undefined symbol GetSensorAngle (referred from bldc.o).
..\Output\HallSensor.axf: Error: L6218E: Undefined symbol GetSensorVelocity (referred from foc.o).
"..\Output\HallSensor.axf" - 2 Errors, 0 Warning(s).
Target not created
Rebuild target 'Target 1'
assembling startup_stm32f10x_md.s...
compiling misc.c...
compiling stm32f10x_adc.c...
compiling stm32f10x_bkp.c...
compiling stm32f10x_can.c...
compiling stm32f10x_cec.c...
compiling stm32f10x_crc.c...
compiling stm32f10x_dac.c...
compiling stm32f10x_dbgmcu.c...
compiling stm32f10x_dma.c...
compiling stm32f10x_exti.c...
compiling stm32f10x_flash.c...
compiling stm32f10x_fsmc.c...
compiling stm32f10x_gpio.c...
compiling stm32f10x_i2c.c...
compiling stm32f10x_iwdg.c...
compiling stm32f10x_pwr.c...
compiling stm32f10x_rcc.c...
compiling stm32f10x_rtc.c...
compiling stm32f10x_sdio.c...
compiling stm32f10x_spi.c...
compiling stm32f10x_tim.c...
compiling stm32f10x_usart.c...
compiling stm32f10x_wwdg.c...
compiling core_cm3.c...
compiling system_stm32f10x.c...
compiling delay.c...
compiling timer.c...
compiling usart.c...
compiling bldc.c...
compiling foc.c...
compiling utils.c...
compiling lowpassfilter.c...
compiling pid.c...
compiling hall.c...
compiling main.c...
compiling stm32f10x_it.c...
linking...
Program Size: Code=27968 RO-data=1688 RW-data=196 ZI-data=1892  
FromELF: creating hex file...
"..\Output\HallSensor.axf" - 0 Errors, 0 Warning(s).
Rebuild target 'Target 1'
assembling startup_stm32f10x_md.s...
compiling misc.c...
compiling stm32f10x_adc.c...
compiling stm32f10x_bkp.c...
compiling stm32f10x_can.c...
compiling stm32f10x_cec.c...
compiling stm32f10x_crc.c...
compiling stm32f10x_dac.c...
compiling stm32f10x_dbgmcu.c...
compiling stm32f10x_dma.c...
compiling stm32f10x_exti.c...
compiling stm32f10x_flash.c...
compiling stm32f10x_fsmc.c...
compiling stm32f10x_gpio.c...
compiling stm32f10x_i2c.c...
compiling stm32f10x_iwdg.c...
compiling stm32f10x_pwr.c...
compiling stm32f10x_rcc.c...
compiling stm32f10x_rtc.c...
compiling stm32f10x_sdio.c...
compiling stm32f10x_spi.c...
compiling stm32f10x_tim.c...
compiling stm32f10x_usart.c...
compiling stm32f10x_wwdg.c...
compiling core_cm3.c...
compiling system_stm32f10x.c...
compiling delay.c...
compiling timer.c...
..\User\timer.c(93): warning:  #550-D: variable "TIM_ICInitStructure" was set but never used
..\User\timer.c(94): warning:  #177-D: variable "NVIC_InitStructure" was declared but never referenced
compiling usart.c...
compiling bldc.c...
compiling foc.c...
compiling utils.c...
compiling lowpassfilter.c...
compiling pid.c...
compiling hall.c...
compiling main.c...
compiling stm32f10x_it.c...
linking...
Program Size: Code=28044 RO-data=1684 RW-data=196 ZI-data=1892  
FromELF: creating hex file...
"..\Output\HallSensor.axf" - 0 Errors, 2 Warning(s).
Load "..\\Output\\HallSensor.axf" 
Erase Done.
Programming Done.
Verify OK.
Rebuild target 'Target 1'
assembling startup_stm32f10x_md.s...
compiling misc.c...
compiling stm32f10x_adc.c...
compiling stm32f10x_bkp.c...
compiling stm32f10x_can.c...
compiling stm32f10x_cec.c...
compiling stm32f10x_crc.c...
compiling stm32f10x_dac.c...
compiling stm32f10x_dbgmcu.c...
compiling stm32f10x_dma.c...
compiling stm32f10x_exti.c...
compiling stm32f10x_flash.c...
compiling stm32f10x_fsmc.c...
compiling stm32f10x_gpio.c...
compiling stm32f10x_i2c.c...
compiling stm32f10x_iwdg.c...
compiling stm32f10x_pwr.c...
compiling stm32f10x_rcc.c...
compiling stm32f10x_rtc.c...
compiling stm32f10x_sdio.c...
compiling stm32f10x_spi.c...
compiling stm32f10x_tim.c...
compiling stm32f10x_usart.c...
compiling stm32f10x_wwdg.c...
compiling core_cm3.c...
compiling system_stm32f10x.c...
compiling delay.c...
compiling timer.c...
..\User\timer.c(93): warning:  #550-D: variable "TIM_ICInitStructure" was set but never used
..\User\timer.c(94): warning:  #177-D: variable "NVIC_InitStructure" was declared but never referenced
compiling usart.c...
compiling bldc.c...
compiling foc.c...
compiling utils.c...
compiling lowpassfilter.c...
compiling pid.c...
compiling hall.c...
compiling main.c...
compiling stm32f10x_it.c...
linking...
Program Size: Code=28032 RO-data=1688 RW-data=196 ZI-data=1892  
FromELF: creating hex file...
"..\Output\HallSensor.axf" - 0 Errors, 2 Warning(s).
Load "..\\Output\\HallSensor.axf" 
Erase Done.
Programming Done.
Verify OK.
Rebuild target 'Target 1'
assembling startup_stm32f10x_md.s...
compiling misc.c...
compiling stm32f10x_adc.c...
compiling stm32f10x_bkp.c...
compiling stm32f10x_can.c...
compiling stm32f10x_cec.c...
compiling stm32f10x_crc.c...
compiling stm32f10x_dac.c...
compiling stm32f10x_dbgmcu.c...
compiling stm32f10x_dma.c...
compiling stm32f10x_exti.c...
compiling stm32f10x_flash.c...
compiling stm32f10x_fsmc.c...
compiling stm32f10x_gpio.c...
compiling stm32f10x_i2c.c...
compiling stm32f10x_iwdg.c...
compiling stm32f10x_pwr.c...
compiling stm32f10x_rcc.c...
compiling stm32f10x_rtc.c...
compiling stm32f10x_sdio.c...
compiling stm32f10x_spi.c...
compiling stm32f10x_tim.c...
compiling stm32f10x_usart.c...
compiling stm32f10x_wwdg.c...
compiling core_cm3.c...
compiling system_stm32f10x.c...
compiling delay.c...
compiling timer.c...
..\User\timer.c(93): warning:  #550-D: variable "TIM_ICInitStructure" was set but never used
..\User\timer.c(94): warning:  #177-D: variable "NVIC_InitStructure" was declared but never referenced
compiling usart.c...
compiling bldc.c...
compiling foc.c...
compiling utils.c...
compiling lowpassfilter.c...
compiling pid.c...
compiling hall.c...
compiling main.c...
compiling stm32f10x_it.c...
linking...
Program Size: Code=28032 RO-data=1688 RW-data=196 ZI-data=1892  
FromELF: creating hex file...
"..\Output\HallSensor.axf" - 0 Errors, 2 Warning(s).
Load "..\\Output\\HallSensor.axf" 
Erase Done.
Programming Done.
Verify OK.
Build target 'Target 1'
compiling timer.c...
..\User\timer.c(93): warning:  #550-D: variable "TIM_ICInitStructure" was set but never used
..\User\timer.c(94): warning:  #177-D: variable "NVIC_InitStructure" was declared but never referenced
compiling hall.c...
linking...
Program Size: Code=28032 RO-data=1688 RW-data=196 ZI-data=1892  
FromELF: creating hex file...
"..\Output\HallSensor.axf" - 0 Errors, 2 Warning(s).
Load "..\\Output\\HallSensor.axf" 
Erase Done.
Programming Done.
Verify OK.
Build target 'Target 1'
compiling timer.c...
..\User\timer.c(93): warning:  #550-D: variable "TIM_ICInitStructure" was set but never used
..\User\timer.c(94): warning:  #177-D: variable "NVIC_InitStructure" was declared but never referenced
linking...
Program Size: Code=28032 RO-data=1688 RW-data=196 ZI-data=1892  
FromELF: creating hex file...
"..\Output\HallSensor.axf" - 0 Errors, 2 Warning(s).
Load "..\\Output\\HallSensor.axf" 
Erase Done.
Programming Done.
Verify OK.
Build target 'Target 1'
compiling timer.c...
..\User\timer.c(93): warning:  #550-D: variable "TIM_ICInitStructure" was set but never used
..\User\timer.c(94): warning:  #177-D: variable "NVIC_InitStructure" was declared but never referenced
linking...
Program Size: Code=28032 RO-data=1688 RW-data=196 ZI-data=1892  
FromELF: creating hex file...
"..\Output\HallSensor.axf" - 0 Errors, 2 Warning(s).
Load "..\\Output\\HallSensor.axf" 
Erase Done.
Programming Done.
Verify OK.
Build target 'Target 1'
compiling timer.c...
..\User\timer.c(93): warning:  #550-D: variable "TIM_ICInitStructure" was set but never used
..\User\timer.c(94): warning:  #177-D: variable "NVIC_InitStructure" was declared but never referenced
linking...
Program Size: Code=28032 RO-data=1688 RW-data=196 ZI-data=1892  
FromELF: creating hex file...
"..\Output\HallSensor.axf" - 0 Errors, 2 Warning(s).
Load "..\\Output\\HallSensor.axf" 
Erase Done.
Programming Done.
Verify OK.
Rebuild target 'Target 1'
assembling startup_stm32f10x_md.s...
compiling misc.c...
compiling stm32f10x_adc.c...
compiling stm32f10x_bkp.c...
compiling stm32f10x_can.c...
compiling stm32f10x_cec.c...
compiling stm32f10x_crc.c...
compiling stm32f10x_dac.c...
compiling stm32f10x_dbgmcu.c...
compiling stm32f10x_dma.c...
compiling stm32f10x_exti.c...
compiling stm32f10x_flash.c...
compiling stm32f10x_fsmc.c...
compiling stm32f10x_gpio.c...
compiling stm32f10x_i2c.c...
compiling stm32f10x_iwdg.c...
compiling stm32f10x_pwr.c...
compiling stm32f10x_rcc.c...
compiling stm32f10x_rtc.c...
compiling stm32f10x_sdio.c...
compiling stm32f10x_spi.c...
compiling stm32f10x_tim.c...
compiling stm32f10x_usart.c...
compiling stm32f10x_wwdg.c...
compiling core_cm3.c...
compiling system_stm32f10x.c...
compiling delay.c...
compiling timer.c...
..\User\timer.c(93): warning:  #550-D: variable "TIM_ICInitStructure" was set but never used
..\User\timer.c(94): warning:  #177-D: variable "NVIC_InitStructure" was declared but never referenced
compiling usart.c...
compiling bldc.c...
compiling foc.c...
compiling utils.c...
compiling lowpassfilter.c...
compiling pid.c...
compiling hall.c...
compiling main.c...
compiling stm32f10x_it.c...
linking...
Program Size: Code=28032 RO-data=1688 RW-data=196 ZI-data=1892  
FromELF: creating hex file...
"..\Output\HallSensor.axf" - 0 Errors, 2 Warning(s).
Load "..\\Output\\HallSensor.axf" 
Erase Done.
Programming Done.
Verify OK.
Rebuild target 'Target 1'
assembling startup_stm32f10x_md.s...
compiling misc.c...
compiling stm32f10x_adc.c...
compiling stm32f10x_bkp.c...
compiling stm32f10x_can.c...
compiling stm32f10x_cec.c...
compiling stm32f10x_crc.c...
compiling stm32f10x_dac.c...
compiling stm32f10x_dbgmcu.c...
compiling stm32f10x_dma.c...
compiling stm32f10x_exti.c...
compiling stm32f10x_flash.c...
compiling stm32f10x_fsmc.c...
compiling stm32f10x_gpio.c...
compiling stm32f10x_i2c.c...
compiling stm32f10x_iwdg.c...
compiling stm32f10x_pwr.c...
compiling stm32f10x_rcc.c...
compiling stm32f10x_rtc.c...
compiling stm32f10x_sdio.c...
compiling stm32f10x_spi.c...
compiling stm32f10x_tim.c...
compiling stm32f10x_usart.c...
compiling stm32f10x_wwdg.c...
compiling core_cm3.c...
compiling system_stm32f10x.c...
compiling delay.c...
compiling timer.c...
compiling usart.c...
compiling bldc.c...
compiling foc.c...
compiling utils.c...
compiling lowpassfilter.c...
compiling pid.c...
compiling hall.c...
..\Simple_FOC\hall.c(10): warning:  #550-D: parameter "hall_u" was set but never used
..\Simple_FOC\hall.c(10): warning:  #550-D: parameter "hall_v" was set but never used
..\Simple_FOC\hall.c(10): warning:  #550-D: parameter "hall_w" was set but never used
compiling main.c...
compiling stm32f10x_it.c...
linking...
..\Output\HallSensor.axf: Error: L6200E: Symbol TIM4_IRQHandler multiply defined (by stm32f10x_it.o and timer.o).
"..\Output\HallSensor.axf" - 1 Errors, 3 Warning(s).
Target not created
Rebuild target 'Target 1'
assembling startup_stm32f10x_md.s...
compiling misc.c...
compiling stm32f10x_adc.c...
compiling stm32f10x_bkp.c...
compiling stm32f10x_can.c...
compiling stm32f10x_cec.c...
compiling stm32f10x_crc.c...
compiling stm32f10x_dac.c...
compiling stm32f10x_dbgmcu.c...
compiling stm32f10x_dma.c...
compiling stm32f10x_exti.c...
compiling stm32f10x_flash.c...
compiling stm32f10x_fsmc.c...
compiling stm32f10x_gpio.c...
compiling stm32f10x_i2c.c...
compiling stm32f10x_iwdg.c...
compiling stm32f10x_pwr.c...
compiling stm32f10x_rcc.c...
compiling stm32f10x_rtc.c...
compiling stm32f10x_sdio.c...
compiling stm32f10x_spi.c...
compiling stm32f10x_tim.c...
compiling stm32f10x_usart.c...
compiling stm32f10x_wwdg.c...
compiling core_cm3.c...
compiling system_stm32f10x.c...
compiling delay.c...
compiling timer.c...
compiling usart.c...
compiling bldc.c...
compiling foc.c...
compiling utils.c...
compiling lowpassfilter.c...
compiling pid.c...
compiling hall.c...
..\Simple_FOC\hall.c(10): warning:  #550-D: parameter "hall_u" was set but never used
..\Simple_FOC\hall.c(10): warning:  #550-D: parameter "hall_v" was set but never used
..\Simple_FOC\hall.c(10): warning:  #550-D: parameter "hall_w" was set but never used
compiling main.c...
compiling stm32f10x_it.c...
linking...
..\Output\HallSensor.axf: Error: L6200E: Symbol TIM4_IRQHandler multiply defined (by stm32f10x_it.o and timer.o).
"..\Output\HallSensor.axf" - 1 Errors, 3 Warning(s).
Target not created
Build target 'Target 1'
compiling timer.c...
linking...
Program Size: Code=28972 RO-data=1684 RW-data=216 ZI-data=1888  
FromELF: creating hex file...
"..\Output\HallSensor.axf" - 0 Errors, 0 Warning(s).
Rebuild target 'Target 1'
assembling startup_stm32f10x_md.s...
compiling misc.c...
compiling stm32f10x_adc.c...
compiling stm32f10x_bkp.c...
compiling stm32f10x_can.c...
compiling stm32f10x_cec.c...
compiling stm32f10x_crc.c...
compiling stm32f10x_dac.c...
compiling stm32f10x_dbgmcu.c...
compiling stm32f10x_dma.c...
compiling stm32f10x_exti.c...
compiling stm32f10x_flash.c...
compiling stm32f10x_fsmc.c...
compiling stm32f10x_gpio.c...
compiling stm32f10x_i2c.c...
compiling stm32f10x_iwdg.c...
compiling stm32f10x_pwr.c...
compiling stm32f10x_rcc.c...
compiling stm32f10x_rtc.c...
compiling stm32f10x_sdio.c...
compiling stm32f10x_spi.c...
compiling stm32f10x_tim.c...
compiling stm32f10x_usart.c...
compiling stm32f10x_wwdg.c...
compiling core_cm3.c...
compiling system_stm32f10x.c...
compiling delay.c...
compiling timer.c...
compiling usart.c...
compiling bldc.c...
compiling foc.c...
compiling utils.c...
compiling lowpassfilter.c...
compiling pid.c...
compiling hall.c...
..\Simple_FOC\hall.c(10): warning:  #550-D: parameter "hall_u" was set but never used
..\Simple_FOC\hall.c(10): warning:  #550-D: parameter "hall_v" was set but never used
..\Simple_FOC\hall.c(10): warning:  #550-D: parameter "hall_w" was set but never used
compiling main.c...
compiling stm32f10x_it.c...
linking...
Program Size: Code=28972 RO-data=1684 RW-data=216 ZI-data=1888  
FromELF: creating hex file...
"..\Output\HallSensor.axf" - 0 Errors, 3 Warning(s).
Load "..\\Output\\HallSensor.axf" 
Erase Done.
Programming Done.
Verify OK.
Rebuild target 'Target 1'
assembling startup_stm32f10x_md.s...
compiling misc.c...
compiling stm32f10x_adc.c...
compiling stm32f10x_bkp.c...
compiling stm32f10x_can.c...
compiling stm32f10x_cec.c...
compiling stm32f10x_crc.c...
compiling stm32f10x_dac.c...
compiling stm32f10x_dbgmcu.c...
compiling stm32f10x_dma.c...
compiling stm32f10x_exti.c...
compiling stm32f10x_flash.c...
compiling stm32f10x_fsmc.c...
compiling stm32f10x_gpio.c...
compiling stm32f10x_i2c.c...
compiling stm32f10x_iwdg.c...
compiling stm32f10x_pwr.c...
compiling stm32f10x_rcc.c...
compiling stm32f10x_rtc.c...
compiling stm32f10x_sdio.c...
compiling stm32f10x_spi.c...
compiling stm32f10x_tim.c...
compiling stm32f10x_usart.c...
compiling stm32f10x_wwdg.c...
compiling core_cm3.c...
compiling system_stm32f10x.c...
compiling delay.c...
compiling timer.c...
compiling usart.c...
compiling bldc.c...
compiling foc.c...
compiling utils.c...
compiling lowpassfilter.c...
compiling pid.c...
compiling hall.c...
..\Simple_FOC\hall.c(10): warning:  #550-D: parameter "hall_u" was set but never used
..\Simple_FOC\hall.c(10): warning:  #550-D: parameter "hall_v" was set but never used
..\Simple_FOC\hall.c(10): warning:  #550-D: parameter "hall_w" was set but never used
compiling main.c...
compiling stm32f10x_it.c...
linking...
Program Size: Code=28984 RO-data=1688 RW-data=216 ZI-data=1888  
FromELF: creating hex file...
"..\Output\HallSensor.axf" - 0 Errors, 3 Warning(s).
Load "..\\Output\\HallSensor.axf" 
Erase Done.
Programming Done.
Verify OK.
Rebuild target 'Target 1'
assembling startup_stm32f10x_md.s...
compiling misc.c...
compiling stm32f10x_adc.c...
compiling stm32f10x_bkp.c...
compiling stm32f10x_can.c...
compiling stm32f10x_cec.c...
compiling stm32f10x_crc.c...
compiling stm32f10x_dac.c...
compiling stm32f10x_dbgmcu.c...
compiling stm32f10x_dma.c...
compiling stm32f10x_exti.c...
compiling stm32f10x_flash.c...
compiling stm32f10x_fsmc.c...
compiling stm32f10x_gpio.c...
compiling stm32f10x_i2c.c...
compiling stm32f10x_iwdg.c...
compiling stm32f10x_pwr.c...
compiling stm32f10x_rcc.c...
compiling stm32f10x_rtc.c...
compiling stm32f10x_sdio.c...
compiling stm32f10x_spi.c...
compiling stm32f10x_tim.c...
compiling stm32f10x_usart.c...
compiling stm32f10x_wwdg.c...
compiling core_cm3.c...
compiling system_stm32f10x.c...
compiling delay.c...
compiling timer.c...
compiling usart.c...
compiling bldc.c...
compiling foc.c...
compiling utils.c...
compiling lowpassfilter.c...
compiling pid.c...
compiling hall.c...
..\Simple_FOC\hall.c(10): warning:  #550-D: parameter "hall_u" was set but never used
..\Simple_FOC\hall.c(10): warning:  #550-D: parameter "hall_v" was set but never used
..\Simple_FOC\hall.c(10): warning:  #550-D: parameter "hall_w" was set but never used
compiling main.c...
compiling stm32f10x_it.c...
linking...
Program Size: Code=28984 RO-data=1688 RW-data=216 ZI-data=1888  
FromELF: creating hex file...
"..\Output\HallSensor.axf" - 0 Errors, 3 Warning(s).
Load "..\\Output\\HallSensor.axf" 
Erase Done.
Programming Done.
Verify OK.
